Component: ARM Compiler 5.06 update 6 (build 750) Tool: armlink [4d35ed]

==============================================================================

Section Cross References

    osal_blesmartperipheral.o(i.osalInitTasks) refers to peripheral.o(i.GAPRole_Init) for GAPRole_Init
    osal_blesmartperipheral.o(i.osalInitTasks) refers to gattservapp.o(i.GATTServApp_Init) for GATTServApp_Init
    osal_blesmartperipheral.o(i.osalInitTasks) refers to systems_parameters.o(i.systems_parameters_Init) for systems_parameters_Init
    osal_blesmartperipheral.o(i.osalInitTasks) refers to blesmartperipheral.o(i.bleSmartPeripheral_Init) for bleSmartPeripheral_Init
    osal_blesmartperipheral.o(i.osalInitTasks) refers to protocol_uart.o(i.protocol_uart_Init) for protocol_uart_Init
    osal_blesmartperipheral.o(i.osalInitTasks) refers to light.o(i.light_Init) for light_Init
    osal_blesmartperipheral.o(i.osalInitTasks) refers to command_center.o(i.command_center_Init) for command_center_Init
    osal_blesmartperipheral.o(i.osalInitTasks) refers to user_watchdog.o(i.userWatchDogInit) for userWatchDogInit
    osal_blesmartperipheral.o(i.osalInitTasks) refers to osal_blesmartperipheral.o(.data) for .data
    osal_blesmartperipheral.o(.constdata) refers to peripheral.o(i.GAPRole_ProcessEvent) for GAPRole_ProcessEvent
    osal_blesmartperipheral.o(.constdata) refers to gattservapp.o(i.GATTServApp_ProcessEvent) for GATTServApp_ProcessEvent
    osal_blesmartperipheral.o(.constdata) refers to blesmartperipheral.o(i.bleSmartPeripheral_ProcessEvent) for bleSmartPeripheral_ProcessEvent
    osal_blesmartperipheral.o(.constdata) refers to protocol_uart.o(i.protocol_uart_ProcessEvent) for protocol_uart_ProcessEvent
    osal_blesmartperipheral.o(.constdata) refers to light.o(i.light_ProcessEvent) for light_ProcessEvent
    osal_blesmartperipheral.o(.constdata) refers to command_center.o(i.command_center_ProcessEvent) for command_center_ProcessEvent
    osal_blesmartperipheral.o(.constdata) refers to user_watchdog.o(i.userWatchDogProcessEvent) for userWatchDogProcessEvent
    blesmartperipheral.o(i.GAP_GetConnetInt) refers to systems_parameters.o(i.systems_param_Get_param) for systems_param_Get_param
    blesmartperipheral.o(i.GAP_GetadvInt) refers to systems_parameters.o(i.systems_param_Get_param) for systems_param_Get_param
    blesmartperipheral.o(i.GetgapProfileState) refers to blesmartperipheral.o(.data) for .data
    blesmartperipheral.o(i.bleSmartPeripheral_Init) refers to memseta.o(.text) for __aeabi_memclr4
    blesmartperipheral.o(i.bleSmartPeripheral_Init) refers to systems_parameters.o(i.systems_param_Get_param) for systems_param_Get_param
    blesmartperipheral.o(i.bleSmartPeripheral_Init) refers to peripheral.o(i.GAPRole_SetParameter) for GAPRole_SetParameter
    blesmartperipheral.o(i.bleSmartPeripheral_Init) refers to blesmartperipheral.o(i.GAP_GetadvInt) for GAP_GetadvInt
    blesmartperipheral.o(i.bleSmartPeripheral_Init) refers to blesmartperipheral.o(i.GAP_GetConnetInt) for GAP_GetConnetInt
    blesmartperipheral.o(i.bleSmartPeripheral_Init) refers to gapgattserver.o(i.GGS_SetParameter) for GGS_SetParameter
    blesmartperipheral.o(i.bleSmartPeripheral_Init) refers to gapgattserver.o(i.GGS_AddService) for GGS_AddService
    blesmartperipheral.o(i.bleSmartPeripheral_Init) refers to battservice.o(i.Batt_AddService) for Batt_AddService
    blesmartperipheral.o(i.bleSmartPeripheral_Init) refers to devinfoservice.o(i.DevInfo_AddService) for DevInfo_AddService
    blesmartperipheral.o(i.bleSmartPeripheral_Init) refers to simplegattprofile.o(i.SimpleProfile_AddService) for SimpleProfile_AddService
    blesmartperipheral.o(i.bleSmartPeripheral_Init) refers to simplegattprofile.o(i.SimpleProfile_RegisterAppCBs) for SimpleProfile_RegisterAppCBs
    blesmartperipheral.o(i.bleSmartPeripheral_Init) refers to ota_app_service.o(i.ota_app_AddService) for ota_app_AddService
    blesmartperipheral.o(i.bleSmartPeripheral_Init) refers to keys.o(i.keys_RegisterDebounceCBs) for keys_RegisterDebounceCBs
    blesmartperipheral.o(i.bleSmartPeripheral_Init) refers to blesmartperipheral.o(.data) for .data
    blesmartperipheral.o(i.bleSmartPeripheral_ProcessEvent) refers to peripheral.o(i.GAPRole_StartDevice) for GAPRole_StartDevice
    blesmartperipheral.o(i.bleSmartPeripheral_ProcessEvent) refers to keys.o(i.keys_Debounce_Handle) for keys_Debounce_Handle
    blesmartperipheral.o(i.bleSmartPeripheral_ProcessEvent) refers to blesmartperipheral.o(.data) for .data
    blesmartperipheral.o(i.peripheralStateNotificationCB) refers to peripheral.o(i.GAPRole_GetParameter) for GAPRole_GetParameter
    blesmartperipheral.o(i.peripheralStateNotificationCB) refers to systems_parameters.o(i.systems_param_Set_param) for systems_param_Set_param
    blesmartperipheral.o(i.peripheralStateNotificationCB) refers to memseta.o(.text) for __aeabi_memclr4
[...]
    updateBrightnessDisplay                  0x1ffff76d   Thumb Code    72  display.o(i.updateBrightnessDisplay)
    updateColor                              0x1ffff7b5   Thumb Code    78  user_color.o(i.updateColor)
    updateColorTemp                          0x1ffff809   Thumb Code   212  light.o(i.updateColorTemp)
    updateColorTempDisplay                   0x1ffff8f9   Thumb Code    32  display.o(i.updateColorTempDisplay)
    updateHotDisplay                         0x1ffff919   Thumb Code    60  display.o(i.updateHotDisplay)
    updateHuesDisplay                        0x1ffff959   Thumb Code    80  display.o(i.updateHuesDisplay)
    updateLightEffectDisplay                 0x1ffff9a9   Thumb Code    22  display.o(i.updateLightEffectDisplay)
    updatePWMDuty                            0x1ffff9c1   Thumb Code    36  user_color.o(i.updatePWMDuty)
    updateRGBLamp                            0x1ffff9e9   Thumb Code    76  light.o(i.updateRGBLamp)
    updateSaturationDisplay                  0x1ffffa49   Thumb Code    56  display.o(i.updateSaturationDisplay)
    updateSystemStts                         0x1ffffa81   Thumb Code     6  command_center.o(i.updateSystemStts)
    usbAbsSubUint16                          0x1ffffa8d   Thumb Code    14  adc.o(i.usbAbsSubUint16)
    userWatchDogInit                         0x1ffffa9b   Thumb Code     2  user_watchdog.o(i.userWatchDogInit)
    userWatchDogProcessEvent                 0x1ffffa9d   Thumb Code     8  user_watchdog.o(i.userWatchDogProcessEvent)
    user_print_hex                           0x1ffffaa5   Thumb Code    52  my_printf.o(i.user_print_hex)
    writeFlashData                           0x1ffffaf1   Thumb Code    24  user_flash.o(i.writeFlashData)
    tasksArr                                 0x1ffffb70   Data          52  osal_blesmartperipheral.o(.constdata)
    tasksCnt                                 0x1ffffba4   Data           1  osal_blesmartperipheral.o(.constdata)
    CCT_STRING                               0x1ffffc24   Data           3  display.o(.constdata)
    MLM_STRING                               0x1ffffc27   Data           3  display.o(.constdata)
    HSI_STRING                               0x1ffffc2a   Data           3  display.o(.constdata)
    EMPTY_STRING                             0x1ffffc2d   Data           4  display.o(.constdata)
    TEMP_ERROR                               0x1ffffc31   Data           4  display.o(.constdata)
    VOLT_ERROR                               0x1ffffc35   Data           4  display.o(.constdata)
    F8X16                                    0x1ffffc39   Data        1456  display.o(.constdata)
    Hzk                                      0x200001e9   Data        3328  display.o(.constdata)
    table_temperature                        0x20000efc   Data         176  light.o(.constdata)
    table_res                                0x20000fac   Data         104  temp.o(.constdata)
    GradualEffect1StyleCTimeArray            0x20001014   Data           1  user_lighteffect.o(.constdata)
    GradualEffect2StyleATimeArray            0x20001015   Data           1  user_lighteffect.o(.constdata)
    GradualEffect2StyleBTimeArray            0x20001016   Data           1  user_lighteffect.o(.constdata)
    GradualEffect2StyleCTimeArray            0x20001017   Data           1  user_lighteffect.o(.constdata)
    customizeOneShotFreqArray                0x20001018   Data           8  user_lighteffect.o(.constdata)
    flashMode1StyleATimerArray               0x20001020   Data           9  user_lighteffect.o(.constdata)
    flashMode1StyleASttsArray                0x20001029   Data           9  user_lighteffect.o(.constdata)
    flashMode1StyleBTimerArray               0x20001032   Data          15  user_lighteffect.o(.constdata)
    flashMode1StyleBSttsArray                0x20001041   Data          15  user_lighteffect.o(.constdata)
    simulationModeStyleATimerArray           0x20001050   Data          20  user_lighteffect.o(.constdata)
    simulationModeStyleASttsArray            0x20001064   Data          20  user_lighteffect.o(.constdata)
    simulationModeStyleBTimerArray           0x20001078   Data          12  user_lighteffect.o(.constdata)
    simulationModeStyleBSttsArray            0x20001084   Data          12  user_lighteffect.o(.constdata)
    simulationModeStyleCTimerArray           0x20001090   Data          12  user_lighteffect.o(.constdata)
    simulationModeStyleCSttsArray            0x2000109c   Data          12  user_lighteffect.o(.constdata)
    saturationArray                          0x200010a8   Data         404  user_color.o(.constdata)
    battServUUID                             0x20001268   Data           2  battservice.o(.constdata)
    battLevelUUID                            0x2000126a   Data           2  battservice.o(.constdata)
    battCBs                                  0x20001274   Data          12  battservice.o(.constdata)
    devInfoServUUID                          0x20001280   Data           2  devinfoservice.o(.constdata)
    devInfoSystemIdUUID                      0x20001282   Data           2  devinfoservice.o(.constdata)
    devInfoModelNumberUUID                   0x20001284   Data           2  devinfoservice.o(.constdata)
    devInfoSerialNumberUUID                  0x20001286   Data           2  devinfoservice.o(.constdata)
    devInfoFirmwareRevUUID                   0x20001288   Data           2  devinfoservice.o(.constdata)
    devInfoHardwareRevUUID                   0x2000128a   Data           2  devinfoservice.o(.constdata)
    devInfoSoftwareRevUUID                   0x2000128c   Data           2  devinfoservice.o(.constdata)
    devInfoMfrNameUUID                       0x2000128e   Data           2  devinfoservice.o(.constdata)
    devInfo11073CertUUID                     0x20001290   Data           2  devinfoservice.o(.constdata)
    devInfoPnpIdUUID                         0x20001292   Data           2  devinfoservice.o(.constdata)
    devInfoCBs                               0x2000129c   Data          12  devinfoservice.o(.constdata)
    gapServiceCBs                            0x200012b0   Data          12  gapgattserver.o(.constdata)
    ota_ServiceUUID                          0x200012c4   Data          16  ota_app_service.o(.constdata)
    ota_CommandUUID                          0x200012d4   Data          16  ota_app_service.o(.constdata)
    ota_ResponseUUID                         0x200012e4   Data          16  ota_app_service.o(.constdata)
    ota_ProfileCBs                           0x200012fc   Data          12  ota_app_service.o(.constdata)
    simpleProfileServUUID                    0x20001308   Data           2  simplegattprofile.o(.constdata)
    simpleProfilechar1UUID                   0x2000130a   Data           2  simplegattprofile.o(.constdata)
    simpleProfilechar2UUID                   0x2000130c   Data           2  simplegattprofile.o(.constdata)
    simpleProfilechar3UUID                   0x2000130e   Data           2  simplegattprofile.o(.constdata)
    simpleProfilechar4UUID                   0x20001310   Data           2  simplegattprofile.o(.constdata)
    simpleProfilechar5UUID                   0x20001312   Data           2  simplegattprofile.o(.constdata)
    simpleProfilechar6UUID                   0x20001314   Data           2  simplegattprofile.o(.constdata)
    simpleProfileCBs                         0x20001320   Data          12  simplegattprofile.o(.constdata)
    Region$$Table$$Base                      0x2000132c   Number         0  anon$$obj.o(Region$$Table)
    Region$$Table$$Limit                     0x2000137c   Number         0  anon$$obj.o(Region$$Table)
    tasksEvents                              0x2000137c   Data           4  osal_blesmartperipheral.o(.data)
    bleSmartPeripheral_TaskID                0x20001381   Data           1  blesmartperipheral.o(.data)
    command_center_TaskID                    0x200013ca   Data           1  command_center.o(.data)
    fullyParams                              0x200013cc   Data           4  command_center.o(.data)
    vAdcErrorTimes                           0x200013d0   Data           1  command_center.o(.data)
    light_TaskID                             0x200013d4   Data           1  light.o(.data)
    fIsLightEffectOn                         0x200013e8   Data           1  user_lighteffect.o(.data)
    vLEDStepCtrlTimeCnt                      0x200013e9   Data           1  user_lighteffect.o(.data)
    fIsRisingNow                             0x200013ea   Data           1  user_lighteffect.o(.data)
    customizeFlashTimeArray                  0x200013eb   Data           1  user_lighteffect.o(.data)
    customizeGradualTimeArray                0x200013ec   Data           1  user_lighteffect.o(.data)
    vCandleIndex                             0x200013ed   Data           1  user_lighteffect.o(.data)
    pLedStruct                               0x200013f0   Data           4  user_lighteffect.o(.data)
    pUserColor                               0x200013f4   Data           4  user_lighteffect.o(.data)
    vTemperatureCoe                          0x200013f8   Data           4  user_color.o(.data)
    protocol_uart_TaskID                     0x200013fc   Data           1  protocol_uart.o(.data)
    put_char_size                            0x20001408   Data           2  my_printf.o(.data)
    s_pinmap                                 0x20001410   Data           9  adc.o(.data)
    gapRole_AdvEnabled                       0x2000164c   Data           1  peripheral.o(.data)
    gapRole_AdvEventType                     0x20001654   Data           1  peripheral.o(.data)
    appTaskID                                0x200016d4   Data           1  gattservapp.o(.data)
    GATTServApp_TaskID                       0x200016d6   Data           1  gattservapp.o(.data)
    s_reboot_flg                             0x20001738   Data           1  ota_app_service.o(.data)
    s_ota_app                                0x20001739   Data           7  ota_app_service.o(.data)
    SystemCoreClock                          0x20001960   Data           4  system_armcm0.o(.data)
    llModeLast                               0x20001964   Data           1  patch.o(.data)
    pGlobal_config                           0x20001968   Data           4  patch.o(.data)
    g_stop_scan_t0                           0x2000196c   Data           4  patch.o(.data)
    g_stop_scan_t1                           0x20001970   Data           4  patch.o(.data)
    g_stop_scan_t1_err                       0x20001974   Data           4  patch.o(.data)
    g_stop_scan_pending_ms                   0x20001978   Data           4  patch.o(.data)
    g_rfPhyClkSel                            0x2000197c   Data           1  patch.o(.data)
    g_chipMAddr                              0x2000197d   Data           7  flash_ext.o(.data)
    __stdout                                 0x20001984   Data           4  stdout.o(.data)
    __microlib_freelist                      0x20001988   Data           4  mvars.o(.data)
    __microlib_freelist_initialised          0x2000198c   Data           4  mvars.o(.data)
    battInfo                                 0x20001a0c   Data          52  command_center.o(.bss)
    displayParams                            0x20001a40   Data          36  display.o(.bss)
    color                                    0x20001a74   Data          20  light.o(.bss)
    LedStruct                                0x20001a88   Data          32  user_lighteffect.o(.bss)
    pcaDataStruct                            0x20001aa8   Data          10  user_lighteffect.o(.bss)
    oriCustomizePwmDataStruct                0x20001ab2   Data          10  user_lighteffect.o(.bss)
    userColor                                0x20001abc   Data          20  user_lighteffect.o(.bss)
    put_char                                 0x2000213c   Data         120  my_printf.o(.bss)
    g_largeHeap                              0x2000326c   Data        6144  main.o(.bss)
    llModeDbg                                0x20004a6c   Data          16  patch.o(.bss)
    g_chipId                                 0x20004a7c   Data          65  flash_ext.o(.bss)
    __heap_base                              0x20004ac0   Data           0  startup_armcm0.o(HEAP)
    __heap_limit                             0x20004bc0   Data           0  startup_armcm0.o(HEAP)
    __initial_sp                             0x200053c0   Data           0  startup_armcm0.o(STACK)



==============================================================================

Memory Map of the image

  Image Entry point : 0x1fff48c1

  Load Region LR_IROM1 (Base: 0x1fff4800, Size: 0x0000d190, Max: 0x0001b7ff, ABSOLUTE, COMPRESSED[0x0000cd80])

    Execution Region ER_IROM1 (Exec base: 0x1fff4800, Load base: 0x1fff4800, Size: 0x00010bc0, Max: 0x0001b7ff, ABSOLUTE, COMPRESSED[0x00000204])

    Exec Addr    Load Addr    Size         Type   Attr      Idx    E Section Name        Object

    0x1fff4800   0x1fff4800   0x000000c0   Data   RO         4082    RESET               startup_armcm0.o
    0x1fff48c0   0x1fff48c0   0x00000000   Code   RO         4324  * .ARM.Collect$$$$00000000  mc_p.l(entry.o)
    0x1fff48c0   0x1fff48c0   0x00000004   Code   RO         4660    .ARM.Collect$$$$00000001  mc_p.l(entry2.o)
    0x1fff48c4   0x1fff48c4   0x00000004   Code   RO         4663    .ARM.Collect$$$$00000004  mc_p.l(entry5.o)
    0x1fff48c8   0x1fff48c8   0x00000000   Code   RO         4665    .ARM.Collect$$$$00000008  mc_p.l(entry7b.o)
    0x1fff48c8   0x1fff48c8   0x00000000   Code   RO         4667    .ARM.Collect$$$$0000000A  mc_p.l(entry8b.o)
    0x1fff48c8   0x1fff48c8   0x00000008   Code   RO         4668    .ARM.Collect$$$$0000000B  mc_p.l(entry9a.o)
    0x1fff48d0   0x1fff48d0   0x00000000   Code   RO         4670    .ARM.Collect$$$$0000000D  mc_p.l(entry10a.o)
    0x1fff48d0   0x1fff48d0   0x00000000   Code   RO         4672    .ARM.Collect$$$$0000000F  mc_p.l(entry11a.o)
    0x1fff48d0   0x1fff48d0   0x00000004   Code   RO         4661    .ARM.Collect$$$$00002712  mc_p.l(entry2.o)
    0x1fff48d4   0x1fff48d4   0x0000001c   Code   RO         4083    .text               startup_armcm0.o
    0x1fff48f0   0x1fff48f0   0x00000024   Code   RO         4327    .text               mc_p.l(memcpya.o)
    0x1fff4914   0x1fff4914   0x00000024   Code   RO         4329    .text               mc_p.l(memseta.o)
    0x1fff4938   0x1fff4938   0x00000014   Code   RO         4622    .text               mc_p.l(uread4.o)
    0x1fff494c   0x1fff494c   0x000000b2   Code   RO         4624    .text               mf_p.l(fadd.o)
    0x1fff49fe   0x1fff49fe   0x0000007a   Code   RO         4626    .text               mf_p.l(fmul.o)
    0x1fff4a78   0x1fff4a78   0x0000007c   Code   RO         4628    .text               mf_p.l(fdiv.o)
    0x1fff4af4   0x1fff4af4   0x00000018   Code   RO         4630    .text               mf_p.l(fscalb.o)
    0x1fff4b0c   0x1fff4b0c   0x00000164   Code   RO         4632    .text               mf_p.l(dadd.o)
    0x1fff4c70   0x1fff4c70   0x000000d0   Code   RO         4634    .text               mf_p.l(dmul.o)
    0x1fff4d40   0x1fff4d40   0x000000f0   Code   RO         4636    .text               mf_p.l(ddiv.o)
    0x1fff4e30   0x1fff4e30   0x0000002c   Code   RO         4638    .text               mf_p.l(dscalb.o)
    0x1fff4e5c   0x1fff4e5c   0x00000016   Code   RO         4640    .text               mf_p.l(fflti.o)
    0x1fff4e72   0x1fff4e72   0x0000000e   Code   RO         4642    .text               mf_p.l(ffltui.o)
    0x1fff4e80   0x1fff4e80   0x00000028   Code   RO         4644    .text               mf_p.l(dflti.o)
    0x1fff4ea8   0x1fff4ea8   0x0000001c   Code   RO         4646    .text               mf_p.l(dfltui.o)
    0x1fff4ec4   0x1fff4ec4   0x00000028   Code   RO         4648    .text               mf_p.l(ffixui.o)
    0x1fff4eec   0x1fff4eec   0x0000003c   Code   RO         4650    .text               mf_p.l(dfixui.o)
    0x1fff4f28   0x1fff4f28   0x00000028   Code   RO         4652    .text               mf_p.l(f2d.o)
    0x1fff4f50   0x1fff4f50   0x00000038   Code   RO         4654    .text               mf_p.l(d2f.o)
    0x1fff4f88   0x1fff4f88   0x00000014   Code   RO         4656    .text               mf_p.l(cfcmple.o)
    0x1fff4f9c   0x1fff4f9c   0x00000014   Code   RO         4658    .text               mf_p.l(cfrcmple.o)
    0x1fff4fb0   0x1fff4fb0   0x00000060   Code   RO         4677    .text               mc_p.l(uldiv.o)
    0x1fff5010   0x1fff5010   0x00000020   Code   RO         4679    .text               mc_p.l(llshl.o)
    0x1fff5030   0x1fff5030   0x00000022   Code   RO         4681    .text               mc_p.l(llushr.o)
    0x1fff5052   0x1fff5052   0x00000026   Code   RO         4683    .text               mc_p.l(llsshr.o)
    0x1fff5078   0x1fff5078   0x00000000   Code   RO         4687    .text               mc_p.l(iusefp.o)
    0x1fff5078   0x1fff5078   0x00000082   Code   RO         4688    .text               mf_p.l(fepilogue.o)
    0x1fff50fa   0x1fff50fa   0x000000be   Code   RO         4690    .text               mf_p.l(depilogue.o)
    0x1fff51b8   0x1fff51b8   0x00000024   Code   RO         4698    .text               mc_p.l(init.o)
    0x1fff51dc   0x1fff51dc   0x00000000   Code   RO         4700    .text               mc_p.l(semi.o)
    0x1fff51dc   0x1fff51dc   0x00000000   Code   RO         4701    .text               mc_p.l(iusesemip.o)
    0x1fff51dc   0x1fff51dc   0x00000056   Code   RO         4710    .text               mc_p.l(__dczerorl2.o)
    0x1fff5232   COMPRESSED   0x00000002   PAD
    0x1fff5234   0x1fff5234   0x0000000c   Ven    RO         4712    Veneer$$Code        anon$$obj.o
    0x1fff5240   0x1fff5240   0x0000000c   Ven    RO         4713    Veneer$$Code        anon$$obj.o
    0x1fff524c   0x1fff524c   0x0000000c   Ven    RO         4714    Veneer$$Code        anon$$obj.o
    0x1fff5258   0x1fff5258   0x0000000c   Ven    RO         4715    Veneer$$Code        anon$$obj.o
    0x1fff5264   0x1fff5264   0x0000000c   Ven    RO         4716    Veneer$$Code        anon$$obj.o
    0x1fff5270   0x1fff5270   0x0000000c   Ven    RO         4717    Veneer$$Code        anon$$obj.o
    0x1fff527c   0x1fff527c   0x0000000c   Ven    RO         4718    Veneer$$Code        anon$$obj.o
    0x1fff5288   0x1fff5288   0x0000000c   Ven    RO         4719    Veneer$$Code        anon$$obj.o
    0x1fff5294   0x1fff5294   0x0000000c   Ven    RO         4720    Veneer$$Code        anon$$obj.o
    0x1fff52a0   0x1fff52a0   0x0000000c   Ven    RO         4721    Veneer$$Code        anon$$obj.o
    0x1fff52ac   0x1fff52ac   0x0000000c   Ven    RO         4722    Veneer$$Code        anon$$obj.o
    0x1fff52b8   0x1fff52b8   0x0000000c   Ven    RO         4723    Veneer$$Code        anon$$obj.o
    0x1fff52c4   0x1fff52c4   0x0000000c   Ven    RO         4724    Veneer$$Code        anon$$obj.o
    0x1fff52d0   0x1fff52d0   0x0000000c   Ven    RO         4725    Veneer$$Code        anon$$obj.o
    0x1fff52dc   0x1fff52dc   0x0000000c   Ven    RO         4726    Veneer$$Code        anon$$obj.o
    0x1fff52e8   0x1fff52e8   0x0000000c   Ven    RO         4727    Veneer$$Code        anon$$obj.o
    0x1fff52f4   0x1fff52f4   0x0000000c   Ven    RO         4728    Veneer$$Code        anon$$obj.o
    0x1fff5300   0x1fff5300   0x0000000c   Ven    RO         4729    Veneer$$Code        anon$$obj.o
    0x1fff530c   0x1fff530c   0x0000000c   Ven    RO         4730    Veneer$$Code        anon$$obj.o
    0x1fff5318   0x1fff5318   0x0000000c   Ven    RO         4731    Veneer$$Code        anon$$obj.o
    0x1fff5324   0x1fff5324   0x0000000c   Ven    RO         4732    Veneer$$Code        anon$$obj.o
    0x1fff5330   0x1fff5330   0x0000000c   Ven    RO         4733    Veneer$$Code        anon$$obj.o
    0x1fff533c   0x1fff533c   0x0000000c   Ven    RO         4734    Veneer$$Code        anon$$obj.o
    0x1fff5348   0x1fff5348   0x0000000c   Ven    RO         4735    Veneer$$Code        anon$$obj.o
    0x1fff5354   0x1fff5354   0x0000000c   Ven    RO         4736    Veneer$$Code        anon$$obj.o
    0x1fff5360   0x1fff5360   0x0000000c   Ven    RO         4737    Veneer$$Code        anon$$obj.o
    0x1fff536c   0x1fff536c   0x0000000c   Ven    RO         4738    Veneer$$Code        anon$$obj.o
    0x1fff5378   0x1fff5378   0x0000000c   Ven    RO         4739    Veneer$$Code        anon$$obj.o
    0x1fff5384   0x1fff5384   0x0000000c   Ven    RO         4740    Veneer$$Code        anon$$obj.o
    0x1fff5390   0x1fff5390   0x0000000c   Ven    RO         4741    Veneer$$Code        anon$$obj.o
    0x1fff539c   0x1fff539c   0x0000000c   Ven    RO         4742    Veneer$$Code        anon$$obj.o
    0x1fff53a8   0x1fff53a8   0x0000000c   Ven    RO         4743    Veneer$$Code        anon$$obj.o
    0x1fff53b4   0x1fff53b4   0x0000000c   Ven    RO         4744    Veneer$$Code        anon$$obj.o
    0x1fff53c0   0x1fff53c0   0x0000000c   Ven    RO         4745    Veneer$$Code        anon$$obj.o
    0x1fff53cc   0x1fff53cc   0x0000000c   Ven    RO         4746    Veneer$$Code        anon$$obj.o
    0x1fff53d8   0x1fff53d8   0x0000000c   Ven    RO         4747    Veneer$$Code        anon$$obj.o
    0x1fff53e4   0x1fff53e4   0x0000000c   Ven    RO         4748    Veneer$$Code        anon$$obj.o
    0x1fff53f0   0x1fff53f0   0x0000000c   Ven    RO         4749    Veneer$$Code        anon$$obj.o
    0x1fff53fc   0x1fff53fc   0x0000000c   Ven    RO         4750    Veneer$$Code        anon$$obj.o
    0x1fff5408   0x1fff5408   0x0000000c   Ven    RO         4751    Veneer$$Code        anon$$obj.o
    0x1fff5414   0x1fff5414   0x0000000c   Ven    RO         4752    Veneer$$Code        anon$$obj.o
    0x1fff5420   0x1fff5420   0x0000000c   Ven    RO         4753    Veneer$$Code        anon$$obj.o
    0x1fff542c   0x1fff542c   0x0000000c   Ven    RO         4754    Veneer$$Code        anon$$obj.o
    0x1fff5438   0x1fff5438   0x0000000c   Ven    RO         4755    Veneer$$Code        anon$$obj.o
    0x1fff5444   0x1fff5444   0x0000000c   Ven    RO         4756    Veneer$$Code        anon$$obj.o
    0x1fff5450   0x1fff5450   0x0000000c   Ven    RO         4757    Veneer$$Code        anon$$obj.o
    0x1fff545c   0x1fff545c   0x0000000c   Ven    RO         4758    Veneer$$Code        anon$$obj.o
    0x1fff5468   0x1fff5468   0x0000000c   Ven    RO         4759    Veneer$$Code        anon$$obj.o
    0x1fff5474   0x1fff5474   0x0000000c   Ven    RO         4760    Veneer$$Code        anon$$obj.o
    0x1fff5480   0x1fff5480   0x0000000c   Ven    RO         4761    Veneer$$Code        anon$$obj.o
    0x1fff548c   0x1fff548c   0x0000000c   Ven    RO         4762    Veneer$$Code        anon$$obj.o
    0x1fff5498   0x1fff5498   0x0000000c   Ven    RO         4763    Veneer$$Code        anon$$obj.o
    0x1fff54a4   0x1fff54a4   0x0000000c   Ven    RO         4764    Veneer$$Code        anon$$obj.o
    0x1fff54b0   0x1fff54b0   0x0000000c   Ven    RO         4765    Veneer$$Code        anon$$obj.o
    0x1fff54bc   0x1fff54bc   0x0000000c   Ven    RO         4766    Veneer$$Code        anon$$obj.o
    0x1fff54c8   0x1fff54c8   0x0000000c   Ven    RO         4767    Veneer$$Code        anon$$obj.o
    0x1fff54d4   0x1fff54d4   0x0000000c   Ven    RO         4768    Veneer$$Code        anon$$obj.o
    0x1fff54e0   0x1fff54e0   0x0000000c   Ven    RO         4769    Veneer$$Code        anon$$obj.o
    0x1fff54ec   0x1fff54ec   0x0000000c   Ven    RO         4770    Veneer$$Code        anon$$obj.o
    0x1fff54f8   0x1fff54f8   0x0000000c   Ven    RO         4771    Veneer$$Code        anon$$obj.o
    0x1fff5504   0x1fff5504   0x0000000c   Ven    RO         4772    Veneer$$Code        anon$$obj.o
    0x1fff5510   0x1fff5510   0x0000000c   Ven    RO         4773    Veneer$$Code        anon$$obj.o
    0x1fff551c   0x1fff551c   0x0000000c   Ven    RO         4774    Veneer$$Code        anon$$obj.o
    0x1fff5528   0x1fff5528   0x0000000c   Ven    RO         4775    Veneer$$Code        anon$$obj.o
    0x1fff5534   0x1fff5534   0x0000000c   Ven    RO         4776    Veneer$$Code        anon$$obj.o
    0x1fff5540   0x1fff5540   0x0000000c   Ven    RO         4777    Veneer$$Code        anon$$obj.o
    0x1fff554c   0x1fff554c   0x0000000c   Ven    RO         4778    Veneer$$Code        anon$$obj.o
    0x1fff5558   0x1fff5558   0x0000000c   Ven    RO         4779    Veneer$$Code        anon$$obj.o
    0x1fff5564   0x1fff5564   0x0000000c   Ven    RO         4780    Veneer$$Code        anon$$obj.o
    0x1fff5570   0x1fff5570   0x0000000c   Ven    RO         4781    Veneer$$Code        anon$$obj.o
    0x1fff557c   0x1fff557c   0x0000000c   Ven    RO         4782    Veneer$$Code        anon$$obj.o
    0x1fff5588   0x1fff5588   0x0000000c   Ven    RO         4783    Veneer$$Code        anon$$obj.o
    0x1fff5594   0x1fff5594   0x0000000c   Ven    RO         4784    Veneer$$Code        anon$$obj.o
    0x1fff55a0   0x1fff55a0   0x0000000c   Ven    RO         4785    Veneer$$Code        anon$$obj.o
    0x1fff55ac   0x1fff55ac   0x0000000c   Ven    RO         4786    Veneer$$Code        anon$$obj.o
    0x1fff55b8   0x1fff55b8   0x0000000c   Ven    RO         4787    Veneer$$Code        anon$$obj.o
    0x1fff55c4   0x1fff55c4   0x0000000c   Ven    RO         4788    Veneer$$Code        anon$$obj.o
    0x1fff55d0   0x1fff55d0   0x0000000c   Ven    RO         4789    Veneer$$Code        anon$$obj.o
    0x1fff55dc   0x1fff55dc   0x0000000c   Ven    RO         4790    Veneer$$Code        anon$$obj.o
    0x1fff55e8   0x1fff55e8   0x0000000c   Ven    RO         4791    Veneer$$Code        anon$$obj.o
    0x1fff55f4   0x1fff55f4   0x0000000c   Ven    RO         4792    Veneer$$Code        anon$$obj.o
    0x1fff5600   0x1fff5600   0x0000000c   Ven    RO         4793    Veneer$$Code        anon$$obj.o
    0x1fff560c   0x1fff560c   0x0000000c   Ven    RO         4794    Veneer$$Code        anon$$obj.o
    0x1fff5618   0x1fff5618   0x0000000c   Ven    RO         4795    Veneer$$Code        anon$$obj.o
    0x1fff5624   0x1fff5624   0x0000000c   Ven    RO         4796    Veneer$$Code        anon$$obj.o
    0x1fff5630   0x1fff5630   0x0000000c   Ven    RO         4797    Veneer$$Code        anon$$obj.o
    0x1fff563c   0x1fff563c   0x0000000c   Ven    RO         4798    Veneer$$Code        anon$$obj.o
    0x1fff5648   0x1fff5648   0x0000000c   Ven    RO         4799    Veneer$$Code        anon$$obj.o
    0x1fff5654   0x1fff5654   0x0000000c   Ven    RO         4800    Veneer$$Code        anon$$obj.o
    0x1fff5660   0x1fff5660   0x0000000c   Ven    RO         4801    Veneer$$Code        anon$$obj.o
    0x1fff566c   0x1fff566c   0x00000024   Code   RO         2894    i.Batt_AddService   battservice.o
    0x1fff5690   0x1fff5690   0x000000dc   Code   RO          464    i.CCS_DATATRANSFER_PROCESS  command_center.o
    0x1fff576c   0x1fff576c   0x0000024c   Code   RO          465    i.CCS_EventsPro_TestMode  command_center.o
    0x1fff59b8   0x1fff59b8   0x0000000c   Code   RO          466    i.CCS_GET_BLE_Status  command_center.o
    0x1fff59c4   0x1fff59c4   0x00000010   Code   RO          467    i.CCS_GET_ChargeStatus  command_center.o
    0x1fff59d4   0x1fff59d4   0x0000000c   Code   RO          468    i.CCS_GET_HOTDISPLAYSTATUS  command_center.o
    0x1fff59e0   0x1fff59e0   0x00000054   Code   RO          470    i.CCS_NotifyStatus  command_center.o
    0x1fff5a34   0x1fff5a34   0x000001a0   Code   RO          471    i.CCS_SIMPLEGATT_DATA_PROCESS  command_center.o
    0x1fff5bd4   0x1fff5bd4   0x000000b4   Code   RO          472    i.CCS_Systems_off   command_center.o
    0x1fff5c88   0x1fff5c88   0x000000f4   Code   RO          473    i.CCS_Systems_on    command_center.o
    0x1fff5d7c   0x1fff5d7c   0x000002f0   Code   RO          474    i.CCS_keysChange_handle  command_center.o
    0x1fff606c   0x1fff606c   0x00000018   Code   RO         2978    i.DevInfo_AddService  devinfoservice.o
    0x1fff6084   0x1fff6084   0x00000050   Code   RO         1096    i.FallingAndRising  user_lighteffect.o
    0x1fff60d4   0x1fff60d4   0x00000140   Code   RO         3212    i.GAPBondMgr_LinkEst  gapbondmgr.o
    0x1fff6214   0x1fff6214   0x000000b4   Code   RO         3217    i.GAPBondMgr_ResolveAddr  gapbondmgr.o
    0x1fff62c8   0x1fff62c8   0x000000e8   Code   RO         3108    i.GAPRole_GetParameter  peripheral.o
    0x1fff63b0   0x1fff63b0   0x00000044   Code   RO         3109    i.GAPRole_Init      peripheral.o
    0x1fff63f4   0x1fff63f4   0x000000f4   Code   RO         3110    i.GAPRole_ProcessEvent  peripheral.o
    0x1fff64e8   0x1fff64e8   0x00000058   Code   RO         3112    i.GAPRole_SendUpdateParam  peripheral.o
    0x1fff6540   0x1fff6540   0x00000214   Code   RO         3113    i.GAPRole_SetParameter  peripheral.o
    0x1fff6754   0x1fff6754   0x00000038   Code   RO         3114    i.GAPRole_StartDevice  peripheral.o
    0x1fff678c   0x1fff678c   0x00000020   Code   RO         3115    i.GAPRole_TerminateConnection  peripheral.o
    0x1fff67ac   0x1fff67ac   0x0000003e   Code   RO         3189    i.GAP_DeviceInit    gap.o
    0x1fff67ea   0x1fff67ea   0x00000050   Code   RO          192    i.GAP_GetConnetInt  blesmartperipheral.o
    0x1fff683a   0x1fff683a   0x0000005a   Code   RO          193    i.GAP_GetadvInt     blesmartperipheral.o
    0x1fff6894   0x1fff6894   0x00000022   Code   RO         3386    i.GATTServApp_FindAttr  gattservapp.o
    0x1fff68b6   COMPRESSED   0x00000002   PAD
    0x1fff68b8   0x1fff68b8   0x0000004c   Code   RO         3389    i.GATTServApp_Init  gattservapp.o
    0x1fff6904   0x1fff6904   0x00000030   Code   RO         3390    i.GATTServApp_InitCharCfg  gattservapp.o
    0x1fff6934   0x1fff6934   0x00000058   Code   RO         3391    i.GATTServApp_ProcessCCCWriteReq  gattservapp.o
    0x1fff698c   0x1fff698c   0x00000094   Code   RO         3392    i.GATTServApp_ProcessCharCfg  gattservapp.o
    0x1fff6a20   0x1fff6a20   0x00000038   Code   RO         3393    i.GATTServApp_ProcessEvent  gattservapp.o
    0x1fff6a58   0x1fff6a58   0x00000228   Code   RO         3394    i.GATTServApp_ReadAttr  gattservapp.o
    0x1fff6c80   0x1fff6c80   0x0000000e   Code   RO         3395    i.GATTServApp_ReadCharCfg  gattservapp.o
    0x1fff6c8e   COMPRESSED   0x00000002   PAD
    0x1fff6c90   0x1fff6c90   0x0000005c   Code   RO         3397    i.GATTServApp_RegisterService  gattservapp.o
    0x1fff6cec   0x1fff6cec   0x00000038   Code   RO         3398    i.GATTServApp_SendCCCUpdatedEvent  gattservapp.o
    0x1fff6d24   0x1fff6d24   0x00000024   Code   RO         3399    i.GATTServApp_SendServiceChangedInd  gattservapp.o
    0x1fff6d48   0x1fff6d48   0x00000018   Code   RO         3402    i.GATTServApp_UpdateCharCfg  gattservapp.o
    0x1fff6d60   0x1fff6d60   0x00000042   Code   RO         3403    i.GATTServApp_WriteAttr  gattservapp.o
    0x1fff6da2   COMPRESSED   0x00000002   PAD
    0x1fff6da4   0x1fff6da4   0x0000002c   Code   RO         3404    i.GATTServApp_WriteCharCfg  gattservapp.o
    0x1fff6dd0   0x1fff6dd0   0x00000020   Code   RO         3028    i.GGS_AddService    gapgattserver.o
    0x1fff6df0   0x1fff6df0   0x00000088   Code   RO         3034    i.GGS_SetParameter  gapgattserver.o
    0x1fff6e78   0x1fff6e78   0x0000000c   Code   RO          194    i.GetgapProfileState  blesmartperipheral.o
    0x1fff6e84   0x1fff6e84   0x00000012   Code   RO          475    i.HW_RESET_MCU      command_center.o
    0x1fff6e96   COMPRESSED   0x00000002   PAD
    0x1fff6e98   0x1fff6e98   0x00000150   Code   RO         4124    i.LL_SetScanControl1  rf.lib(patch.o)
    0x1fff6fe8   0x1fff6fe8   0x00000022   Code   RO          694    i.OLED_Set_Pos      display.o
    0x1fff700a   COMPRESSED   0x00000002   PAD
    0x1fff700c   0x1fff700c   0x00000044   Code   RO          695    i.OLED_ShowCHinese  display.o
    0x1fff7050   0x1fff7050   0x00000058   Code   RO          696    i.OLED_ShowChar     display.o
    0x1fff70a8   0x1fff70a8   0x00000060   Code   RO          697    i.OLED_ShowChineseNum  display.o
    0x1fff7108   0x1fff7108   0x00000062   Code   RO          698    i.OLED_ShowNum      display.o
    0x1fff716a   0x1fff716a   0x0000002e   Code   RO          699    i.OLED_ShowString   display.o
    0x1fff7198   0x1fff7198   0x000000a8   Code   RO         4243    i.ProgramWord       rf.lib(flash_ext.o)
    0x1fff7240   0x1fff7240   0x0000003c   Code   RO         3692    i.SimpleProfile_AddService  simplegattprofile.o
    0x1fff727c   0x1fff727c   0x0000007c   Code   RO         3693    i.SimpleProfile_GetParameter  simplegattprofile.o
    0x1fff72f8   0x1fff72f8   0x00000014   Code   RO         3694    i.SimpleProfile_RegisterAppCBs  simplegattprofile.o
    0x1fff730c   0x1fff730c   0x00000094   Code   RO         3695    i.SimpleProfile_SetParameter  simplegattprofile.o
    0x1fff73a0   0x1fff73a0   0x00000010   Code   RO         4090    i.SystemInit        system_armcm0.o
    0x1fff73b0   0x1fff73b0   0x00000012   Code   RO         1829    i.WaitMs            common.o
    0x1fff73c2   COMPRESSED   0x00000002   PAD
    0x1fff73c4   0x1fff73c4   0x0000002c   Code   RO         1830    i.WaitRTCCount      common.o
    0x1fff73f0   0x1fff73f0   0x00000028   Code   RO         1831    i.WaitUs            common.o
    0x1fff7418   0x1fff7418   0x00000028   Code   RO         2849    i.Watchdog_ProcessEvent  watchdog.o
    0x1fff7440   0x1fff7440   0x00000020   Code   RO         4540    i.__0printf$8       mc_p.l(printf8.o)
    0x1fff7460   0x1fff7460   0x00000028   Code   RO         4542    i.__0sprintf$8      mc_p.l(printf8.o)
    0x1fff7488   0x1fff7488   0x0000002e   Code   RO         4692    i.__ARM_clz         mf_p.l(depilogue.o)
    0x1fff74b6   COMPRESSED   0x00000002   PAD
    0x1fff74b8   0x1fff74b8   0x00000018   Code   RO         1958    i.__NVIC_EnableIRQ  gpio.o
    0x1fff74d0   0x1fff74d0   0x00000044   Code   RO         1959    i.__NVIC_SetPriority  gpio.o
    0x1fff7514   0x1fff7514   0x00000044   Code   RO         2593    i.__NVIC_SetPriority  spi.o
    0x1fff7558   0x1fff7558   0x00000044   Code   RO         3949    i.__NVIC_SetPriority  main.o
    0x1fff759c   0x1fff759c   0x0000001c   Code   RO         3615    i.__NVIC_SystemReset  ota_app_service.o
    0x1fff75b8   0x1fff75b8   0x0000000e   Code   RO         4704    i.__scatterload_copy  mc_p.l(handlers.o)
    0x1fff75c6   0x1fff75c6   0x00000002   Code   RO         4705    i.__scatterload_null  mc_p.l(handlers.o)
    0x1fff75c8   0x1fff75c8   0x0000000e   Code   RO         4706    i.__scatterload_zeroinit  mc_p.l(handlers.o)
    0x1fff75d6   COMPRESSED   0x00000002   PAD
    0x1fff75d8   0x1fff75d8   0x00000428   Code   RO         4547    i._printf_core      mc_p.l(printf8.o)
    0x1fff7a00   0x1fff7a00   0x00000020   Code   RO         4548    i._printf_post_padding  mc_p.l(printf8.o)
    0x1fff7a20   0x1fff7a20   0x0000002c   Code   RO         4549    i._printf_pre_padding  mc_p.l(printf8.o)
    0x1fff7a4c   0x1fff7a4c   0x0000000a   Code   RO         4551    i._sputc            mc_p.l(printf8.o)
    0x1fff7a56   COMPRESSED   0x00000002   PAD
    0x1fff7a58   0x1fff7a58   0x00000018   Code   RO         2332    i.adc_wakeup_hdl    adc.o
    0x1fff7a70   0x1fff7a70   0x00000014   Code   RO            1    i.app_main          blesmartperipheral_main.o
    0x1fff7a84   0x1fff7a84   0x00000036   Code   RO         4126    i.arry_sort         rf.lib(patch.o)
    0x1fff7aba   COMPRESSED   0x00000002   PAD
    0x1fff7abc   0x1fff7abc   0x00000060   Code   RO         2901    i.battReadAttrCB    battservice.o
    0x1fff7b1c   0x1fff7b1c   0x0000023c   Code   RO          476    i.battVoltCompensation  command_center.o
    0x1fff7d58   0x1fff7d58   0x0000005c   Code   RO         2902    i.battWriteAttrCB   battservice.o
    0x1fff7db4   0x1fff7db4   0x0000001c   Code   RO          372    i.batt_RegisterCBs_Value  battery.o
    0x1fff7dd0   0x1fff7dd0   0x00000094   Code   RO          373    i.batt_adc_evt      battery.o
    0x1fff7e64   0x1fff7e64   0x000000ac   Code   RO          374    i.batt_adc_init     battery.o
    0x1fff7f10   0x1fff7f10   0x00000068   Code   RO          375    i.batt_cal          battery.o
    0x1fff7f78   0x1fff7f78   0x0000000c   Code   RO          376    i.batt_get_percent  battery.o
    0x1fff7f84   0x1fff7f84   0x0000000c   Code   RO          377    i.batt_get_voltage  battery.o
    0x1fff7f90   0x1fff7f90   0x00000018   Code   RO          378    i.batt_init         battery.o
    0x1fff7fa8   0x1fff7fa8   0x00000008   Code   RO          379    i.batt_measure      battery.o
    0x1fff7fb0   0x1fff7fb0   0x0000009c   Code   RO          700    i.batterDisplay     display.o
    0x1fff804c   0x1fff804c   0x0000008a   Code   RO          701    i.batteryPercentDisplay  display.o
    0x1fff80d6   COMPRESSED   0x00000002   PAD
    0x1fff80d8   0x1fff80d8   0x00000170   Code   RO          195    i.bleSmartPeripheral_Init  blesmartperipheral.o
    0x1fff8248   0x1fff8248   0x00000048   Code   RO          196    i.bleSmartPeripheral_ProcessEvent  blesmartperipheral.o
    0x1fff8290   0x1fff8290   0x00000020   Code   RO         1097    i.checkFlashLoopOver  user_lighteffect.o
    0x1fff82b0   0x1fff82b0   0x00000020   Code   RO         4248    i.check_chip_id     rf.lib(flash_ext.o)
    0x1fff82d0   0x1fff82d0   0x00000020   Code   RO         4249    i.check_chip_mAddr  rf.lib(flash_ext.o)
    0x1fff82f0   0x1fff82f0   0x00000028   Code   RO         4250    i.check_internal_bus_busy  rf.lib(flash_ext.o)
    0x1fff8318   0x1fff8318   0x0000006c   Code   RO         4251    i.chip_id_one_bit_hot_convter  rf.lib(flash_ext.o)
    0x1fff8384   0x1fff8384   0x00000114   Code   RO          477    i.chkLightEffectModeVoltCompensation  command_center.o
    0x1fff8498   0x1fff8498   0x00000010   Code   RO         2333    i.clear_adcc_cfg    adc.o
    0x1fff84a8   0x1fff84a8   0x00000014   Code   RO         1634    i.clk_gate_disable  clock.o
    0x1fff84bc   0x1fff84bc   0x00000014   Code   RO         1635    i.clk_gate_enable   clock.o
    0x1fff84d0   0x1fff84d0   0x0000000c   Code   RO         1637    i.clk_pclk          clock.o
    0x1fff84dc   0x1fff84dc   0x00000016   Code   RO         1638    i.clk_reset         clock.o
    0x1fff84f2   COMPRESSED   0x00000002   PAD
    0x1fff84f4   0x1fff84f4   0x0000009c   Code   RO          478    i.command_center_Init  command_center.o
    0x1fff8590   0x1fff8590   0x0000052c   Code   RO          479    i.command_center_ProcessEvent  command_center.o
    0x1fff8abc   0x1fff8abc   0x0000005c   Code   RO         1098    i.customizeFlashCbfunc  user_lighteffect.o
    0x1fff8b18   0x1fff8b18   0x00000050   Code   RO         1099    i.customizeFlashEffect  user_lighteffect.o
    0x1fff8b68   0x1fff8b68   0x00000008   Code   RO         1100    i.customizeFlashEndCbfunc  user_lighteffect.o
    0x1fff8b70   0x1fff8b70   0x000000b8   Code   RO         1101    i.customizeGradualEffect  user_lighteffect.o
    0x1fff8c28   0x1fff8c28   0x00000104   Code   RO         1102    i.customizeGrdualCbfunc  user_lighteffect.o
    0x1fff8d2c   0x1fff8d2c   0x00000070   Code   RO         1103    i.customizeGrdualEndCbfunc  user_lighteffect.o
    0x1fff8d9c   0x1fff8d9c   0x0000004c   Code   RO         1104    i.customizeOneShotCbfunc  user_lighteffect.o
    0x1fff8de8   0x1fff8de8   0x0000005c   Code   RO         1105    i.customizeOneShotEffect  user_lighteffect.o
    0x1fff8e44   0x1fff8e44   0x00000088   Code   RO         2979    i.devInfo_ReadAttrCB  devinfoservice.o
    0x1fff8ecc   0x1fff8ecc   0x00000020   Code   RO         4253    i.disable_spif_flash_write  rf.lib(flash_ext.o)
    0x1fff8eec   0x1fff8eec   0x00000038   Code   RO          702    i.displayFactoryInfo  display.o
    0x1fff8f24   0x1fff8f24   0x00000090   Code   RO          703    i.displayFloat      display.o
    0x1fff8fb4   0x1fff8fb4   0x0000010c   Code   RO          704    i.displaySystemMenu  display.o
    0x1fff90c0   0x1fff90c0   0x00000040   Code   RO          705    i.display_Init      display.o
    0x1fff9100   0x1fff9100   0x00000020   Code   RO         4254    i.enable_spif_flash_write  rf.lib(flash_ext.o)
    0x1fff9120   0x1fff9120   0x000000cc   Code   RO         1106    i.flashMode1StyleCProess  user_lighteffect.o
    0x1fff91ec   0x1fff91ec   0x00000070   Code   RO         1107    i.flashMode1StyleCfunc  user_lighteffect.o
    0x1fff925c   0x1fff925c   0x00000074   Code   RO         1108    i.flashMode2StyleAfunc  user_lighteffect.o
    0x1fff92d0   0x1fff92d0   0x00000008   Code   RO         1109    i.flashMode2StyleBfunc  user_lighteffect.o
    0x1fff92d8   0x1fff92d8   0x00000220   Code   RO         1110    i.flashMode2StyleCProess  user_lighteffect.o
    0x1fff94f8   0x1fff94f8   0x00000070   Code   RO         1111    i.flashMode2StyleCfunc  user_lighteffect.o
    0x1fff9568   0x1fff9568   0x0000005c   Code   RO         2531    i.flash_erase_ucds  flash.o
    0x1fff95c4   0x1fff95c4   0x0000001c   Code   RO         2533    i.flash_read_ucds   flash.o
    0x1fff95e0   0x1fff95e0   0x00000084   Code   RO         2535    i.flash_read_ucds_block_byte  flash.o
    0x1fff9664   0x1fff9664   0x00000050   Code   RO         4256    i.flash_sector_erase  rf.lib(flash_ext.o)
    0x1fff96b4   0x1fff96b4   0x00000034   Code   RO         2536    i.flash_write_ucds  flash.o
    0x1fff96e8   0x1fff96e8   0x00000084   Code   RO         2538    i.flash_write_ucds_block_byte  flash.o
    0x1fff976c   0x1fff976c   0x00000012   Code   RO         4674    i.fputc             mc_p.l(fputc.o)
    0x1fff977e   COMPRESSED   0x00000002   PAD
    0x1fff9780   0x1fff9780   0x00000054   Code   RO         4594    i.free              mc_p.l(malloc.o)
    0x1fff97d4   0x1fff97d4   0x00000030   Code   RO         3228    i.gapBondMgrFindAddr  gapbondmgr.o
    0x1fff9804   0x1fff9804   0x00000036   Code   RO         3230    i.gapBondMgrGetPublicAddr  gapbondmgr.o
    0x1fff983a   0x1fff983a   0x0000001c   Code   RO         3231    i.gapBondMgrInvertCharCfgItem  gapbondmgr.o
    0x1fff9856   COMPRESSED   0x00000002   PAD
    0x1fff9858   0x1fff9858   0x000001f4   Code   RO         3116    i.gapRole_ProcessGAPMsg  peripheral.o
    0x1fff9a4c   0x1fff9a4c   0x000000b0   Code   RO         3117    i.gapRole_ProcessOSALMsg  peripheral.o
    0x1fff9afc   0x1fff9afc   0x00000058   Code   RO         3118    i.gapRole_startConnUpdate  peripheral.o
    0x1fff9b54   0x1fff9b54   0x0000000e   Code   RO         3405    i.gattServApp_FindAuthorizeAttrCB  gattservapp.o
    0x1fff9b62   0x1fff9b62   0x0000001c   Code   RO         3406    i.gattServApp_FindCharCfgItem  gattservapp.o
    0x1fff9b7e   COMPRESSED   0x00000002   PAD
    0x1fff9b80   0x1fff9b80   0x00000024   Code   RO         3407    i.gattServApp_FindPrepareWriteQ  gattservapp.o
    0x1fff9ba4   0x1fff9ba4   0x00000020   Code   RO         3408    i.gattServApp_FindServiceCBs  gattservapp.o
    0x1fff9bc4   0x1fff9bc4   0x0000005c   Code   RO         3409    i.gattServApp_HandleConnStatusCB  gattservapp.o
    0x1fff9c20   0x1fff9c20   0x00000088   Code   RO         3410    i.gattServApp_ProcessExecuteWriteReq  gattservapp.o
    0x1fff9ca8   0x1fff9ca8   0x000000f0   Code   RO         3411    i.gattServApp_ProcessFindByTypeValueReq  gattservapp.o
    0x1fff9d98   0x1fff9d98   0x00000164   Code   RO         3412    i.gattServApp_ProcessMsg  gattservapp.o
    0x1fff9efc   0x1fff9efc   0x000000a4   Code   RO         3413    i.gattServApp_ProcessPrepareWriteReq  gattservapp.o
    0x1fff9fa0   0x1fff9fa0   0x00000138   Code   RO         3414    i.gattServApp_ProcessReadByGrpTypeReq  gattservapp.o
    0x1fffa0d8   0x1fffa0d8   0x00000118   Code   RO         3415    i.gattServApp_ProcessReadByTypeReq  gattservapp.o
    0x1fffa1f0   0x1fffa1f0   0x000000c8   Code   RO         3416    i.gattServApp_ProcessReadMultiReq  gattservapp.o
    0x1fffa2b8   0x1fffa2b8   0x0000007a   Code   RO         3417    i.gattServApp_ProcessWriteReq  gattservapp.o
    0x1fffa332   COMPRESSED   0x00000002   PAD
    0x1fffa334   0x1fffa334   0x00000078   Code   RO         3419    i.gattServApp_SetNumPrepareWrites  gattservapp.o
    0x1fffa3ac   0x1fffa3ac   0x0000000c   Code   RO         2334    i.getAdcStts        adc.o
    0x1fffa3b8   0x1fffa3b8   0x00000018   Code   RO          380    i.getBattPercentByVolt  battery.o
    0x1fffa3d0   0x1fffa3d0   0x000000b8   Code   RO          381    i.getBattPercentByVoltMv  battery.o
    0x1fffa488   0x1fffa488   0x000000ec   Code   RO          480    i.getChargingCurrentByVolt  command_center.o
    0x1fffa574   0x1fffa574   0x0000000c   Code   RO          932    i.getLightStts      light.o
    0x1fffa580   0x1fffa580   0x00000018   Code   RO          706    i.getNumLen         display.o
    0x1fffa598   0x1fffa598   0x0000000c   Code   RO          481    i.getSystemStts     command_center.o
    0x1fffa5a4   0x1fffa5a4   0x000000c2   Code   RO         3035    i.ggs_ReadAttrCB    gapgattserver.o
    0x1fffa666   0x1fffa666   0x00000058   Code   RO         3036    i.ggs_SetAttrWPermit  gapgattserver.o
    0x1fffa6be   COMPRESSED   0x00000002   PAD
    0x1fffa6c0   0x1fffa6c0   0x000000e4   Code   RO         3037    i.ggs_WriteAttrCB   gapgattserver.o
    0x1fffa7a4   0x1fffa7a4   0x00000028   Code   RO         1960    i.gpio_interrupt_disable  gpio.o
    0x1fffa7cc   0x1fffa7cc   0x0000003c   Code   RO         1961    i.gpio_interrupt_enable  gpio.o
    0x1fffa808   0x1fffa808   0x00000028   Code   RO         1962    i.gpio_pin0to3_pin31to34_control  gpio.o
    0x1fffa830   0x1fffa830   0x00000044   Code   RO         1963    i.gpio_sleep_handler  gpio.o
    0x1fffa874   0x1fffa874   0x0000005c   Code   RO         1964    i.gpio_wakeup_handler  gpio.o
    0x1fffa8d0   0x1fffa8d0   0x00000068   Code   RO         1965    i.gpioin_event      gpio.o
    0x1fffa938   0x1fffa938   0x00000024   Code   RO         1966    i.gpioin_event_pin  gpio.o
    0x1fffa95c   0x1fffa95c   0x000000cc   Code   RO         2335    i.hal_ADC_IRQHandler  adc.o
    0x1fffaa28   0x1fffaa28   0x00000018   Code   RO         1967    i.hal_GPIO_IRQHandler  gpio.o
    0x1fffaa40   0x1fffaa40   0x00000038   Code   RO         2594    i.hal_SPI0_IRQHandler  spi.o
    0x1fffaa78   0x1fffaa78   0x00000038   Code   RO         2595    i.hal_SPI1_IRQHandler  spi.o
    0x1fffaab0   0x1fffaab0   0x00000040   Code   RO         2185    i.hal_UART0_IRQHandler  uart.o
    0x1fffaaf0   0x1fffaaf0   0x00000270   Code   RO         2337    i.hal_adc_config_channel  adc.o
    0x1fffad60   0x1fffad60   0x00000020   Code   RO         2338    i.hal_adc_init      adc.o
    0x1fffad80   0x1fffad80   0x0000004c   Code   RO         2339    i.hal_adc_start     adc.o
    0x1fffadcc   0x1fffadcc   0x000000e4   Code   RO         2340    i.hal_adc_stop      adc.o
    0x1fffaeb0   0x1fffaeb0   0x00000158   Code   RO         2341    i.hal_adc_value_cal  adc.o
    0x1fffb008   0x1fffb008   0x00000028   Code   RO         1968    i.hal_gpio_DS_control  gpio.o
    0x1fffb030   0x1fffb030   0x00000040   Code   RO         1969    i.hal_gpio_cfg_analog_io  gpio.o
    0x1fffb070   0x1fffb070   0x00000028   Code   RO         1971    i.hal_gpio_fmux     gpio.o
    0x1fffb098   0x1fffb098   0x00000030   Code   RO         1972    i.hal_gpio_fmux_set  gpio.o
    0x1fffb0c8   0x1fffb0c8   0x0000005c   Code   RO         1973    i.hal_gpio_init     gpio.o
    0x1fffb124   0x1fffb124   0x00000058   Code   RO         1982    i.hal_gpio_pin_init  gpio.o
    0x1fffb17c   0x1fffb17c   0x00000038   Code   RO         1983    i.hal_gpio_pull_set  gpio.o
    0x1fffb1b4   0x1fffb1b4   0x00000038   Code   RO         1984    i.hal_gpio_read     gpio.o
    0x1fffb1ec   0x1fffb1ec   0x00000050   Code   RO         1986    i.hal_gpio_wakeup_set  gpio.o
    0x1fffb23c   0x1fffb23c   0x00000040   Code   RO         1987    i.hal_gpio_write    gpio.o
    0x1fffb27c   0x1fffb27c   0x00000030   Code   RO         1988    i.hal_gpioin_disable  gpio.o
    0x1fffb2ac   0x1fffb2ac   0x0000006c   Code   RO         1989    i.hal_gpioin_enable  gpio.o
    0x1fffb318   0x1fffb318   0x00000030   Code   RO         1990    i.hal_gpioin_register  gpio.o
    0x1fffb348   0x1fffb348   0x00000028   Code   RO         1642    i.hal_ms_intv       clock.o
    0x1fffb370   0x1fffb370   0x00000058   Code   RO         2433    i.hal_pwm_ch_start  pwm.o
    0x1fffb3c8   0x1fffb3c8   0x00000028   Code   RO         2434    i.hal_pwm_ch_stop   pwm.o
    0x1fffb3f0   0x1fffb3f0   0x0000001c   Code   RO         2435    i.hal_pwm_close_channel  pwm.o
    0x1fffb40c   0x1fffb40c   0x00000078   Code   RO         2436    i.hal_pwm_destroy   pwm.o
    0x1fffb484   0x1fffb484   0x00000058   Code   RO         2438    i.hal_pwm_init      pwm.o
    0x1fffb4dc   0x1fffb4dc   0x0000003c   Code   RO         2440    i.hal_pwm_module_init  pwm.o
    0x1fffb518   0x1fffb518   0x00000028   Code   RO         2441    i.hal_pwm_open_channel  pwm.o
    0x1fffb540   0x1fffb540   0x0000004c   Code   RO         2442    i.hal_pwm_set_count_val  pwm.o
    0x1fffb58c   0x1fffb58c   0x00000030   Code   RO         2443    i.hal_pwm_start     pwm.o
    0x1fffb5bc   0x1fffb5bc   0x00000030   Code   RO         2444    i.hal_pwm_stop      pwm.o
    0x1fffb5ec   0x1fffb5ec   0x00000018   Code   RO         1721    i.hal_pwrmgr_RAM_retention  pwrmgr.o
    0x1fffb604   0x1fffb604   0x0000001c   Code   RO         1723    i.hal_pwrmgr_RAM_retention_set  pwrmgr.o
    0x1fffb620   0x1fffb620   0x00000034   Code   RO         1724    i.hal_pwrmgr_init   pwrmgr.o
    0x1fffb654   0x1fffb654   0x00000050   Code   RO         1725    i.hal_pwrmgr_is_lock  pwrmgr.o
    0x1fffb6a4   0x1fffb6a4   0x00000054   Code   RO         1726    i.hal_pwrmgr_lock   pwrmgr.o
    0x1fffb6f8   0x1fffb6f8   0x00000060   Code   RO         1728    i.hal_pwrmgr_register  pwrmgr.o
    0x1fffb758   0x1fffb758   0x00000034   Code   RO         1729    i.hal_pwrmgr_sleep_process  pwrmgr.o
    0x1fffb78c   0x1fffb78c   0x00000060   Code   RO         1730    i.hal_pwrmgr_unlock  pwrmgr.o
    0x1fffb7ec   0x1fffb7ec   0x00000030   Code   RO         1732    i.hal_pwrmgr_wakeup_process  pwrmgr.o
    0x1fffb81c   0x1fffb81c   0x00000014   Code   RO         1844    i.hal_read_current_time  common.o
    0x1fffb830   0x1fffb830   0x00000078   Code   RO         3950    i.hal_rfphy_init    main.o
    0x1fffb8a8   0x1fffb8a8   0x00000064   Code   RO         4129    i.hal_rom_code_ini  rf.lib(patch.o)
    0x1fffb90c   0x1fffb90c   0x0000008c   Code   RO         1643    i.hal_rtc_clock_config  clock.o
    0x1fffb998   0x1fffb998   0x00000050   Code   RO         2597    i.hal_spi_bus_deinit  spi.o
    0x1fffb9e8   0x1fffb9e8   0x00000080   Code   RO         2598    i.hal_spi_bus_init  spi.o
    0x1fffba68   0x1fffba68   0x00000090   Code   RO         2602    i.hal_spi_master_init  spi.o
    0x1fffbaf8   0x1fffbaf8   0x0000006a   Code   RO         2604    i.hal_spi_pin_deinit  spi.o
    0x1fffbb62   0x1fffbb62   0x00000098   Code   RO         2605    i.hal_spi_pin_init  spi.o
    0x1fffbbfa   COMPRESSED   0x00000002   PAD
    0x1fffbbfc   0x1fffbbfc   0x00000078   Code   RO         2606    i.hal_spi_send_byte  spi.o
    0x1fffbc74   0x1fffbc74   0x000000d4   Code   RO         1846    i.hal_system_init   common.o
    0x1fffbd48   0x1fffbd48   0x0000000c   Code   RO         1644    i.hal_systick       clock.o
    0x1fffbd54   0x1fffbd54   0x0000004c   Code   RO         2187    i.hal_uart_init     uart.o
    0x1fffbda0   0x1fffbda0   0x0000001c   Code   RO         2188    i.hal_uart_send_buff  uart.o
    0x1fffbdbc   0x1fffbdbc   0x0000003c   Code   RO         2190    i.hal_uart_set_tx_buf  uart.o
    0x1fffbdf8   0x1fffbdf8   0x0000006c   Code   RO         3616    i.handleConnStatusCB  ota_app_service.o
    0x1fffbe64   0x1fffbe64   0x00000040   Code   RO         4047    i.hard_fault        jump_table.o
    0x1fffbea4   0x1fffbea4   0x000002cc   Code   RO         1321    i.hsb2Rgb           user_color.o
    0x1fffc170   0x1fffc170   0x0000020c   Code   RO         4130    i.init_config       rf.lib(patch.o)
    0x1fffc37c   0x1fffc37c   0x00000050   Code   RO         2191    i.irq_rx_handler    uart.o
    0x1fffc3cc   0x1fffc3cc   0x0000007c   Code   RO         2192    i.irq_tx_empty_handler  uart.o
    0x1fffc448   0x1fffc448   0x0000001c   Code   RO         1112    i.keepStep          user_lighteffect.o
    0x1fffc464   0x1fffc464   0x0000002c   Code   RO          482    i.keyBrightnessDecProcess  command_center.o
    0x1fffc490   0x1fffc490   0x0000002c   Code   RO          483    i.keyBrightnessIncProcess  command_center.o
    0x1fffc4bc   0x1fffc4bc   0x000000b0   Code   RO          484    i.keyFuncDownProcess  command_center.o
    0x1fffc56c   0x1fffc56c   0x000000b4   Code   RO          485    i.keyFuncUpProcess  command_center.o
    0x1fffc620   0x1fffc620   0x0000006c   Code   RO          486    i.keyFunctionProcess  command_center.o
    0x1fffc68c   0x1fffc68c   0x00000028   Code   RO         2792    i.keys_Debounce_Handle  keys.o
    0x1fffc6b4   0x1fffc6b4   0x000000cc   Code   RO         2793    i.keys_Init         keys.o
    0x1fffc780   0x1fffc780   0x00000018   Code   RO         2794    i.keys_RegisterCBs  keys.o
    0x1fffc798   0x1fffc798   0x00000018   Code   RO         2795    i.keys_RegisterDebounceCBs  keys.o
    0x1fffc7b0   0x1fffc7b0   0x00000074   Code   RO         2796    i.keys_read         keys.o
    0x1fffc824   0x1fffc824   0x00000048   Code   RO          708    i.lcd_bus_init      display.o
    0x1fffc86c   0x1fffc86c   0x00000050   Code   RO          709    i.lcd_clear         display.o
    0x1fffc8bc   0x1fffc8bc   0x000000dc   Code   RO          710    i.lcd_config        display.o
    0x1fffc998   0x1fffc998   0x00000034   Code   RO          711    i.lcd_off           display.o
    0x1fffc9cc   0x1fffc9cc   0x00000016   Code   RO          712    i.lcd_on            display.o
    0x1fffc9e2   COMPRESSED   0x00000002   PAD
    0x1fffc9e4   0x1fffc9e4   0x000000a8   Code   RO         1113    i.lightEffectFunc   user_lighteffect.o
    0x1fffca8c   0x1fffca8c   0x00000020   Code   RO          933    i.light_Init        light.o
    0x1fffcaac   0x1fffcaac   0x00000034   Code   RO          934    i.light_ProcessEvent  light.o
    0x1fffcae0   0x1fffcae0   0x00000184   Code   RO          935    i.light_ctrl        light.o
    0x1fffcc64   0x1fffcc64   0x000000b8   Code   RO          936    i.light_off         light.o
    0x1fffcd1c   0x1fffcd1c   0x00000088   Code   RO          937    i.light_update      light.o
    0x1fffcda4   0x1fffcda4   0x00000084   Code   RO         4132    i.llSetupAdv1       rf.lib(patch.o)
    0x1fffce28   0x1fffce28   0x0000011c   Code   RO         4133    i.ll_hw_go1         rf.lib(patch.o)
    0x1fffcf44   0x1fffcf44   0x000000d0   Code   RO          938    i.loadTargetColorTemperatureValue  light.o
    0x1fffd014   0x1fffd014   0x0000001c   Code   RO         1114    i.loadTargetPwmData  user_lighteffect.o
    0x1fffd030   0x1fffd030   0x00000074   Code   RO          939    i.loadTargetRGBValue  light.o
    0x1fffd0a4   0x1fffd0a4   0x0000007c   Code   RO         3617    i.load_ota_version  ota_app_service.o
    0x1fffd120   0x1fffd120   0x00000050   Code   RO         3951    i.main              main.o
    0x1fffd170   0x1fffd170   0x0000006c   Code   RO         4595    i.malloc            mc_p.l(malloc.o)
    0x1fffd1dc   0x1fffd1dc   0x00000018   Code   RO         2797    i.negedge_callback_wakeup  keys.o
    0x1fffd1f4   0x1fffd1f4   0x00000028   Code   RO          713    i.oledDisplayChineseString  display.o
    0x1fffd21c   0x1fffd21c   0x00000014   Code   RO          714    i.oled_pow          display.o
    0x1fffd230   0x1fffd230   0x00000088   Code   RO           52    i.osalInitTasks     osal_blesmartperipheral.o
    0x1fffd2b8   0x1fffd2b8   0x00000050   Code   RO         3996    i.osal_snv_read     osal_snv.o
    0x1fffd308   0x1fffd308   0x000000ac   Code   RO         3997    i.osal_snv_write    osal_snv.o
    0x1fffd3b4   0x1fffd3b4   0x00000028   Code   RO         3618    i.ota_ReadAttrCB    ota_app_service.o
    0x1fffd3dc   0x1fffd3dc   0x000000a4   Code   RO         3619    i.ota_WriteAttrCB   ota_app_service.o
    0x1fffd480   0x1fffd480   0x0000005c   Code   RO         3620    i.ota_app_AddService  ota_app_service.o
    0x1fffd4dc   0x1fffd4dc   0x000000d0   Code   RO          197    i.peripheralStateNotificationCB  blesmartperipheral.o
    0x1fffd5ac   0x1fffd5ac   0x0000003c   Code   RO         2266    i.phy_printf        my_printf.o
    0x1fffd5e8   0x1fffd5e8   0x00000010   Code   RO         2267    i.phy_printf_init   my_printf.o
    0x1fffd5f8   0x1fffd5f8   0x00000018   Code   RO         2798    i.posedge_callback_wakeup  keys.o
    0x1fffd610   0x1fffd610   0x000000f0   Code   RO         2268    i.print             my_printf.o
    0x1fffd700   0x1fffd700   0x00000034   Code   RO         3998    i.print_hex         osal_snv.o
    0x1fffd734   0x1fffd734   0x0000002c   Code   RO         2270    i.printchar         my_printf.o
    0x1fffd760   0x1fffd760   0x00000092   Code   RO         2271    i.printi            my_printf.o
    0x1fffd7f2   0x1fffd7f2   0x00000070   Code   RO         2272    i.prints            my_printf.o
    0x1fffd862   0x1fffd862   0x0000004c   Code   RO          487    i.processBattLevel  command_center.o
    0x1fffd8ae   COMPRESSED   0x00000002   PAD
    0x1fffd8b0   0x1fffd8b0   0x000000e0   Code   RO         3621    i.process_cmd       ota_app_service.o
    0x1fffd990   0x1fffd990   0x00000056   Code   RO         1511    i.protocol_uart_GetBandrate  protocol_uart.o
    0x1fffd9e6   COMPRESSED   0x00000002   PAD
    0x1fffd9e8   0x1fffd9e8   0x00000058   Code   RO         1512    i.protocol_uart_Init  protocol_uart.o
    0x1fffda40   0x1fffda40   0x00000028   Code   RO         1513    i.protocol_uart_ProcessEvent  protocol_uart.o
    0x1fffda68   0x1fffda68   0x0000004c   Code   RO         1514    i.protocol_uart_evt_hdl  protocol_uart.o
    0x1fffdab4   0x1fffdab4   0x0000001c   Code   RO         1515    i.protocol_uart_wakeup_handle  protocol_uart.o
    0x1fffdad0   0x1fffdad0   0x000000c8   Code   RO          940    i.pwmInit           light.o
    0x1fffdb98   0x1fffdb98   0x00000060   Code   RO         4136    i.rc32k_calibration  rf.lib(patch.o)
    0x1fffdbf8   0x1fffdbf8   0x00000040   Code   RO         4137    i.rc32k_calibration_check  rf.lib(patch.o)
    0x1fffdc38   0x1fffdc38   0x00000070   Code   RO         4138    i.rc32k_tracking_check  rf.lib(patch.o)
    0x1fffdca8   0x1fffdca8   0x00000012   Code   RO          715    i.reInitialLCD      display.o
    0x1fffdcba   COMPRESSED   0x00000002   PAD
    0x1fffdcbc   0x1fffdcbc   0x00000078   Code   RO         1446    i.readExceptionStts  user_flash.o
    0x1fffdd34   0x1fffdd34   0x00000008   Code   RO         1447    i.readFlashData     user_flash.o
    0x1fffdd3c   0x1fffdd3c   0x0000003c   Code   RO         4257    i.read_chip_id      rf.lib(flash_ext.o)
    0x1fffdd78   0x1fffdd78   0x00000040   Code   RO         4258    i.read_chip_mAddr   rf.lib(flash_ext.o)
    0x1fffddb8   0x1fffddb8   0x0000006c   Code   RO         3622    i.response          ota_app_service.o
    0x1fffde24   0x1fffde24   0x00000010   Code   RO          488    i.restartBattInfoCollection  command_center.o
    0x1fffde34   0x1fffde34   0x00000028   Code   RO         4139    i.rf_calibrate1     rf.lib(patch.o)
    0x1fffde5c   0x1fffde5c   0x000000f0   Code   RO         4179    i.rf_phy_ana_cfg    rf.lib(rf_phy_driver.o)
    0x1fffdf4c   0x1fffdf4c   0x00000120   Code   RO         4180    i.rf_phy_bb_cfg     rf.lib(rf_phy_driver.o)
    0x1fffe06c   0x1fffe06c   0x00000060   Code   RO         4181    i.rf_phy_change_cfg  rf.lib(rf_phy_driver.o)
    0x1fffe0cc   0x1fffe0cc   0x00000020   Code   RO         4198    i.rf_phy_ini        rf.lib(rf_phy_driver.o)
    0x1fffe0ec   0x1fffe0ec   0x00000034   Code   RO         4199    i.rf_phy_set_txPower  rf.lib(rf_phy_driver.o)
    0x1fffe120   0x1fffe120   0x00000110   Code   RO         4200    i.rf_rxDcoc_cfg     rf.lib(rf_phy_driver.o)
    0x1fffe230   0x1fffe230   0x0000004c   Code   RO         4203    i.rf_tpCal_gen_cap_arrary  rf.lib(rf_phy_driver.o)
    0x1fffe27c   0x1fffe27c   0x0000009c   Code   RO         4204    i.rf_tp_cal         rf.lib(rf_phy_driver.o)
    0x1fffe318   0x1fffe318   0x00000014   Code   RO         3952    i.rf_wakeup_handler  main.o
    0x1fffe32c   0x1fffe32c   0x00000024   Code   RO         1115    i.set2FlashMode1StyleA  user_lighteffect.o
    0x1fffe350   0x1fffe350   0x00000024   Code   RO         1116    i.set2FlashMode1StyleB  user_lighteffect.o
    0x1fffe374   0x1fffe374   0x00000038   Code   RO         1117    i.set2FlashMode1StyleC  user_lighteffect.o
    0x1fffe3ac   0x1fffe3ac   0x00000038   Code   RO         1118    i.set2FlashMode2StyleA  user_lighteffect.o
    0x1fffe3e4   0x1fffe3e4   0x00000038   Code   RO         1119    i.set2FlashMode2StyleB  user_lighteffect.o
    0x1fffe41c   0x1fffe41c   0x0000002c   Code   RO         1120    i.set2FlashMode2StyleC  user_lighteffect.o
    0x1fffe448   0x1fffe448   0x00000024   Code   RO         1121    i.set2SimulatonModeStyleA  user_lighteffect.o
    0x1fffe46c   0x1fffe46c   0x00000024   Code   RO         1122    i.set2SimulatonModeStyleB  user_lighteffect.o
    0x1fffe490   0x1fffe490   0x00000024   Code   RO         1123    i.set2SimulatonModeStyleC  user_lighteffect.o
    0x1fffe4b4   0x1fffe4b4   0x000000ec   Code   RO          489    i.setBattLevel      command_center.o
    0x1fffe5a0   0x1fffe5a0   0x0000006c   Code   RO          490    i.setBatteryFully   command_center.o
    0x1fffe60c   0x1fffe60c   0x00000020   Code   RO         1322    i.setBlueData       user_color.o
    0x1fffe62c   0x1fffe62c   0x0000000c   Code   RO         1323    i.setBlueDuty       user_color.o
    0x1fffe638   0x1fffe638   0x00000020   Code   RO         1324    i.setCoolData       user_color.o
    0x1fffe658   0x1fffe658   0x0000000c   Code   RO         1325    i.setCoolDuty       user_color.o
    0x1fffe664   0x1fffe664   0x00000020   Code   RO         1124    i.setFlashEffectPub  user_lighteffect.o
    0x1fffe684   0x1fffe684   0x00000020   Code   RO         1125    i.setGradualEffectPub  user_lighteffect.o
    0x1fffe6a4   0x1fffe6a4   0x00000020   Code   RO         1326    i.setGreenData      user_color.o
    0x1fffe6c4   0x1fffe6c4   0x0000000c   Code   RO         1327    i.setGreenDuty      user_color.o
    0x1fffe6d0   0x1fffe6d0   0x00000128   Code   RO         1126    i.setLEDFunc        user_lighteffect.o
    0x1fffe7f8   0x1fffe7f8   0x00000020   Code   RO         1328    i.setRedData        user_color.o
    0x1fffe818   0x1fffe818   0x0000000c   Code   RO         1329    i.setRedDuty        user_color.o
    0x1fffe824   0x1fffe824   0x0000000c   Code   RO         1018    i.setTemperature    temp.o
    0x1fffe830   0x1fffe830   0x00000024   Code   RO         1330    i.setWarmData       user_color.o
    0x1fffe854   0x1fffe854   0x00000088   Code   RO         2343    i.set_sampling_resolution  adc.o
    0x1fffe8dc   0x1fffe8dc   0x00000030   Code   RO          198    i.simpleProfileChangeCB  blesmartperipheral.o
    0x1fffe90c   0x1fffe90c   0x00000030   Code   RO         3697    i.simpleProfile_HandleConnStatusCB  simplegattprofile.o
    0x1fffe93c   0x1fffe93c   0x0000010c   Code   RO         3698    i.simpleProfile_ReadAttrCB  simplegattprofile.o
    0x1fffea48   0x1fffea48   0x0000000c   Code   RO         3699    i.simpleProfile_Set_notify_status  simplegattprofile.o
    0x1fffea54   0x1fffea54   0x00000140   Code   RO         3700    i.simpleProfile_WriteAttrCB  simplegattprofile.o
    0x1fffeb94   0x1fffeb94   0x00000038   Code   RO         3999    i.snv_calc_addr     osal_snv.o
    0x1fffebcc   0x1fffebcc   0x0000003c   Code   RO         4000    i.snvwr             osal_snv.o
    0x1fffec08   0x1fffec08   0x00000040   Code   RO         2621    i.spi_int_disable   spi.o
    0x1fffec48   0x1fffec48   0x00000060   Code   RO         2622    i.spi_int_enable    spi.o
    0x1fffeca8   0x1fffeca8   0x000000e8   Code   RO         2623    i.spi_int_handle    spi.o
    0x1fffed90   0x1fffed90   0x0000005c   Code   RO         2624    i.spis_int_handle   spi.o
    0x1fffedec   0x1fffedec   0x00000020   Code   RO          491    i.startCharging     command_center.o
    0x1fffee0c   0x1fffee0c   0x000000c4   Code   RO         1127    i.startLightEffect  user_lighteffect.o
    0x1fffeed0   0x1fffeed0   0x00000014   Code   RO          492    i.startLightEffectEvent  command_center.o
    0x1fffeee4   0x1fffeee4   0x00000030   Code   RO         1128    i.stepByStep        user_lighteffect.o
    0x1fffef14   0x1fffef14   0x0000002c   Code   RO          493    i.stopCharging      command_center.o
    0x1fffef40   0x1fffef40   0x00000014   Code   RO          494    i.stopLightEffectEvent  command_center.o
    0x1fffef54   0x1fffef54   0x00000040   Code   RO         1448    i.storeExceptionStts  user_flash.o
    0x1fffef94   0x1fffef94   0x00000024   Code   RO         1848    i.subWriteReg       common.o
    0x1fffefb8   0x1fffefb8   0x0000009c   Code   RO          329    i.systems_param_Get_param  systems_parameters.o
    0x1ffff054   0x1ffff054   0x000000b4   Code   RO          330    i.systems_param_Set_param  systems_parameters.o
    0x1ffff108   0x1ffff108   0x0000022c   Code   RO          331    i.systems_parameters_Init  systems_parameters.o
    0x1ffff334   0x1ffff334   0x0000001c   Code   RO         1019    i.temp_RegisterCBs_Value  temp.o
    0x1ffff350   0x1ffff350   0x00000050   Code   RO         1020    i.temp_adc_evt      temp.o
    0x1ffff3a0   0x1ffff3a0   0x000000b0   Code   RO         1021    i.temp_adc_init     temp.o
    0x1ffff450   0x1ffff450   0x00000084   Code   RO         1022    i.temp_cal          temp.o
    0x1ffff4d4   0x1ffff4d4   0x0000000c   Code   RO         1023    i.temp_get_value    temp.o
    0x1ffff4e0   0x1ffff4e0   0x00000028   Code   RO         1024    i.temp_init         temp.o
    0x1ffff508   0x1ffff508   0x00000008   Code   RO         1025    i.temp_measure      temp.o
    0x1ffff510   0x1ffff510   0x0000002c   Code   RO         1129    i.turnOffAllLightEffect  user_lighteffect.o
    0x1ffff53c   0x1ffff53c   0x00000010   Code   RO         1332    i.turnOffColorTempLamp  user_color.o
    0x1ffff54c   0x1ffff54c   0x00000016   Code   RO         1333    i.turnOffRGBLamp    user_color.o
    0x1ffff562   COMPRESSED   0x00000002   PAD
    0x1ffff564   0x1ffff564   0x00000068   Code   RO         2193    i.txmit_buf_polling  uart.o
    0x1ffff5cc   0x1ffff5cc   0x00000080   Code   RO         2194    i.txmit_buf_use_tx_buf  uart.o
    0x1ffff64c   0x1ffff64c   0x000000bc   Code   RO         2195    i.uart_hw_config    uart.o
    0x1ffff708   0x1ffff708   0x00000040   Code   RO          718    i.updateArrowDisplay  display.o
    0x1ffff748   0x1ffff748   0x00000024   Code   RO          719    i.updateBLEDisplay  display.o
    0x1ffff76c   0x1ffff76c   0x00000048   Code   RO          720    i.updateBrightnessDisplay  display.o
    0x1ffff7b4   0x1ffff7b4   0x00000054   Code   RO         1334    i.updateColor       user_color.o
    0x1ffff808   0x1ffff808   0x000000f0   Code   RO          941    i.updateColorTemp   light.o
    0x1ffff8f8   0x1ffff8f8   0x00000020   Code   RO          721    i.updateColorTempDisplay  display.o
    0x1ffff918   0x1ffff918   0x00000040   Code   RO          722    i.updateHotDisplay  display.o
    0x1ffff958   0x1ffff958   0x00000050   Code   RO          723    i.updateHuesDisplay  display.o
    0x1ffff9a8   0x1ffff9a8   0x00000016   Code   RO          724    i.updateLightEffectDisplay  display.o
    0x1ffff9be   COMPRESSED   0x00000002   PAD
    0x1ffff9c0   0x1ffff9c0   0x00000028   Code   RO         1335    i.updatePWMDuty     user_color.o
    0x1ffff9e8   0x1ffff9e8   0x00000060   Code   RO          942    i.updateRGBLamp     light.o
    0x1ffffa48   0x1ffffa48   0x00000038   Code   RO          726    i.updateSaturationDisplay  display.o
    0x1ffffa80   0x1ffffa80   0x0000000c   Code   RO          495    i.updateSystemStts  command_center.o
    0x1ffffa8c   0x1ffffa8c   0x0000000e   Code   RO         2344    i.usbAbsSubUint16   adc.o
    0x1ffffa9a   0x1ffffa9a   0x00000002   Code   RO         1419    i.userWatchDogInit  user_watchdog.o
    0x1ffffa9c   0x1ffffa9c   0x00000008   Code   RO         1420    i.userWatchDogProcessEvent  user_watchdog.o
    0x1ffffaa4   0x1ffffaa4   0x0000004c   Code   RO         2273    i.user_print_hex    my_printf.o
    0x1ffffaf0   0x1ffffaf0   0x00000018   Code   RO         1449    i.writeFlashData    user_flash.o
    0x1ffffb08   0x1ffffb08   0x00000034   Code   RO          727    i.write_cmd         display.o
    0x1ffffb3c   0x1ffffb3c   0x00000034   Code   RO          728    i.write_data        display.o
    0x1ffffb70   0x1ffffb70   0x00000034   Data   RO           53    .constdata          osal_blesmartperipheral.o
    0x1ffffba4   0x1ffffba4   0x00000001   Data   RO           54    .constdata          osal_blesmartperipheral.o
    0x1ffffba5   0x1ffffba5   0x0000007e   Data   RO          333    .constdata          systems_parameters.o
    0x1ffffc23   COMPRESSED   0x00000001   PAD
    0x1ffffc24   0x1ffffc24   0x000012d8   Data   RO          731    .constdata          display.o
    0x20000efc   0x20000efc   0x000000b0   Data   RO          944    .constdata          light.o
    0x20000fac   0x20000fac   0x00000068   Data   RO         1026    .constdata          temp.o
    0x20001014   0x20001014   0x00000094   Data   RO         1132    .constdata          user_lighteffect.o
    0x200010a8   0x200010a8   0x00000194   Data   RO         1336    .constdata          user_color.o
    0x2000123c   0x2000123c   0x00000010   Data   RO         1517    .constdata          protocol_uart.o
    0x2000124c   0x2000124c   0x0000000c   Data   RO         2197    .constdata          uart.o
    0x20001258   0x20001258   0x00000010   Data   RO         2275    .constdata          my_printf.o
    0x20001268   0x20001268   0x00000002   Data   RO         2903    .constdata          battservice.o
    0x2000126a   0x2000126a   0x00000002   Data   RO         2904    .constdata          battservice.o
    0x2000126c   0x2000126c   0x00000008   Data   RO         2905    .constdata          battservice.o
    0x20001274   0x20001274   0x0000000c   Data   RO         2906    .constdata          battservice.o
    0x20001280   0x20001280   0x00000002   Data   RO         2981    .constdata          devinfoservice.o
    0x20001282   0x20001282   0x00000002   Data   RO         2982    .constdata          devinfoservice.o
    0x20001284   0x20001284   0x00000002   Data   RO         2983    .constdata          devinfoservice.o
    0x20001286   0x20001286   0x00000002   Data   RO         2984    .constdata          devinfoservice.o
    0x20001288   0x20001288   0x00000002   Data   RO         2985    .constdata          devinfoservice.o
    0x2000128a   0x2000128a   0x00000002   Data   RO         2986    .constdata          devinfoservice.o
    0x2000128c   0x2000128c   0x00000002   Data   RO         2987    .constdata          devinfoservice.o
    0x2000128e   0x2000128e   0x00000002   Data   RO         2988    .constdata          devinfoservice.o
    0x20001290   0x20001290   0x00000002   Data   RO         2989    .constdata          devinfoservice.o
    0x20001292   0x20001292   0x00000002   Data   RO         2990    .constdata          devinfoservice.o
    0x20001294   0x20001294   0x00000008   Data   RO         2991    .constdata          devinfoservice.o
    0x2000129c   0x2000129c   0x0000000c   Data   RO         2992    .constdata          devinfoservice.o
    0x200012a8   0x200012a8   0x00000008   Data   RO         3039    .constdata          gapgattserver.o
    0x200012b0   0x200012b0   0x0000000c   Data   RO         3040    .constdata          gapgattserver.o
    0x200012bc   0x200012bc   0x00000008   Data   RO         3422    .constdata          gattservapp.o
    0x200012c4   0x200012c4   0x00000010   Data   RO         3623    .constdata          ota_app_service.o
    0x200012d4   0x200012d4   0x00000010   Data   RO         3624    .constdata          ota_app_service.o
    0x200012e4   0x200012e4   0x00000010   Data   RO         3625    .constdata          ota_app_service.o
    0x200012f4   0x200012f4   0x00000008   Data   RO         3626    .constdata          ota_app_service.o
    0x200012fc   0x200012fc   0x0000000c   Data   RO         3627    .constdata          ota_app_service.o
    0x20001308   0x20001308   0x00000002   Data   RO         3703    .constdata          simplegattprofile.o
    0x2000130a   0x2000130a   0x00000002   Data   RO         3704    .constdata          simplegattprofile.o
    0x2000130c   0x2000130c   0x00000002   Data   RO         3705    .constdata          simplegattprofile.o
    0x2000130e   0x2000130e   0x00000002   Data   RO         3706    .constdata          simplegattprofile.o
    0x20001310   0x20001310   0x00000002   Data   RO         3707    .constdata          simplegattprofile.o
    0x20001312   0x20001312   0x00000002   Data   RO         3708    .constdata          simplegattprofile.o
    0x20001314   0x20001314   0x00000002   Data   RO         3709    .constdata          simplegattprofile.o
    0x20001316   COMPRESSED   0x00000002   PAD
    0x20001318   0x20001318   0x00000008   Data   RO         3710    .constdata          simplegattprofile.o
    0x20001320   0x20001320   0x0000000c   Data   RO         3711    .constdata          simplegattprofile.o
    0x2000132c   0x2000132c   0x00000050   Data   RO         4702    Region$$Table       anon$$obj.o
    0x2000137c   COMPRESSED   0x00000004   Data   RW           55    .data               osal_blesmartperipheral.o
    0x20001380   COMPRESSED   0x00000010   Data   RW          199    .data               blesmartperipheral.o
    0x20001390   COMPRESSED   0x0000000c   Data   RW          334    .data               systems_parameters.o
    0x2000139c   COMPRESSED   0x00000018   Data   RW          382    .data               battery.o
    0x200013b4   COMPRESSED   0x0000001c   Data   RW          498    .data               command_center.o
    0x200013d0   COMPRESSED   0x00000001   Data   RW          499    .data               command_center.o
    0x200013d1   COMPRESSED   0x00000003   Data   RW          749    .data               display.o
    0x200013d4   COMPRESSED   0x00000001   Data   RW          946    .data               light.o
    0x200013d5   COMPRESSED   0x00000003   PAD
    0x200013d8   COMPRESSED   0x0000000e   Data   RW         1027    .data               temp.o
    0x200013e6   COMPRESSED   0x00000002   PAD
    0x200013e8   COMPRESSED   0x00000010   Data   RW         1134    .data               user_lighteffect.o
    0x200013f8   COMPRESSED   0x00000004   Data   RW         1337    .data               user_color.o
    0x200013fc   COMPRESSED   0x00000001   Data   RW         1518    .data               protocol_uart.o
    0x200013fd   COMPRESSED   0x00000003   PAD
    0x20001400   COMPRESSED   0x00000008   Data   RW         1735    .data               pwrmgr.o
    0x20001408   COMPRESSED   0x00000002   Data   RW         2276    .data               my_printf.o
    0x2000140a   COMPRESSED   0x0000000f   Data   RW         2346    .data               adc.o
    0x20001419   COMPRESSED   0x00000001   Data   RW         2446    .data               pwm.o
    0x2000141a   COMPRESSED   0x0000000e   Data   RW         2799    .data               keys.o
    0x20001428   COMPRESSED   0x00000001   Data   RW         2907    .data               battservice.o
    0x20001429   COMPRESSED   0x00000003   PAD
    0x2000142c   COMPRESSED   0x00000060   Data   RW         2908    .data               battservice.o
    0x2000148c   COMPRESSED   0x00000001   Data   RW         2993    .data               devinfoservice.o
    0x2000148d   COMPRESSED   0x00000001   Data   RW         2994    .data               devinfoservice.o
    0x2000148e   COMPRESSED   0x00000001   Data   RW         2995    .data               devinfoservice.o
    0x2000148f   COMPRESSED   0x00000001   Data   RW         2996    .data               devinfoservice.o
    0x20001490   COMPRESSED   0x00000001   Data   RW         2997    .data               devinfoservice.o
    0x20001491   COMPRESSED   0x00000001   Data   RW         2998    .data               devinfoservice.o
    0x20001492   COMPRESSED   0x00000001   Data   RW         2999    .data               devinfoservice.o
    0x20001493   COMPRESSED   0x00000001   Data   RW         3000    .data               devinfoservice.o
    0x20001494   COMPRESSED   0x00000001   Data   RW         3001    .data               devinfoservice.o
    0x20001495   COMPRESSED   0x00000003   PAD
    0x20001498   COMPRESSED   0x00000130   Data   RW         3002    .data               devinfoservice.o
    0x200015c8   COMPRESSED   0x00000080   Data   RW         3041    .data               gapgattserver.o
    0x20001648   COMPRESSED   0x00000001   Data   RW         3042    .data               gapgattserver.o
    0x20001649   COMPRESSED   0x00000001   Data   RW         3043    .data               gapgattserver.o
    0x2000164a   COMPRESSED   0x00000001   Data   RW         3044    .data               gapgattserver.o
    0x2000164b   COMPRESSED   0x00000001   PAD
    0x2000164c   COMPRESSED   0x00000061   Data   RW         3120    .data               peripheral.o
    0x200016ad   COMPRESSED   0x00000003   PAD
    0x200016b0   COMPRESSED   0x00000024   Data   RW         3239    .data               gapbondmgr.o
    0x200016d4   COMPRESSED   0x0000005c   Data   RW         3424    .data               gattservapp.o
    0x20001730   COMPRESSED   0x00000001   Data   RW         3425    .data               gattservapp.o
    0x20001731   COMPRESSED   0x00000001   Data   RW         3628    .data               ota_app_service.o
    0x20001732   COMPRESSED   0x00000001   Data   RW         3629    .data               ota_app_service.o
    0x20001733   COMPRESSED   0x00000001   Data   RW         3630    .data               ota_app_service.o
    0x20001734   COMPRESSED   0x00000001   Data   RW         3631    .data               ota_app_service.o
    0x20001735   COMPRESSED   0x00000003   PAD
    0x20001738   COMPRESSED   0x00000070   Data   RW         3632    .data               ota_app_service.o
    0x200017a8   COMPRESSED   0x00000158   Data   RW         3712    .data               simplegattprofile.o
    0x20001900   COMPRESSED   0x00000001   Data   RW         3713    .data               simplegattprofile.o
    0x20001901   COMPRESSED   0x0000000f   Data   RW         3714    .data               simplegattprofile.o
    0x20001910   COMPRESSED   0x00000001   Data   RW         3715    .data               simplegattprofile.o
    0x20001911   COMPRESSED   0x0000000f   Data   RW         3716    .data               simplegattprofile.o
    0x20001920   COMPRESSED   0x00000001   Data   RW         3717    .data               simplegattprofile.o
    0x20001921   COMPRESSED   0x00000011   Data   RW         3718    .data               simplegattprofile.o
    0x20001932   COMPRESSED   0x00000001   Data   RW         3719    .data               simplegattprofile.o
    0x20001933   COMPRESSED   0x0000000c   Data   RW         3720    .data               simplegattprofile.o
    0x2000193f   COMPRESSED   0x00000001   Data   RW         3721    .data               simplegattprofile.o
    0x20001940   COMPRESSED   0x0000000c   Data   RW         3722    .data               simplegattprofile.o
    0x2000194c   COMPRESSED   0x00000001   Data   RW         3723    .data               simplegattprofile.o
    0x2000194d   COMPRESSED   0x00000012   Data   RW         3724    .data               simplegattprofile.o
    0x2000195f   COMPRESSED   0x00000001   PAD
    0x20001960   COMPRESSED   0x00000004   Data   RW         4091    .data               system_armcm0.o
    0x20001964   COMPRESSED   0x00000018   Data   RW         4148    .data               rf.lib(patch.o)
    0x2000197c   COMPRESSED   0x00000001   Data   RW         4149    .data               rf.lib(patch.o)
    0x2000197d   COMPRESSED   0x00000007   Data   RW         4260    .data               rf.lib(flash_ext.o)
    0x20001984   COMPRESSED   0x00000004   Data   RW         4676    .data               mc_p.l(stdout.o)
    0x20001988   COMPRESSED   0x00000004   Data   RW         4685    .data               mc_p.l(mvars.o)
    0x2000198c   COMPRESSED   0x00000004   Data   RW         4686    .data               mc_p.l(mvars.o)
    0x20001990        -       0x0000007a   Zero   RW          332    .bss                systems_parameters.o
    0x20001a0a   COMPRESSED   0x00000002   PAD
    0x20001a0c        -       0x00000034   Zero   RW          496    .bss                command_center.o
    0x20001a40        -       0x00000024   Zero   RW          729    .bss                display.o
    0x20001a64        -       0x00000024   Zero   RW          943    .bss                light.o
    0x20001a88        -       0x00000034   Zero   RW         1130    .bss                user_lighteffect.o
    0x20001abc        -       0x00000014   Zero   RW         1131    .bss                user_lighteffect.o
    0x20001ad0        -       0x0000040a   Zero   RW         1516    .bss                protocol_uart.o
    0x20001eda   COMPRESSED   0x00000002   PAD
    0x20001edc        -       0x00000078   Zero   RW         1734    .bss                pwrmgr.o
    0x20001f54        -       0x000001c8   Zero   RW         1994    .bss                gpio.o
    0x2000211c        -       0x00000020   Zero   RW         2196    .bss                uart.o
    0x2000213c        -       0x00000078   Zero   RW         2274    .bss                my_printf.o
    0x200021b4        -       0x00000028   Zero   RW         2345    .bss                adc.o
    0x200021dc        -       0x00000044   Zero   RW         2445    .bss                pwm.o
    0x20002220        -       0x00000058   Zero   RW         2625    .bss                spi.o
    0x20002278        -       0x00000010   Zero   RW         2980    .bss                devinfoservice.o
    0x20002288        -       0x00000016   Zero   RW         3038    .bss                gapgattserver.o
    0x2000229e        -       0x0000003f   Zero   RW         3119    .bss                peripheral.o
    0x200022dd   COMPRESSED   0x00000001   PAD
    0x200022de        -       0x000000a6   Zero   RW         3238    .bss                gapbondmgr.o
    0x20002384        -       0x000002e8   Zero   RW         3421    .bss                gattservapp.o
    0x2000266c        -       0x00000a00   Zero   RW         3701    .bss                simplegattprofile.o
    0x2000306c        -       0x00000200   Zero   RW         3702    .bss                simplegattprofile.o
    0x2000326c        -       0x00001800   Zero   RW         3953    .bss                main.o
    0x20004a6c        -       0x00000010   Zero   RW         4143    .bss                rf.lib(patch.o)
    0x20004a7c        -       0x00000041   Zero   RW         4259    .bss                rf.lib(flash_ext.o)
    0x20004abd   COMPRESSED   0x00000003   PAD
    0x20004ac0        -       0x00000100   Zero   RW         4081    HEAP                startup_armcm0.o
    0x20004bc0        -       0x00000800   Zero   RW         4080    STACK               startup_armcm0.o



  Load Region LR_IROM2 (Base: 0x1fff0800, Size: 0x00000800, Max: 0x00000800, ABSOLUTE, COMPRESSED[0x0000040c])

    Execution Region JUMP_TABLE (Exec base: 0x1fff0800, Load base: 0x1fff0800, Size: 0x00000400, Max: 0x00000400, ABSOLUTE)

    Exec Addr    Load Addr    Size         Type   Attr      Idx    E Section Name        Object

    0x1fff0800   0x1fff0800   0x00000400   Data   RO         4049    jump_table_mem_area  jump_table.o


    Execution Region GOLBAL_CONFIG (Exec base: 0x1fff0c00, Load base: 0x1fff0c00, Size: 0x00000400, Max: 0x00000400, ABSOLUTE, COMPRESSED[0x0000000c])

    Exec Addr    Load Addr    Size         Type   Attr      Idx    E Section Name        Object

    0x1fff0c00   COMPRESSED   0x00000400   Data   RW         4048    global_config_area  jump_table.o


==============================================================================

Image component sizes


      Code (inc. data)   RO Data    RW Data    ZI Data      Debug   Object Name

      1710        186          0         15         40      21658   adc.o
       716        194          0         24          0       8161   battery.o
       224         34         24         97          0      10261   battservice.o
       878         92          0         16          0      11176   blesmartperipheral.o
        20          0          0          0          0      12463   blesmartperipheral_main.o
       266         34          0          0          0       3391   clock.o
      6234        644          0         29         52      28590   command_center.o
       370         54          0          0          0       4503   common.o
       160         20         40        313         16       3255   devinfoservice.o
      2334         92       4824          3         36      21584   display.o
       436         52          0          0          0       4099   flash.o
        62         12          0          0          0       1121   gap.o
       630         16          0         36        166       8554   gapbondmgr.o
       678         44         20        131         22       5588   gapgattserver.o
      3466        182          8         93        744      28291   gattservapp.o
      1388        136          0          0        456      23500   gpio.o
        64         34       1024       1024          0       1600   jump_table.o
       456         38          0         14          0       3597   keys.o
      1664        198        176          1         36       7718   light.o
       288         44          0          0       6144       2912   main.o
       694         54         16          2        120       6977   my_printf.o
       136          6         53          4          0      70901   osal_blesmartperipheral.o
       420         72          0          0          0       3905   osal_snv.o
       888        258         68        116          0      15234   ota_app_service.o
      2016        178          0         97         63      11660   peripheral.o
       318         44         16          1       1034      13197   protocol_uart.o
       636         54          0          1         68       6104   pwm.o
       560         88          0          8        120       7548   pwrmgr.o
      1000        304         34        439       3072       8485   simplegattprofile.o
      1394        116          0          0         88      19088   spi.o
        28          8        192          0       2304        604   startup_armcm0.o
        16          8          0          4          0        639   system_armcm0.o
       892         64        126         12        122       4278   systems_parameters.o
       488        134        104         14          0       4823   temp.o
       852         82         12          0         32      14970   uart.o
      1090        136        404          4          0       7791   user_color.o
       216          8          0          0          0       2930   user_flash.o
      3376        520        148         16         72      21895   user_lighteffect.o
        10          0          0          0          0        974   user_watchdog.o
        40          6          0          0          0       1800   watchdog.o

    ----------------------------------------------------------------------
     38232       4606       7372       2536      14812     435825   Object Totals
      1080        360         80          0          0          0   (incl. Generated)
        38          0          3         22          5          0   (incl. Padding)

    ----------------------------------------------------------------------

      Code (inc. data)   RO Data    RW Data    ZI Data      Debug   Library Member Name

        86          0          0          0          0          0   __dczerorl2.o
         0          0          0          0          0          0   entry.o
         0          0          0          0          0          0   entry10a.o
         0          0          0          0          0          0   entry11a.o
         8          4          0          0          0          0   entry2.o
         4          0          0          0          0          0   entry5.o
         0          0          0          0          0          0   entry7b.o
         0          0          0          0          0          0   entry8b.o
         8          4          0          0          0          0   entry9a.o
        18          0          0          0          0         72   fputc.o
        30          0          0          0          0          0   handlers.o
        36          8          0          0          0         68   init.o
         0          0          0          0          0          0   iusefp.o
         0          0          0          0          0          0   iusesemip.o
        32          0          0          0          0         68   llshl.o
        38          0          0          0          0         68   llsshr.o
        34          0          0          0          0         68   llushr.o
       192         20          0          0          0        144   malloc.o
        36          0          0          0          0         60   memcpya.o
        36          0          0          0          0        100   memseta.o
         0          0          0          8          0          0   mvars.o
      1222         56          0          0          0        468   printf8.o
         0          0          0          0          0          0   semi.o
         0          0          0          4          0          0   stdout.o
        96          0          0          0          0         84   uldiv.o
        20          0          0          0          0         60   uread4.o
        20          0          0          0          0         68   cfcmple.o
        20          0          0          0          0         68   cfrcmple.o
        56          0          0          0          0         68   d2f.o
       356          4          0          0          0        140   dadd.o
       240          6          0          0          0         84   ddiv.o
       236          0          0          0          0        216   depilogue.o
        60         10          0          0          0         68   dfixui.o
        40          6          0          0          0         68   dflti.o
        28          4          0          0          0         68   dfltui.o
       208          6          0          0          0         88   dmul.o
        44          0          0          0          0         72   dscalb.o
        40          0          0          0          0         60   f2d.o
       178          0          0          0          0        108   fadd.o
       124          0          0          0          0         72   fdiv.o
       130          0          0          0          0        144   fepilogue.o
        40          0          0          0          0         60   ffixui.o
        22          0          0          0          0         68   fflti.o
        14          0          0          0          0         68   ffltui.o
       122          0          0          0          0         72   fmul.o
        24          0          0          0          0         60   fscalb.o
       648         52          0          7         65        688   flash_ext.o
      1742        282          0         25         16        744   patch.o
      1212        318          0          0          0        572   rf_phy_driver.o

    ----------------------------------------------------------------------
      7512        780          0         44         84       4984   Library Totals
        12          0          0          0          3          0   (incl. Padding)

    ----------------------------------------------------------------------

      Code (inc. data)   RO Data    RW Data    ZI Data      Debug   Library Name

      1896         92          0         12          0       1260   mc_p.l
      2002         36          0          0          0       1720   mf_p.l
      3602        652          0         32         81       2004   rf.lib

    ----------------------------------------------------------------------
      7512        780          0         44         84       4984   Library Totals

    ----------------------------------------------------------------------

==============================================================================


      Code (inc. data)   RO Data    RW Data    ZI Data      Debug   

     45744       5386       7372       2580      14896     422889   Grand Totals
     45744       5386       7372        528      14896     422889   ELF Image Totals (compressed)
     45744       5386       7372        528          0          0   ROM Totals

==============================================================================

    Total RO  Size (Code + RO Data)                53116 (  51.87kB)
    Total RW  Size (RW Data + ZI Data)             17476 (  17.07kB)
    Total ROM Size (Code + RO Data + RW Data)      53644 (  52.39kB)

==============================================================================

