Component: ARM Compiler 5.06 update 6 (build 750) Tool: armlink [4d35ed]

==============================================================================

Section Cross References

    osal_blesmartperipheral.o(i.osalInitTasks) refers to peripheral.o(i.GAPRole_Init) for GAPRole_Init
    osal_blesmartperipheral.o(i.osalInitTasks) refers to gattservapp.o(i.GATTServApp_Init) for GATTServApp_Init
    osal_blesmartperipheral.o(i.osalInitTasks) refers to systems_parameters.o(i.systems_parameters_Init) for systems_parameters_Init
    osal_blesmartperipheral.o(i.osalInitTasks) refers to blesmartperipheral.o(i.bleSmartPeripheral_Init) for bleSmartPeripheral_Init
    osal_blesmartperipheral.o(i.osalInitTasks) refers to protocol_uart.o(i.protocol_uart_Init) for protocol_uart_Init
    osal_blesmartperipheral.o(i.osalInitTasks) refers to light.o(i.light_Init) for light_Init
    osal_blesmartperipheral.o(i.osalInitTasks) refers to command_center.o(i.command_center_Init) for command_center_Init
    osal_blesmartperipheral.o(i.osalInitTasks) refers to osal_blesmartperipheral.o(.data) for .data
    osal_blesmartperipheral.o(.constdata) refers to peripheral.o(i.GAPRole_ProcessEvent) for GAPRole_ProcessEvent
    osal_blesmartperipheral.o(.constdata) refers to gattservapp.o(i.GATTServApp_ProcessEvent) for GATTServApp_ProcessEvent
    osal_blesmartperipheral.o(.constdata) refers to blesmartperipheral.o(i.bleSmartPeripheral_ProcessEvent) for bleSmartPeripheral_ProcessEvent
    osal_blesmartperipheral.o(.constdata) refers to protocol_uart.o(i.protocol_uart_ProcessEvent) for protocol_uart_ProcessEvent
    osal_blesmartperipheral.o(.constdata) refers to light.o(i.light_ProcessEvent) for light_ProcessEvent
    osal_blesmartperipheral.o(.constdata) refers to command_center.o(i.command_center_ProcessEvent) for command_center_ProcessEvent
    blesmartperipheral.o(i.GAP_GetConnetInt) refers to systems_parameters.o(i.systems_param_Get_param) for systems_param_Get_param
    blesmartperipheral.o(i.GAP_GetadvInt) refers to systems_parameters.o(i.systems_param_Get_param) for systems_param_Get_param
    blesmartperipheral.o(i.GetgapProfileState) refers to blesmartperipheral.o(.data) for .data
    blesmartperipheral.o(i.bleSmartPeripheral_Init) refers to memseta.o(.text) for __aeabi_memclr4
    blesmartperipheral.o(i.bleSmartPeripheral_Init) refers to systems_parameters.o(i.systems_param_Get_param) for systems_param_Get_param
    blesmartperipheral.o(i.bleSmartPeripheral_Init) refers to peripheral.o(i.GAPRole_SetParameter) for GAPRole_SetParameter
    blesmartperipheral.o(i.bleSmartPeripheral_Init) refers to blesmartperipheral.o(i.GAP_GetadvInt) for GAP_GetadvInt
    blesmartperipheral.o(i.bleSmartPeripheral_Init) refers to blesmartperipheral.o(i.GAP_GetConnetInt) for GAP_GetConnetInt
    blesmartperipheral.o(i.bleSmartPeripheral_Init) refers to gapgattserver.o(i.GGS_SetParameter) for GGS_SetParameter
    blesmartperipheral.o(i.bleSmartPeripheral_Init) refers to gapgattserver.o(i.GGS_AddService) for GGS_AddService
    blesmartperipheral.o(i.bleSmartPeripheral_Init) refers to battservice.o(i.Batt_AddService) for Batt_AddService
    blesmartperipheral.o(i.bleSmartPeripheral_Init) refers to devinfoservice.o(i.DevInfo_AddService) for DevInfo_AddService
    blesmartperipheral.o(i.bleSmartPeripheral_Init) refers to simplegattprofile.o(i.SimpleProfile_AddService) for SimpleProfile_AddService
    blesmartperipheral.o(i.bleSmartPeripheral_Init) refers to simplegattprofile.o(i.SimpleProfile_RegisterAppCBs) for SimpleProfile_RegisterAppCBs
    blesmartperipheral.o(i.bleSmartPeripheral_Init) refers to ota_app_service.o(i.ota_app_AddService) for ota_app_AddService
    blesmartperipheral.o(i.bleSmartPeripheral_Init) refers to keys.o(i.keys_RegisterDebounceCBs) for keys_RegisterDebounceCBs
    blesmartperipheral.o(i.bleSmartPeripheral_Init) refers to blesmartperipheral.o(.data) for .data
    blesmartperipheral.o(i.bleSmartPeripheral_ProcessEvent) refers to peripheral.o(i.GAPRole_StartDevice) for GAPRole_StartDevice
    blesmartperipheral.o(i.bleSmartPeripheral_ProcessEvent) refers to keys.o(i.keys_Debounce_Handle) for keys_Debounce_Handle
    blesmartperipheral.o(i.bleSmartPeripheral_ProcessEvent) refers to blesmartperipheral.o(.data) for .data
    blesmartperipheral.o(i.peripheralStateNotificationCB) refers to peripheral.o(i.GAPRole_GetParameter) for GAPRole_GetParameter
    blesmartperipheral.o(i.peripheralStateNotificationCB) refers to systems_parameters.o(i.systems_param_Set_param) for systems_param_Set_param
    blesmartperipheral.o(i.peripheralStateNotificationCB) refers to memseta.o(.text) for __aeabi_memclr4
    blesmartperipheral.o(i.peripheralStateNotificationCB) refers to systems_parameters.o(i.systems_param_Get_param) for systems_param_Get_param
    blesmartperipheral.o(i.peripheralStateNotificationCB) refers to peripheral.o(i.GAPRole_SetParameter) for GAPRole_SetParameter
[...]
    simpleProfilechar4UUID                   0x20002258   Data           2  simplegattprofile.o(.constdata)
    simpleProfilechar5UUID                   0x2000225a   Data           2  simplegattprofile.o(.constdata)
    simpleProfilechar6UUID                   0x2000225c   Data           2  simplegattprofile.o(.constdata)
    simpleProfileCBs                         0x20002268   Data          12  simplegattprofile.o(.constdata)
    Region$$Table$$Base                      0x20002274   Number         0  anon$$obj.o(Region$$Table)
    Region$$Table$$Limit                     0x200022c4   Number         0  anon$$obj.o(Region$$Table)
    tasksEvents                              0x200022c4   Data           4  osal_blesmartperipheral.o(.data)
    bleSmartPeripheral_TaskID                0x200022c9   Data           1  blesmartperipheral.o(.data)
    Flag_Status_Charge                       0x20002300   Data           1  command_center.o(.data)
    vSystemEepromError                       0x2000230e   Data           1  command_center.o(.data)
    fIsSystemOffByBattLow                    0x2000230f   Data           1  command_center.o(.data)
    fIsInvalidMacAddr                        0x20002310   Data           1  command_center.o(.data)
    command_center_TaskID                    0x20002311   Data           1  command_center.o(.data)
    defaultTestTimerConst                    0x20002312   Data           2  command_center.o(.data)
    vBurnInTestTimer                         0x20002314   Data           2  command_center.o(.data)
    vAdcErrorTimes                           0x20002320   Data           1  command_center.o(.data)
    light_TaskID                             0x20002324   Data           1  light.o(.data)
    fIsLightEffectOn                         0x20002338   Data           1  user_lighteffect.o(.data)
    vLEDStepCtrlTimeCnt                      0x20002339   Data           1  user_lighteffect.o(.data)
    fIsRisingNow                             0x2000233a   Data           1  user_lighteffect.o(.data)
    customizeFlashTimeArray                  0x2000233b   Data           1  user_lighteffect.o(.data)
    customizeGradualTimeArray                0x2000233c   Data           1  user_lighteffect.o(.data)
    vCandleIndex                             0x2000233d   Data           1  user_lighteffect.o(.data)
    pLedStruct                               0x20002340   Data           4  user_lighteffect.o(.data)
    pUserColor                               0x20002344   Data           4  user_lighteffect.o(.data)
    vTemperatureCoe                          0x20002348   Data           4  user_color.o(.data)
    chargeParas                              0x20002350   Data           8  user_charge.o(.data)
    switchParams                             0x20002358   Data           8  user_charge.o(.data)
    protocol_uart_TaskID                     0x20002380   Data           1  protocol_uart.o(.data)
    put_char_size                            0x2000238c   Data           2  my_printf.o(.data)
    s_pinmap                                 0x20002394   Data           9  adc.o(.data)
    gapRole_AdvEnabled                       0x2000260c   Data           1  peripheral.o(.data)
    gapRole_AdvEventType                     0x20002614   Data           1  peripheral.o(.data)
    appTaskID                                0x20002694   Data           1  gattservapp.o(.data)
    GATTServApp_TaskID                       0x20002696   Data           1  gattservapp.o(.data)
    s_reboot_flg                             0x200026f8   Data           1  ota_app_service.o(.data)
    s_ota_app                                0x200026f9   Data           7  ota_app_service.o(.data)
    simpleProfileChar4Config                 0x2000277c   Data           8  simplegattprofile.o(.data)
    simpleProfileChar6Config                 0x20002784   Data           8  simplegattprofile.o(.data)
    SystemCoreClock                          0x2000293c   Data           4  system_armcm0.o(.data)
    llModeLast                               0x20002940   Data           1  patch.o(.data)
    pGlobal_config                           0x20002944   Data           4  patch.o(.data)
    g_stop_scan_t0                           0x20002948   Data           4  patch.o(.data)
    g_stop_scan_t1                           0x2000294c   Data           4  patch.o(.data)
    g_stop_scan_t1_err                       0x20002950   Data           4  patch.o(.data)
    g_stop_scan_pending_ms                   0x20002954   Data           4  patch.o(.data)
    g_rfPhyClkSel                            0x20002958   Data           1  patch.o(.data)
    g_chipMAddr                              0x20002959   Data           7  flash_ext.o(.data)
    __stdout                                 0x20002960   Data           4  stdout.o(.data)
    __microlib_freelist                      0x20002964   Data           4  mvars.o(.data)
    __microlib_freelist_initialised          0x20002968   Data           4  mvars.o(.data)
    UserManualInfo                           0x200029e6   Data          20  systems_parameters.o(.bss)
    OtaFile                                  0x200029fa   Data          20  systems_parameters.o(.bss)
    macAscii                                 0x20002a0e   Data          12  systems_parameters.o(.bss)
    battInfo                                 0x20002a1c   Data          52  command_center.o(.bss)
    displayParams                            0x20002a50   Data          28  display.o(.bss)
    color                                    0x20002a7c   Data          20  light.o(.bss)
    LedStruct                                0x20002a90   Data          32  user_lighteffect.o(.bss)
    adjustParams                             0x20002ab0   Data          56  user_lighteffect.o(.bss)
    pcaDataStruct                            0x20002ae8   Data          10  user_lighteffect.o(.bss)
    oriCustomizePwmDataStruct                0x20002af2   Data          10  user_lighteffect.o(.bss)
    userColor                                0x20002afc   Data          20  user_lighteffect.o(.bss)
    deviceInfoParams                         0x20002b10   Data         142  user_flash.o(.bss)
    put_char                                 0x20003208   Data         120  my_printf.o(.bss)
    g_largeHeap                              0x20004338   Data        6144  main.o(.bss)
    llModeDbg                                0x20005b38   Data          16  patch.o(.bss)
    g_chipId                                 0x20005b48   Data          65  flash_ext.o(.bss)
    __heap_base                              0x20005b90   Data           0  startup_armcm0.o(HEAP)
    __heap_limit                             0x20005c90   Data           0  startup_armcm0.o(HEAP)
    __initial_sp                             0x20006490   Data           0  startup_armcm0.o(STACK)



==============================================================================

Memory Map of the image

  Image Entry point : 0x1fff48c1

  Load Region LR_IROM1 (Base: 0x1fff4800, Size: 0x0000e16c, Max: 0x0001b7ff, ABSOLUTE, COMPRESSED[0x0000dd04])

    Execution Region ER_IROM1 (Exec base: 0x1fff4800, Load base: 0x1fff4800, Size: 0x00011c90, Max: 0x0001b7ff, ABSOLUTE, COMPRESSED[0x00000240])

    Exec Addr    Load Addr    Size         Type   Attr      Idx    E Section Name        Object

    0x1fff4800   0x1fff4800   0x000000c0   Data   RO         4242    RESET               startup_armcm0.o
    0x1fff48c0   0x1fff48c0   0x00000000   Code   RO         4484  * .ARM.Collect$$$$00000000  mc_p.l(entry.o)
    0x1fff48c0   0x1fff48c0   0x00000004   Code   RO         4822    .ARM.Collect$$$$00000001  mc_p.l(entry2.o)
    0x1fff48c4   0x1fff48c4   0x00000004   Code   RO         4825    .ARM.Collect$$$$00000004  mc_p.l(entry5.o)
    0x1fff48c8   0x1fff48c8   0x00000000   Code   RO         4827    .ARM.Collect$$$$00000008  mc_p.l(entry7b.o)
    0x1fff48c8   0x1fff48c8   0x00000000   Code   RO         4829    .ARM.Collect$$$$0000000A  mc_p.l(entry8b.o)
    0x1fff48c8   0x1fff48c8   0x00000008   Code   RO         4830    .ARM.Collect$$$$0000000B  mc_p.l(entry9a.o)
    0x1fff48d0   0x1fff48d0   0x00000000   Code   RO         4832    .ARM.Collect$$$$0000000D  mc_p.l(entry10a.o)
    0x1fff48d0   0x1fff48d0   0x00000000   Code   RO         4834    .ARM.Collect$$$$0000000F  mc_p.l(entry11a.o)
    0x1fff48d0   0x1fff48d0   0x00000004   Code   RO         4823    .ARM.Collect$$$$00002712  mc_p.l(entry2.o)
    0x1fff48d4   0x1fff48d4   0x0000001c   Code   RO         4243    .text               startup_armcm0.o
    0x1fff48f0   0x1fff48f0   0x00000024   Code   RO         4487    .text               mc_p.l(memcpya.o)
    0x1fff4914   0x1fff4914   0x00000024   Code   RO         4489    .text               mc_p.l(memseta.o)
    0x1fff4938   0x1fff4938   0x0000001a   Code   RO         4491    .text               mc_p.l(memcmp.o)
    0x1fff4952   0x1fff4952   0x00000014   Code   RO         4784    .text               mc_p.l(uread4.o)
    0x1fff4966   0x1fff4966   0x000000b2   Code   RO         4786    .text               mf_p.l(fadd.o)
    0x1fff4a18   0x1fff4a18   0x0000007a   Code   RO         4788    .text               mf_p.l(fmul.o)
    0x1fff4a92   0x1fff4a92   0x0000007c   Code   RO         4790    .text               mf_p.l(fdiv.o)
    0x1fff4b0e   0x1fff4b0e   0x00000018   Code   RO         4792    .text               mf_p.l(fscalb.o)
    0x1fff4b26   COMPRESSED   0x00000002   PAD
    0x1fff4b28   0x1fff4b28   0x00000164   Code   RO         4794    .text               mf_p.l(dadd.o)
    0x1fff4c8c   0x1fff4c8c   0x000000d0   Code   RO         4796    .text               mf_p.l(dmul.o)
    0x1fff4d5c   0x1fff4d5c   0x000000f0   Code   RO         4798    .text               mf_p.l(ddiv.o)
    0x1fff4e4c   0x1fff4e4c   0x0000002c   Code   RO         4800    .text               mf_p.l(dscalb.o)
    0x1fff4e78   0x1fff4e78   0x00000016   Code   RO         4802    .text               mf_p.l(fflti.o)
    0x1fff4e8e   0x1fff4e8e   0x0000000e   Code   RO         4804    .text               mf_p.l(ffltui.o)
    0x1fff4e9c   0x1fff4e9c   0x00000028   Code   RO         4806    .text               mf_p.l(dflti.o)
    0x1fff4ec4   0x1fff4ec4   0x0000001c   Code   RO         4808    .text               mf_p.l(dfltui.o)
    0x1fff4ee0   0x1fff4ee0   0x00000028   Code   RO         4810    .text               mf_p.l(ffixui.o)
    0x1fff4f08   0x1fff4f08   0x0000003c   Code   RO         4812    .text               mf_p.l(dfixui.o)
    0x1fff4f44   0x1fff4f44   0x00000028   Code   RO         4814    .text               mf_p.l(f2d.o)
    0x1fff4f6c   0x1fff4f6c   0x00000038   Code   RO         4816    .text               mf_p.l(d2f.o)
    0x1fff4fa4   0x1fff4fa4   0x00000014   Code   RO         4818    .text               mf_p.l(cfcmple.o)
    0x1fff4fb8   0x1fff4fb8   0x00000014   Code   RO         4820    .text               mf_p.l(cfrcmple.o)
    0x1fff4fcc   0x1fff4fcc   0x00000060   Code   RO         4839    .text               mc_p.l(uldiv.o)
    0x1fff502c   0x1fff502c   0x00000020   Code   RO         4841    .text               mc_p.l(llshl.o)
    0x1fff504c   0x1fff504c   0x00000022   Code   RO         4843    .text               mc_p.l(llushr.o)
    0x1fff506e   0x1fff506e   0x00000026   Code   RO         4845    .text               mc_p.l(llsshr.o)
    0x1fff5094   0x1fff5094   0x00000000   Code   RO         4849    .text               mc_p.l(iusefp.o)
    0x1fff5094   0x1fff5094   0x00000082   Code   RO         4850    .text               mf_p.l(fepilogue.o)
    0x1fff5116   0x1fff5116   0x000000be   Code   RO         4852    .text               mf_p.l(depilogue.o)
    0x1fff51d4   0x1fff51d4   0x00000024   Code   RO         4860    .text               mc_p.l(init.o)
    0x1fff51f8   0x1fff51f8   0x00000000   Code   RO         4862    .text               mc_p.l(semi.o)
    0x1fff51f8   0x1fff51f8   0x00000000   Code   RO         4863    .text               mc_p.l(iusesemip.o)
    0x1fff51f8   0x1fff51f8   0x00000056   Code   RO         4872    .text               mc_p.l(__dczerorl2.o)
    0x1fff524e   COMPRESSED   0x00000002   PAD
    0x1fff5250   0x1fff5250   0x0000000c   Ven    RO         4874    Veneer$$Code        anon$$obj.o
    0x1fff525c   0x1fff525c   0x0000000c   Ven    RO         4875    Veneer$$Code        anon$$obj.o
    0x1fff5268   0x1fff5268   0x0000000c   Ven    RO         4876    Veneer$$Code        anon$$obj.o
    0x1fff5274   0x1fff5274   0x0000000c   Ven    RO         4877    Veneer$$Code        anon$$obj.o
    0x1fff5280   0x1fff5280   0x0000000c   Ven    RO         4878    Veneer$$Code        anon$$obj.o
    0x1fff528c   0x1fff528c   0x0000000c   Ven    RO         4879    Veneer$$Code        anon$$obj.o
    0x1fff5298   0x1fff5298   0x0000000c   Ven    RO         4880    Veneer$$Code        anon$$obj.o
    0x1fff52a4   0x1fff52a4   0x0000000c   Ven    RO         4881    Veneer$$Code        anon$$obj.o
    0x1fff52b0   0x1fff52b0   0x0000000c   Ven    RO         4882    Veneer$$Code        anon$$obj.o
    0x1fff52bc   0x1fff52bc   0x0000000c   Ven    RO         4883    Veneer$$Code        anon$$obj.o
    0x1fff52c8   0x1fff52c8   0x0000000c   Ven    RO         4884    Veneer$$Code        anon$$obj.o
    0x1fff52d4   0x1fff52d4   0x0000000c   Ven    RO         4885    Veneer$$Code        anon$$obj.o
    0x1fff52e0   0x1fff52e0   0x0000000c   Ven    RO         4886    Veneer$$Code        anon$$obj.o
    0x1fff52ec   0x1fff52ec   0x0000000c   Ven    RO         4887    Veneer$$Code        anon$$obj.o
    0x1fff52f8   0x1fff52f8   0x0000000c   Ven    RO         4888    Veneer$$Code        anon$$obj.o
    0x1fff5304   0x1fff5304   0x0000000c   Ven    RO         4889    Veneer$$Code        anon$$obj.o
    0x1fff5310   0x1fff5310   0x0000000c   Ven    RO         4890    Veneer$$Code        anon$$obj.o
    0x1fff531c   0x1fff531c   0x0000000c   Ven    RO         4891    Veneer$$Code        anon$$obj.o
    0x1fff5328   0x1fff5328   0x0000000c   Ven    RO         4892    Veneer$$Code        anon$$obj.o
    0x1fff5334   0x1fff5334   0x0000000c   Ven    RO         4893    Veneer$$Code        anon$$obj.o
    0x1fff5340   0x1fff5340   0x0000000c   Ven    RO         4894    Veneer$$Code        anon$$obj.o
    0x1fff534c   0x1fff534c   0x0000000c   Ven    RO         4895    Veneer$$Code        anon$$obj.o
    0x1fff5358   0x1fff5358   0x0000000c   Ven    RO         4896    Veneer$$Code        anon$$obj.o
    0x1fff5364   0x1fff5364   0x0000000c   Ven    RO         4897    Veneer$$Code        anon$$obj.o
    0x1fff5370   0x1fff5370   0x0000000c   Ven    RO         4898    Veneer$$Code        anon$$obj.o
    0x1fff537c   0x1fff537c   0x0000000c   Ven    RO         4899    Veneer$$Code        anon$$obj.o
    0x1fff5388   0x1fff5388   0x0000000c   Ven    RO         4900    Veneer$$Code        anon$$obj.o
    0x1fff5394   0x1fff5394   0x0000000c   Ven    RO         4901    Veneer$$Code        anon$$obj.o
    0x1fff53a0   0x1fff53a0   0x0000000c   Ven    RO         4902    Veneer$$Code        anon$$obj.o
    0x1fff53ac   0x1fff53ac   0x0000000c   Ven    RO         4903    Veneer$$Code        anon$$obj.o
    0x1fff53b8   0x1fff53b8   0x0000000c   Ven    RO         4904    Veneer$$Code        anon$$obj.o
    0x1fff53c4   0x1fff53c4   0x0000000c   Ven    RO         4905    Veneer$$Code        anon$$obj.o
    0x1fff53d0   0x1fff53d0   0x0000000c   Ven    RO         4906    Veneer$$Code        anon$$obj.o
    0x1fff53dc   0x1fff53dc   0x0000000c   Ven    RO         4907    Veneer$$Code        anon$$obj.o
    0x1fff53e8   0x1fff53e8   0x0000000c   Ven    RO         4908    Veneer$$Code        anon$$obj.o
    0x1fff53f4   0x1fff53f4   0x0000000c   Ven    RO         4909    Veneer$$Code        anon$$obj.o
    0x1fff5400   0x1fff5400   0x0000000c   Ven    RO         4910    Veneer$$Code        anon$$obj.o
    0x1fff540c   0x1fff540c   0x0000000c   Ven    RO         4911    Veneer$$Code        anon$$obj.o
    0x1fff5418   0x1fff5418   0x0000000c   Ven    RO         4912    Veneer$$Code        anon$$obj.o
    0x1fff5424   0x1fff5424   0x0000000c   Ven    RO         4913    Veneer$$Code        anon$$obj.o
    0x1fff5430   0x1fff5430   0x0000000c   Ven    RO         4914    Veneer$$Code        anon$$obj.o
    0x1fff543c   0x1fff543c   0x0000000c   Ven    RO         4915    Veneer$$Code        anon$$obj.o
    0x1fff5448   0x1fff5448   0x0000000c   Ven    RO         4916    Veneer$$Code        anon$$obj.o
    0x1fff5454   0x1fff5454   0x0000000c   Ven    RO         4917    Veneer$$Code        anon$$obj.o
    0x1fff5460   0x1fff5460   0x0000000c   Ven    RO         4918    Veneer$$Code        anon$$obj.o
    0x1fff546c   0x1fff546c   0x0000000c   Ven    RO         4919    Veneer$$Code        anon$$obj.o
    0x1fff5478   0x1fff5478   0x0000000c   Ven    RO         4920    Veneer$$Code        anon$$obj.o
    0x1fff5484   0x1fff5484   0x0000000c   Ven    RO         4921    Veneer$$Code        anon$$obj.o
    0x1fff5490   0x1fff5490   0x0000000c   Ven    RO         4922    Veneer$$Code        anon$$obj.o
    0x1fff549c   0x1fff549c   0x0000000c   Ven    RO         4923    Veneer$$Code        anon$$obj.o
    0x1fff54a8   0x1fff54a8   0x0000000c   Ven    RO         4924    Veneer$$Code        anon$$obj.o
    0x1fff54b4   0x1fff54b4   0x0000000c   Ven    RO         4925    Veneer$$Code        anon$$obj.o
    0x1fff54c0   0x1fff54c0   0x0000000c   Ven    RO         4926    Veneer$$Code        anon$$obj.o
    0x1fff54cc   0x1fff54cc   0x0000000c   Ven    RO         4927    Veneer$$Code        anon$$obj.o
    0x1fff54d8   0x1fff54d8   0x0000000c   Ven    RO         4928    Veneer$$Code        anon$$obj.o
    0x1fff54e4   0x1fff54e4   0x0000000c   Ven    RO         4929    Veneer$$Code        anon$$obj.o
    0x1fff54f0   0x1fff54f0   0x0000000c   Ven    RO         4930    Veneer$$Code        anon$$obj.o
    0x1fff54fc   0x1fff54fc   0x0000000c   Ven    RO         4931    Veneer$$Code        anon$$obj.o
    0x1fff5508   0x1fff5508   0x0000000c   Ven    RO         4932    Veneer$$Code        anon$$obj.o
    0x1fff5514   0x1fff5514   0x0000000c   Ven    RO         4933    Veneer$$Code        anon$$obj.o
    0x1fff5520   0x1fff5520   0x0000000c   Ven    RO         4934    Veneer$$Code        anon$$obj.o
    0x1fff552c   0x1fff552c   0x0000000c   Ven    RO         4935    Veneer$$Code        anon$$obj.o
    0x1fff5538   0x1fff5538   0x0000000c   Ven    RO         4936    Veneer$$Code        anon$$obj.o
    0x1fff5544   0x1fff5544   0x0000000c   Ven    RO         4937    Veneer$$Code        anon$$obj.o
    0x1fff5550   0x1fff5550   0x0000000c   Ven    RO         4938    Veneer$$Code        anon$$obj.o
    0x1fff555c   0x1fff555c   0x0000000c   Ven    RO         4939    Veneer$$Code        anon$$obj.o
    0x1fff5568   0x1fff5568   0x0000000c   Ven    RO         4940    Veneer$$Code        anon$$obj.o
    0x1fff5574   0x1fff5574   0x0000000c   Ven    RO         4941    Veneer$$Code        anon$$obj.o
    0x1fff5580   0x1fff5580   0x0000000c   Ven    RO         4942    Veneer$$Code        anon$$obj.o
    0x1fff558c   0x1fff558c   0x0000000c   Ven    RO         4943    Veneer$$Code        anon$$obj.o
    0x1fff5598   0x1fff5598   0x0000000c   Ven    RO         4944    Veneer$$Code        anon$$obj.o
    0x1fff55a4   0x1fff55a4   0x0000000c   Ven    RO         4945    Veneer$$Code        anon$$obj.o
    0x1fff55b0   0x1fff55b0   0x0000000c   Ven    RO         4946    Veneer$$Code        anon$$obj.o
    0x1fff55bc   0x1fff55bc   0x0000000c   Ven    RO         4947    Veneer$$Code        anon$$obj.o
    0x1fff55c8   0x1fff55c8   0x0000000c   Ven    RO         4948    Veneer$$Code        anon$$obj.o
    0x1fff55d4   0x1fff55d4   0x0000000c   Ven    RO         4949    Veneer$$Code        anon$$obj.o
    0x1fff55e0   0x1fff55e0   0x0000000c   Ven    RO         4950    Veneer$$Code        anon$$obj.o
    0x1fff55ec   0x1fff55ec   0x0000000c   Ven    RO         4951    Veneer$$Code        anon$$obj.o
    0x1fff55f8   0x1fff55f8   0x0000000c   Ven    RO         4952    Veneer$$Code        anon$$obj.o
    0x1fff5604   0x1fff5604   0x0000000c   Ven    RO         4953    Veneer$$Code        anon$$obj.o
    0x1fff5610   0x1fff5610   0x0000000c   Ven    RO         4954    Veneer$$Code        anon$$obj.o
    0x1fff561c   0x1fff561c   0x0000000c   Ven    RO         4955    Veneer$$Code        anon$$obj.o
    0x1fff5628   0x1fff5628   0x0000000c   Ven    RO         4956    Veneer$$Code        anon$$obj.o
    0x1fff5634   0x1fff5634   0x0000000c   Ven    RO         4957    Veneer$$Code        anon$$obj.o
    0x1fff5640   0x1fff5640   0x0000000c   Ven    RO         4958    Veneer$$Code        anon$$obj.o
    0x1fff564c   0x1fff564c   0x0000000c   Ven    RO         4959    Veneer$$Code        anon$$obj.o
    0x1fff5658   0x1fff5658   0x0000000c   Ven    RO         4960    Veneer$$Code        anon$$obj.o
    0x1fff5664   0x1fff5664   0x0000000c   Ven    RO         4961    Veneer$$Code        anon$$obj.o
    0x1fff5670   0x1fff5670   0x0000000c   Ven    RO         4962    Veneer$$Code        anon$$obj.o
    0x1fff567c   0x1fff567c   0x0000000c   Ven    RO         4963    Veneer$$Code        anon$$obj.o
    0x1fff5688   0x1fff5688   0x00000030   Code   RO         1698    i.BCD2ASC           user_utils.o
    0x1fff56b8   0x1fff56b8   0x00000024   Code   RO         3213    i.Batt_AddService   battservice.o
    0x1fff56dc   0x1fff56dc   0x000000e0   Code   RO          508    i.CCS_DATATRANSFER_PROCESS  command_center.o
    0x1fff57bc   0x1fff57bc   0x00000298   Code   RO          509    i.CCS_EventsPro_TestMode  command_center.o
    0x1fff5a54   0x1fff5a54   0x0000000c   Code   RO          510    i.CCS_GET_BLE_Status  command_center.o
    0x1fff5a60   0x1fff5a60   0x00000010   Code   RO          511    i.CCS_GET_ChargeStatus  command_center.o
    0x1fff5a70   0x1fff5a70   0x0000000c   Code   RO          512    i.CCS_GET_HOTDISPLAYSTATUS  command_center.o
    0x1fff5a7c   0x1fff5a7c   0x00000054   Code   RO          513    i.CCS_NotifyStatus  command_center.o
    0x1fff5ad0   0x1fff5ad0   0x000002b4   Code   RO          514    i.CCS_SIMPLEGATT_DATA_PROCESS  command_center.o
    0x1fff5d84   0x1fff5d84   0x000000e4   Code   RO          515    i.CCS_Systems_off   command_center.o
    0x1fff5e68   0x1fff5e68   0x000000e8   Code   RO          516    i.CCS_Systems_on    command_center.o
    0x1fff5f50   0x1fff5f50   0x00000364   Code   RO          517    i.CCS_keysChange_handle  command_center.o
    0x1fff62b4   0x1fff62b4   0x00000018   Code   RO         3307    i.DevInfo_AddService  devinfoservice.o
    0x1fff62cc   0x1fff62cc   0x00000050   Code   RO         1182    i.FallingAndRising  user_lighteffect.o
    0x1fff631c   0x1fff631c   0x00000140   Code   RO         3541    i.GAPBondMgr_LinkEst  gapbondmgr.o
    0x1fff645c   0x1fff645c   0x000000b4   Code   RO         3546    i.GAPBondMgr_ResolveAddr  gapbondmgr.o
    0x1fff6510   0x1fff6510   0x000000e8   Code   RO         3437    i.GAPRole_GetParameter  peripheral.o
    0x1fff65f8   0x1fff65f8   0x00000044   Code   RO         3438    i.GAPRole_Init      peripheral.o
    0x1fff663c   0x1fff663c   0x000000f4   Code   RO         3439    i.GAPRole_ProcessEvent  peripheral.o
    0x1fff6730   0x1fff6730   0x00000058   Code   RO         3441    i.GAPRole_SendUpdateParam  peripheral.o
    0x1fff6788   0x1fff6788   0x00000214   Code   RO         3442    i.GAPRole_SetParameter  peripheral.o
    0x1fff699c   0x1fff699c   0x00000038   Code   RO         3443    i.GAPRole_StartDevice  peripheral.o
    0x1fff69d4   0x1fff69d4   0x00000020   Code   RO         3444    i.GAPRole_TerminateConnection  peripheral.o
    0x1fff69f4   0x1fff69f4   0x0000003e   Code   RO         3518    i.GAP_DeviceInit    gap.o
    0x1fff6a32   0x1fff6a32   0x00000050   Code   RO          193    i.GAP_GetConnetInt  blesmartperipheral.o
    0x1fff6a82   0x1fff6a82   0x0000005a   Code   RO          194    i.GAP_GetadvInt     blesmartperipheral.o
    0x1fff6adc   0x1fff6adc   0x00000022   Code   RO         3715    i.GATTServApp_FindAttr  gattservapp.o
    0x1fff6afe   COMPRESSED   0x00000002   PAD
    0x1fff6b00   0x1fff6b00   0x0000004c   Code   RO         3718    i.GATTServApp_Init  gattservapp.o
    0x1fff6b4c   0x1fff6b4c   0x00000030   Code   RO         3719    i.GATTServApp_InitCharCfg  gattservapp.o
    0x1fff6b7c   0x1fff6b7c   0x00000058   Code   RO         3720    i.GATTServApp_ProcessCCCWriteReq  gattservapp.o
    0x1fff6bd4   0x1fff6bd4   0x00000094   Code   RO         3721    i.GATTServApp_ProcessCharCfg  gattservapp.o
    0x1fff6c68   0x1fff6c68   0x00000038   Code   RO         3722    i.GATTServApp_ProcessEvent  gattservapp.o
    0x1fff6ca0   0x1fff6ca0   0x00000228   Code   RO         3723    i.GATTServApp_ReadAttr  gattservapp.o
    0x1fff6ec8   0x1fff6ec8   0x0000000e   Code   RO         3724    i.GATTServApp_ReadCharCfg  gattservapp.o
    0x1fff6ed6   COMPRESSED   0x00000002   PAD
    0x1fff6ed8   0x1fff6ed8   0x0000005c   Code   RO         3726    i.GATTServApp_RegisterService  gattservapp.o
    0x1fff6f34   0x1fff6f34   0x00000038   Code   RO         3727    i.GATTServApp_SendCCCUpdatedEvent  gattservapp.o
    0x1fff6f6c   0x1fff6f6c   0x00000024   Code   RO         3728    i.GATTServApp_SendServiceChangedInd  gattservapp.o
    0x1fff6f90   0x1fff6f90   0x00000018   Code   RO         3731    i.GATTServApp_UpdateCharCfg  gattservapp.o
    0x1fff6fa8   0x1fff6fa8   0x00000042   Code   RO         3732    i.GATTServApp_WriteAttr  gattservapp.o
    0x1fff6fea   COMPRESSED   0x00000002   PAD
    0x1fff6fec   0x1fff6fec   0x0000002c   Code   RO         3733    i.GATTServApp_WriteCharCfg  gattservapp.o
    0x1fff7018   0x1fff7018   0x00000020   Code   RO         3357    i.GGS_AddService    gapgattserver.o
    0x1fff7038   0x1fff7038   0x00000088   Code   RO         3363    i.GGS_SetParameter  gapgattserver.o
    0x1fff70c0   0x1fff70c0   0x0000000c   Code   RO          195    i.GetgapProfileState  blesmartperipheral.o
    0x1fff70cc   0x1fff70cc   0x00000012   Code   RO          518    i.HW_RESET_MCU      command_center.o
    0x1fff70de   COMPRESSED   0x00000002   PAD
    0x1fff70e0   0x1fff70e0   0x00000150   Code   RO         4284    i.LL_SetScanControl1  rf.lib(patch.o)
    0x1fff7230   0x1fff7230   0x00000022   Code   RO          791    i.OLED_Set_Pos      display.o
    0x1fff7252   COMPRESSED   0x00000002   PAD
    0x1fff7254   0x1fff7254   0x00000044   Code   RO          792    i.OLED_ShowCHinese  display.o
    0x1fff7298   0x1fff7298   0x00000058   Code   RO          793    i.OLED_ShowChar     display.o
    0x1fff72f0   0x1fff72f0   0x00000060   Code   RO          794    i.OLED_ShowChineseNum  display.o
    0x1fff7350   0x1fff7350   0x00000062   Code   RO          795    i.OLED_ShowNum      display.o
    0x1fff73b2   0x1fff73b2   0x0000002e   Code   RO          796    i.OLED_ShowString   display.o
    0x1fff73e0   0x1fff73e0   0x000000a8   Code   RO         4403    i.ProgramWord       rf.lib(flash_ext.o)
    0x1fff7488   0x1fff7488   0x0000003c   Code   RO         4018    i.SimpleProfile_AddService  simplegattprofile.o
    0x1fff74c4   0x1fff74c4   0x00000050   Code   RO         4019    i.SimpleProfile_GetParameter  simplegattprofile.o
    0x1fff7514   0x1fff7514   0x00000014   Code   RO         4020    i.SimpleProfile_RegisterAppCBs  simplegattprofile.o
    0x1fff7528   0x1fff7528   0x000000b8   Code   RO         4021    i.SimpleProfile_SetParameter  simplegattprofile.o
    0x1fff75e0   0x1fff75e0   0x00000010   Code   RO         4250    i.SystemInit        system_armcm0.o
    0x1fff75f0   0x1fff75f0   0x00000064   Code   RO          330    i.UserInfo_NotifyStatus  systems_parameters.o
    0x1fff7654   0x1fff7654   0x00000012   Code   RO         2056    i.WaitMs            common.o
    0x1fff7666   COMPRESSED   0x00000002   PAD
    0x1fff7668   0x1fff7668   0x0000002c   Code   RO         2057    i.WaitRTCCount      common.o
    0x1fff7694   0x1fff7694   0x00000028   Code   RO         2058    i.WaitUs            common.o
    0x1fff76bc   0x1fff76bc   0x00000020   Code   RO         4702    i.__0printf$8       mc_p.l(printf8.o)
    0x1fff76dc   0x1fff76dc   0x00000028   Code   RO         4704    i.__0sprintf$8      mc_p.l(printf8.o)
    0x1fff7704   0x1fff7704   0x0000002e   Code   RO         4854    i.__ARM_clz         mf_p.l(depilogue.o)
    0x1fff7732   COMPRESSED   0x00000002   PAD
    0x1fff7734   0x1fff7734   0x00000018   Code   RO         2185    i.__NVIC_EnableIRQ  gpio.o
    0x1fff774c   0x1fff774c   0x00000044   Code   RO         2186    i.__NVIC_SetPriority  gpio.o
    0x1fff7790   0x1fff7790   0x00000044   Code   RO         2823    i.__NVIC_SetPriority  spi.o
    0x1fff77d4   0x1fff77d4   0x00000044   Code   RO         4114    i.__NVIC_SetPriority  main.o
    0x1fff7818   0x1fff7818   0x0000001c   Code   RO          331    i.__NVIC_SystemReset  systems_parameters.o
    0x1fff7834   0x1fff7834   0x0000001c   Code   RO         3944    i.__NVIC_SystemReset  ota_app_service.o
    0x1fff7850   0x1fff7850   0x0000000e   Code   RO         4866    i.__scatterload_copy  mc_p.l(handlers.o)
    0x1fff785e   0x1fff785e   0x00000002   Code   RO         4867    i.__scatterload_null  mc_p.l(handlers.o)
    0x1fff7860   0x1fff7860   0x0000000e   Code   RO         4868    i.__scatterload_zeroinit  mc_p.l(handlers.o)
    0x1fff786e   COMPRESSED   0x00000002   PAD
    0x1fff7870   0x1fff7870   0x00000094   Code   RO         3143    i._hal_i2c_read_s   i2c.o
    0x1fff7904   0x1fff7904   0x00000058   Code   RO         1581    i._hal_i2c_write_s  user_i2c.o
    0x1fff795c   0x1fff795c   0x00000428   Code   RO         4709    i._printf_core      mc_p.l(printf8.o)
    0x1fff7d84   0x1fff7d84   0x00000020   Code   RO         4710    i._printf_post_padding  mc_p.l(printf8.o)
    0x1fff7da4   0x1fff7da4   0x0000002c   Code   RO         4711    i._printf_pre_padding  mc_p.l(printf8.o)
    0x1fff7dd0   0x1fff7dd0   0x0000000a   Code   RO         4713    i._sputc            mc_p.l(printf8.o)
    0x1fff7dda   COMPRESSED   0x00000002   PAD
    0x1fff7ddc   0x1fff7ddc   0x00000018   Code   RO         2562    i.adc_wakeup_hdl    adc.o
    0x1fff7df4   0x1fff7df4   0x00000014   Code   RO            1    i.app_main          blesmartperipheral_main.o
    0x1fff7e08   0x1fff7e08   0x00000036   Code   RO         4286    i.arry_sort         rf.lib(patch.o)
    0x1fff7e3e   COMPRESSED   0x00000002   PAD
    0x1fff7e40   0x1fff7e40   0x00000038   Code   RO         3219    i.battMeasure       battservice.o
    0x1fff7e78   0x1fff7e78   0x000000a4   Code   RO         3221    i.battReadAttrCB    battservice.o
    0x1fff7f1c   0x1fff7f1c   0x00000234   Code   RO          519    i.battVoltCompensation  command_center.o
    0x1fff8150   0x1fff8150   0x0000005c   Code   RO         3222    i.battWriteAttrCB   battservice.o
    0x1fff81ac   0x1fff81ac   0x0000001c   Code   RO          422    i.batt_RegisterCBs_Value  battery.o
    0x1fff81c8   0x1fff81c8   0x00000094   Code   RO          423    i.batt_adc_evt      battery.o
    0x1fff825c   0x1fff825c   0x000000d8   Code   RO          424    i.batt_adc_init     battery.o
    0x1fff8334   0x1fff8334   0x00000068   Code   RO          425    i.batt_cal          battery.o
    0x1fff839c   0x1fff839c   0x0000000c   Code   RO          426    i.batt_get_percent  battery.o
    0x1fff83a8   0x1fff83a8   0x0000000c   Code   RO          427    i.batt_get_voltage  battery.o
    0x1fff83b4   0x1fff83b4   0x00000018   Code   RO          428    i.batt_init         battery.o
    0x1fff83cc   0x1fff83cc   0x00000008   Code   RO          429    i.batt_measure      battery.o
    0x1fff83d4   0x1fff83d4   0x0000009c   Code   RO          797    i.batterDisplay     display.o
    0x1fff8470   0x1fff8470   0x0000008a   Code   RO          798    i.batteryPercentDisplay  display.o
    0x1fff84fa   COMPRESSED   0x00000002   PAD
    0x1fff84fc   0x1fff84fc   0x00000170   Code   RO          196    i.bleSmartPeripheral_Init  blesmartperipheral.o
    0x1fff866c   0x1fff866c   0x00000048   Code   RO          197    i.bleSmartPeripheral_ProcessEvent  blesmartperipheral.o
    0x1fff86b4   0x1fff86b4   0x00000064   Code   RO         1639    i.chargeSttsDectEvent  user_charge.o
    0x1fff8718   0x1fff8718   0x00000020   Code   RO         1183    i.checkFlashLoopOver  user_lighteffect.o
    0x1fff8738   0x1fff8738   0x00000020   Code   RO         4408    i.check_chip_id     rf.lib(flash_ext.o)
    0x1fff8758   0x1fff8758   0x00000020   Code   RO         4409    i.check_chip_mAddr  rf.lib(flash_ext.o)
    0x1fff8778   0x1fff8778   0x00000028   Code   RO         4410    i.check_internal_bus_busy  rf.lib(flash_ext.o)
    0x1fff87a0   0x1fff87a0   0x0000006c   Code   RO         4411    i.chip_id_one_bit_hot_convter  rf.lib(flash_ext.o)
    0x1fff880c   0x1fff880c   0x00000114   Code   RO          520    i.chkLightEffectModeVoltCompensation  command_center.o
    0x1fff8920   0x1fff8920   0x0000001c   Code   RO          799    i.clearSecondLineDisplay  display.o
    0x1fff893c   0x1fff893c   0x00000010   Code   RO         2563    i.clear_adcc_cfg    adc.o
    0x1fff894c   0x1fff894c   0x00000014   Code   RO         1861    i.clk_gate_disable  clock.o
    0x1fff8960   0x1fff8960   0x00000014   Code   RO         1862    i.clk_gate_enable   clock.o
    0x1fff8974   0x1fff8974   0x0000000c   Code   RO         1864    i.clk_pclk          clock.o
    0x1fff8980   0x1fff8980   0x00000016   Code   RO         1865    i.clk_reset         clock.o
    0x1fff8996   COMPRESSED   0x00000002   PAD
    0x1fff8998   0x1fff8998   0x00000140   Code   RO          521    i.command_center_Init  command_center.o
    0x1fff8ad8   0x1fff8ad8   0x00000544   Code   RO          522    i.command_center_ProcessEvent  command_center.o
    0x1fff901c   0x1fff901c   0x0000005c   Code   RO         1185    i.customizeFlashCbfunc  user_lighteffect.o
    0x1fff9078   0x1fff9078   0x00000050   Code   RO         1186    i.customizeFlashEffect  user_lighteffect.o
    0x1fff90c8   0x1fff90c8   0x00000008   Code   RO         1187    i.customizeFlashEndCbfunc  user_lighteffect.o
    0x1fff90d0   0x1fff90d0   0x000000b8   Code   RO         1188    i.customizeGradualEffect  user_lighteffect.o
    0x1fff9188   0x1fff9188   0x00000104   Code   RO         1189    i.customizeGrdualCbfunc  user_lighteffect.o
    0x1fff928c   0x1fff928c   0x00000070   Code   RO         1190    i.customizeGrdualEndCbfunc  user_lighteffect.o
    0x1fff92fc   0x1fff92fc   0x0000004c   Code   RO         1191    i.customizeOneShotCbfunc  user_lighteffect.o
    0x1fff9348   0x1fff9348   0x0000005c   Code   RO         1192    i.customizeOneShotEffect  user_lighteffect.o
    0x1fff93a4   0x1fff93a4   0x00000088   Code   RO         3308    i.devInfo_ReadAttrCB  devinfoservice.o
    0x1fff942c   0x1fff942c   0x00000020   Code   RO         4413    i.disable_spif_flash_write  rf.lib(flash_ext.o)
    0x1fff944c   0x1fff944c   0x00000038   Code   RO          800    i.displayFactoryInfo  display.o
    0x1fff9484   0x1fff9484   0x00000090   Code   RO          801    i.displayFloat      display.o
    0x1fff9514   0x1fff9514   0x0000010c   Code   RO          802    i.displaySystemMenu  display.o
    0x1fff9620   0x1fff9620   0x0000000c   Code   RO          803    i.display_Init      display.o
    0x1fff962c   0x1fff962c   0x00000020   Code   RO         4414    i.enable_spif_flash_write  rf.lib(flash_ext.o)
    0x1fff964c   0x1fff964c   0x0000004c   Code   RO          523    i.entryBurnInTest   command_center.o
    0x1fff9698   0x1fff9698   0x000000c0   Code   RO          524    i.entryFactoryMode  command_center.o
    0x1fff9758   0x1fff9758   0x00000020   Code   RO          525    i.factoryModeColorTempOn  command_center.o
    0x1fff9778   0x1fff9778   0x00000024   Code   RO          526    i.factoryModeRGBOn  command_center.o
    0x1fff979c   0x1fff979c   0x000000cc   Code   RO         1193    i.flashMode1StyleCProess  user_lighteffect.o
    0x1fff9868   0x1fff9868   0x00000070   Code   RO         1194    i.flashMode1StyleCfunc  user_lighteffect.o
    0x1fff98d8   0x1fff98d8   0x0000008c   Code   RO         1195    i.flashMode2StyleAfunc  user_lighteffect.o
    0x1fff9964   0x1fff9964   0x00000008   Code   RO         1196    i.flashMode2StyleBfunc  user_lighteffect.o
    0x1fff996c   0x1fff996c   0x00000220   Code   RO         1197    i.flashMode2StyleCProess  user_lighteffect.o
    0x1fff9b8c   0x1fff9b8c   0x00000070   Code   RO         1198    i.flashMode2StyleCfunc  user_lighteffect.o
    0x1fff9bfc   0x1fff9bfc   0x0000005c   Code   RO         2761    i.flash_erase_ucds  flash.o
    0x1fff9c58   0x1fff9c58   0x0000001c   Code   RO         2763    i.flash_read_ucds   flash.o
    0x1fff9c74   0x1fff9c74   0x00000084   Code   RO         2765    i.flash_read_ucds_block_byte  flash.o
    0x1fff9cf8   0x1fff9cf8   0x00000050   Code   RO         4416    i.flash_sector_erase  rf.lib(flash_ext.o)
    0x1fff9d48   0x1fff9d48   0x00000034   Code   RO         2766    i.flash_write_ucds  flash.o
    0x1fff9d7c   0x1fff9d7c   0x00000084   Code   RO         2768    i.flash_write_ucds_block_byte  flash.o
    0x1fff9e00   0x1fff9e00   0x00000012   Code   RO         4836    i.fputc             mc_p.l(fputc.o)
    0x1fff9e12   COMPRESSED   0x00000002   PAD
    0x1fff9e14   0x1fff9e14   0x00000054   Code   RO         4756    i.free              mc_p.l(malloc.o)
    0x1fff9e68   0x1fff9e68   0x00000020   Code   RO         1640    i.fullyPinHighCb    user_charge.o
    0x1fff9e88   0x1fff9e88   0x0000001c   Code   RO         1641    i.fullyPinLowCb     user_charge.o
    0x1fff9ea4   0x1fff9ea4   0x00000030   Code   RO         3557    i.gapBondMgrFindAddr  gapbondmgr.o
    0x1fff9ed4   0x1fff9ed4   0x00000036   Code   RO         3559    i.gapBondMgrGetPublicAddr  gapbondmgr.o
    0x1fff9f0a   0x1fff9f0a   0x0000001c   Code   RO         3560    i.gapBondMgrInvertCharCfgItem  gapbondmgr.o
    0x1fff9f26   COMPRESSED   0x00000002   PAD
    0x1fff9f28   0x1fff9f28   0x000001f4   Code   RO         3445    i.gapRole_ProcessGAPMsg  peripheral.o
    0x1fffa11c   0x1fffa11c   0x000000b0   Code   RO         3446    i.gapRole_ProcessOSALMsg  peripheral.o
    0x1fffa1cc   0x1fffa1cc   0x00000058   Code   RO         3447    i.gapRole_startConnUpdate  peripheral.o
    0x1fffa224   0x1fffa224   0x0000000e   Code   RO         3734    i.gattServApp_FindAuthorizeAttrCB  gattservapp.o
    0x1fffa232   0x1fffa232   0x0000001c   Code   RO         3735    i.gattServApp_FindCharCfgItem  gattservapp.o
    0x1fffa24e   COMPRESSED   0x00000002   PAD
    0x1fffa250   0x1fffa250   0x00000024   Code   RO         3736    i.gattServApp_FindPrepareWriteQ  gattservapp.o
    0x1fffa274   0x1fffa274   0x00000020   Code   RO         3737    i.gattServApp_FindServiceCBs  gattservapp.o
    0x1fffa294   0x1fffa294   0x0000005c   Code   RO         3738    i.gattServApp_HandleConnStatusCB  gattservapp.o
    0x1fffa2f0   0x1fffa2f0   0x00000088   Code   RO         3739    i.gattServApp_ProcessExecuteWriteReq  gattservapp.o
    0x1fffa378   0x1fffa378   0x000000f0   Code   RO         3740    i.gattServApp_ProcessFindByTypeValueReq  gattservapp.o
    0x1fffa468   0x1fffa468   0x00000164   Code   RO         3741    i.gattServApp_ProcessMsg  gattservapp.o
    0x1fffa5cc   0x1fffa5cc   0x000000a4   Code   RO         3742    i.gattServApp_ProcessPrepareWriteReq  gattservapp.o
    0x1fffa670   0x1fffa670   0x00000138   Code   RO         3743    i.gattServApp_ProcessReadByGrpTypeReq  gattservapp.o
    0x1fffa7a8   0x1fffa7a8   0x00000118   Code   RO         3744    i.gattServApp_ProcessReadByTypeReq  gattservapp.o
    0x1fffa8c0   0x1fffa8c0   0x000000c8   Code   RO         3745    i.gattServApp_ProcessReadMultiReq  gattservapp.o
    0x1fffa988   0x1fffa988   0x0000007a   Code   RO         3746    i.gattServApp_ProcessWriteReq  gattservapp.o
    0x1fffaa02   COMPRESSED   0x00000002   PAD
    0x1fffaa04   0x1fffaa04   0x00000078   Code   RO         3748    i.gattServApp_SetNumPrepareWrites  gattservapp.o
    0x1fffaa7c   0x1fffaa7c   0x0000000c   Code   RO         2564    i.getAdcStts        adc.o
    0x1fffaa88   0x1fffaa88   0x00000018   Code   RO          430    i.getBattPercentByVolt  battery.o
    0x1fffaaa0   0x1fffaaa0   0x000000b8   Code   RO          431    i.getBattPercentByVoltMv  battery.o
    0x1fffab58   0x1fffab58   0x0000006c   Code   RO         1642    i.getChargeStts     user_charge.o
    0x1fffabc4   0x1fffabc4   0x00000108   Code   RO          527    i.getChargingCurrentByVolt  command_center.o
    0x1fffaccc   0x1fffaccc   0x0000000c   Code   RO          528    i.getCompensationVolt  command_center.o
    0x1fffacd8   0x1fffacd8   0x0000000c   Code   RO         1017    i.getLightStts      light.o
    0x1ffface4   0x1ffface4   0x00000018   Code   RO          804    i.getNumLen         display.o
    0x1fffacfc   0x1fffacfc   0x00000024   Code   RO          332    i.getSystemId       systems_parameters.o
    0x1fffad20   0x1fffad20   0x0000000c   Code   RO          529    i.getSystemStts     command_center.o
    0x1fffad2c   0x1fffad2c   0x000000c2   Code   RO         3364    i.ggs_ReadAttrCB    gapgattserver.o
    0x1fffadee   0x1fffadee   0x00000058   Code   RO         3365    i.ggs_SetAttrWPermit  gapgattserver.o
    0x1fffae46   COMPRESSED   0x00000002   PAD
    0x1fffae48   0x1fffae48   0x000000e4   Code   RO         3366    i.ggs_WriteAttrCB   gapgattserver.o
    0x1fffaf2c   0x1fffaf2c   0x00000028   Code   RO         2187    i.gpio_interrupt_disable  gpio.o
    0x1fffaf54   0x1fffaf54   0x0000003c   Code   RO         2188    i.gpio_interrupt_enable  gpio.o
    0x1fffaf90   0x1fffaf90   0x00000028   Code   RO         2189    i.gpio_pin0to3_pin31to34_control  gpio.o
    0x1fffafb8   0x1fffafb8   0x00000044   Code   RO         2190    i.gpio_sleep_handler  gpio.o
    0x1fffaffc   0x1fffaffc   0x0000005c   Code   RO         2191    i.gpio_wakeup_handler  gpio.o
    0x1fffb058   0x1fffb058   0x00000068   Code   RO         2192    i.gpioin_event      gpio.o
    0x1fffb0c0   0x1fffb0c0   0x00000024   Code   RO         2193    i.gpioin_event_pin  gpio.o
    0x1fffb0e4   0x1fffb0e4   0x000000cc   Code   RO         2565    i.hal_ADC_IRQHandler  adc.o
    0x1fffb1b0   0x1fffb1b0   0x00000018   Code   RO         2194    i.hal_GPIO_IRQHandler  gpio.o
    0x1fffb1c8   0x1fffb1c8   0x00000038   Code   RO         2824    i.hal_SPI0_IRQHandler  spi.o
    0x1fffb200   0x1fffb200   0x00000038   Code   RO         2825    i.hal_SPI1_IRQHandler  spi.o
    0x1fffb238   0x1fffb238   0x00000040   Code   RO         2412    i.hal_UART0_IRQHandler  uart.o
    0x1fffb278   0x1fffb278   0x00000270   Code   RO         2567    i.hal_adc_config_channel  adc.o
    0x1fffb4e8   0x1fffb4e8   0x00000020   Code   RO         2568    i.hal_adc_init      adc.o
    0x1fffb508   0x1fffb508   0x0000004c   Code   RO         2569    i.hal_adc_start     adc.o
    0x1fffb554   0x1fffb554   0x000000e4   Code   RO         2570    i.hal_adc_stop      adc.o
    0x1fffb638   0x1fffb638   0x00000158   Code   RO         2571    i.hal_adc_value_cal  adc.o
    0x1fffb790   0x1fffb790   0x00000028   Code   RO         2195    i.hal_gpio_DS_control  gpio.o
    0x1fffb7b8   0x1fffb7b8   0x00000040   Code   RO         2196    i.hal_gpio_cfg_analog_io  gpio.o
    0x1fffb7f8   0x1fffb7f8   0x00000028   Code   RO         2198    i.hal_gpio_fmux     gpio.o
    0x1fffb820   0x1fffb820   0x00000030   Code   RO         2199    i.hal_gpio_fmux_set  gpio.o
    0x1fffb850   0x1fffb850   0x0000005c   Code   RO         2200    i.hal_gpio_init     gpio.o
    0x1fffb8ac   0x1fffb8ac   0x00000058   Code   RO         2209    i.hal_gpio_pin_init  gpio.o
    0x1fffb904   0x1fffb904   0x00000038   Code   RO         2210    i.hal_gpio_pull_set  gpio.o
    0x1fffb93c   0x1fffb93c   0x00000038   Code   RO         2211    i.hal_gpio_read     gpio.o
    0x1fffb974   0x1fffb974   0x00000050   Code   RO         2213    i.hal_gpio_wakeup_set  gpio.o
    0x1fffb9c4   0x1fffb9c4   0x00000040   Code   RO         2214    i.hal_gpio_write    gpio.o
    0x1fffba04   0x1fffba04   0x00000030   Code   RO         2215    i.hal_gpioin_disable  gpio.o
    0x1fffba34   0x1fffba34   0x0000006c   Code   RO         2216    i.hal_gpioin_enable  gpio.o
    0x1fffbaa0   0x1fffbaa0   0x00000030   Code   RO         2217    i.hal_gpioin_register  gpio.o
    0x1fffbad0   0x1fffbad0   0x00000024   Code   RO         3144    i.hal_i2c_addr_update  i2c.o
    0x1fffbaf4   0x1fffbaf4   0x00000104   Code   RO         3146    i.hal_i2c_init      i2c.o
    0x1fffbbf8   0x1fffbbf8   0x00000042   Code   RO         3147    i.hal_i2c_pin_init  i2c.o
    0x1fffbc3a   COMPRESSED   0x00000002   PAD
    0x1fffbc3c   0x1fffbc3c   0x00000030   Code   RO         3149    i.hal_i2c_send      i2c.o
    0x1fffbc6c   0x1fffbc6c   0x00000020   Code   RO         3150    i.hal_i2c_tx_start  i2c.o
    0x1fffbc8c   0x1fffbc8c   0x00000060   Code   RO         3151    i.hal_i2c_wait_tx_completed  i2c.o
    0x1fffbcec   0x1fffbcec   0x00000028   Code   RO         1869    i.hal_ms_intv       clock.o
    0x1fffbd14   0x1fffbd14   0x00000058   Code   RO         2663    i.hal_pwm_ch_start  pwm.o
    0x1fffbd6c   0x1fffbd6c   0x00000028   Code   RO         2664    i.hal_pwm_ch_stop   pwm.o
    0x1fffbd94   0x1fffbd94   0x0000001c   Code   RO         2665    i.hal_pwm_close_channel  pwm.o
    0x1fffbdb0   0x1fffbdb0   0x00000078   Code   RO         2666    i.hal_pwm_destroy   pwm.o
    0x1fffbe28   0x1fffbe28   0x00000058   Code   RO         2668    i.hal_pwm_init      pwm.o
    0x1fffbe80   0x1fffbe80   0x0000003c   Code   RO         2670    i.hal_pwm_module_init  pwm.o
    0x1fffbebc   0x1fffbebc   0x00000028   Code   RO         2671    i.hal_pwm_open_channel  pwm.o
    0x1fffbee4   0x1fffbee4   0x0000004c   Code   RO         2672    i.hal_pwm_set_count_val  pwm.o
    0x1fffbf30   0x1fffbf30   0x00000030   Code   RO         2673    i.hal_pwm_start     pwm.o
    0x1fffbf60   0x1fffbf60   0x00000030   Code   RO         2674    i.hal_pwm_stop      pwm.o
    0x1fffbf90   0x1fffbf90   0x00000018   Code   RO         1948    i.hal_pwrmgr_RAM_retention  pwrmgr.o
    0x1fffbfa8   0x1fffbfa8   0x0000001c   Code   RO         1950    i.hal_pwrmgr_RAM_retention_set  pwrmgr.o
    0x1fffbfc4   0x1fffbfc4   0x00000034   Code   RO         1951    i.hal_pwrmgr_init   pwrmgr.o
    0x1fffbff8   0x1fffbff8   0x00000050   Code   RO         1952    i.hal_pwrmgr_is_lock  pwrmgr.o
    0x1fffc048   0x1fffc048   0x00000054   Code   RO         1953    i.hal_pwrmgr_lock   pwrmgr.o
    0x1fffc09c   0x1fffc09c   0x00000044   Code   RO         1955    i.hal_pwrmgr_register  pwrmgr.o
    0x1fffc0e0   0x1fffc0e0   0x00000034   Code   RO         1956    i.hal_pwrmgr_sleep_process  pwrmgr.o
    0x1fffc114   0x1fffc114   0x00000060   Code   RO         1957    i.hal_pwrmgr_unlock  pwrmgr.o
    0x1fffc174   0x1fffc174   0x00000030   Code   RO         1959    i.hal_pwrmgr_wakeup_process  pwrmgr.o
    0x1fffc1a4   0x1fffc1a4   0x00000014   Code   RO         2071    i.hal_read_current_time  common.o
    0x1fffc1b8   0x1fffc1b8   0x00000078   Code   RO         4115    i.hal_rfphy_init    main.o
    0x1fffc230   0x1fffc230   0x00000064   Code   RO         4289    i.hal_rom_code_ini  rf.lib(patch.o)
    0x1fffc294   0x1fffc294   0x0000008c   Code   RO         1870    i.hal_rtc_clock_config  clock.o
    0x1fffc320   0x1fffc320   0x00000050   Code   RO         2827    i.hal_spi_bus_deinit  spi.o
    0x1fffc370   0x1fffc370   0x00000080   Code   RO         2828    i.hal_spi_bus_init  spi.o
    0x1fffc3f0   0x1fffc3f0   0x00000090   Code   RO         2832    i.hal_spi_master_init  spi.o
    0x1fffc480   0x1fffc480   0x0000006a   Code   RO         2834    i.hal_spi_pin_deinit  spi.o
    0x1fffc4ea   0x1fffc4ea   0x00000098   Code   RO         2835    i.hal_spi_pin_init  spi.o
    0x1fffc582   COMPRESSED   0x00000002   PAD
    0x1fffc584   0x1fffc584   0x00000078   Code   RO         2836    i.hal_spi_send_byte  spi.o
    0x1fffc5fc   0x1fffc5fc   0x000000d4   Code   RO         2073    i.hal_system_init   common.o
    0x1fffc6d0   0x1fffc6d0   0x0000000c   Code   RO         1871    i.hal_systick       clock.o
    0x1fffc6dc   0x1fffc6dc   0x0000004c   Code   RO         2414    i.hal_uart_init     uart.o
    0x1fffc728   0x1fffc728   0x0000001c   Code   RO         2415    i.hal_uart_send_buff  uart.o
    0x1fffc744   0x1fffc744   0x0000003c   Code   RO         2417    i.hal_uart_set_tx_buf  uart.o
    0x1fffc780   0x1fffc780   0x0000006c   Code   RO         3945    i.handleConnStatusCB  ota_app_service.o
    0x1fffc7ec   0x1fffc7ec   0x00000040   Code   RO         4207    i.hard_fault        jump_table.o
    0x1fffc82c   0x1fffc82c   0x00000274   Code   RO         1422    i.hsb2Rgb           user_color.o
    0x1fffcaa0   0x1fffcaa0   0x0000020c   Code   RO         4290    i.init_config       rf.lib(patch.o)
    0x1fffccac   0x1fffccac   0x00000058   Code   RO         1699    i.invalidMacAddrCheck  user_utils.o
    0x1fffcd04   0x1fffcd04   0x00000050   Code   RO         2418    i.irq_rx_handler    uart.o
    0x1fffcd54   0x1fffcd54   0x0000007c   Code   RO         2419    i.irq_tx_empty_handler  uart.o
    0x1fffcdd0   0x1fffcdd0   0x0000001c   Code   RO         1199    i.keepStep          user_lighteffect.o
    0x1fffcdec   0x1fffcdec   0x00000030   Code   RO          530    i.keyBrightnessDecProcess  command_center.o
    0x1fffce1c   0x1fffce1c   0x00000030   Code   RO          531    i.keyBrightnessIncProcess  command_center.o
    0x1fffce4c   0x1fffce4c   0x000000b4   Code   RO          532    i.keyFuncDownProcess  command_center.o
    0x1fffcf00   0x1fffcf00   0x000000b8   Code   RO          533    i.keyFuncUpProcess  command_center.o
    0x1fffcfb8   0x1fffcfb8   0x00000094   Code   RO          534    i.keyFunctionProcess  command_center.o
    0x1fffd04c   0x1fffd04c   0x00000028   Code   RO         3022    i.keys_Debounce_Handle  keys.o
    0x1fffd074   0x1fffd074   0x000000ac   Code   RO         3023    i.keys_Init         keys.o
    0x1fffd120   0x1fffd120   0x00000018   Code   RO         3024    i.keys_RegisterCBs  keys.o
    0x1fffd138   0x1fffd138   0x00000018   Code   RO         3025    i.keys_RegisterDebounceCBs  keys.o
    0x1fffd150   0x1fffd150   0x0000004c   Code   RO         3026    i.keys_read         keys.o
    0x1fffd19c   0x1fffd19c   0x00000048   Code   RO          806    i.lcd_bus_init      display.o
    0x1fffd1e4   0x1fffd1e4   0x00000050   Code   RO          807    i.lcd_clear         display.o
    0x1fffd234   0x1fffd234   0x000000dc   Code   RO          808    i.lcd_config        display.o
    0x1fffd310   0x1fffd310   0x00000034   Code   RO          809    i.lcd_off           display.o
    0x1fffd344   0x1fffd344   0x00000016   Code   RO          810    i.lcd_on            display.o
    0x1fffd35a   COMPRESSED   0x00000002   PAD
    0x1fffd35c   0x1fffd35c   0x000000a8   Code   RO         1200    i.lightEffectFunc   user_lighteffect.o
    0x1fffd404   0x1fffd404   0x00000018   Code   RO         1018    i.light_Init        light.o
    0x1fffd41c   0x1fffd41c   0x00000034   Code   RO         1019    i.light_ProcessEvent  light.o
    0x1fffd450   0x1fffd450   0x00000154   Code   RO         1020    i.light_ctrl        light.o
    0x1fffd5a4   0x1fffd5a4   0x000000b0   Code   RO         1021    i.light_off         light.o
    0x1fffd654   0x1fffd654   0x00000080   Code   RO         1022    i.light_update      light.o
    0x1fffd6d4   0x1fffd6d4   0x00000084   Code   RO         4292    i.llSetupAdv1       rf.lib(patch.o)
    0x1fffd758   0x1fffd758   0x0000011c   Code   RO         4293    i.ll_hw_go1         rf.lib(patch.o)
    0x1fffd874   0x1fffd874   0x00000040   Code   RO         1582    i.loadDefaultSetting  user_i2c.o
    0x1fffd8b4   0x1fffd8b4   0x0000005c   Code   RO         1583    i.loadSystemSetting  user_i2c.o
    0x1fffd910   0x1fffd910   0x000000d0   Code   RO         1023    i.loadTargetColorTemperatureValue  light.o
    0x1fffd9e0   0x1fffd9e0   0x0000001c   Code   RO         1201    i.loadTargetPwmData  user_lighteffect.o
    0x1fffd9fc   0x1fffd9fc   0x00000074   Code   RO         1024    i.loadTargetRGBValue  light.o
    0x1fffda70   0x1fffda70   0x0000007c   Code   RO         3946    i.load_ota_version  ota_app_service.o
    0x1fffdaec   0x1fffdaec   0x00000054   Code   RO         4116    i.main              main.o
    0x1fffdb40   0x1fffdb40   0x0000006c   Code   RO         4757    i.malloc            mc_p.l(malloc.o)
    0x1fffdbac   0x1fffdbac   0x00000018   Code   RO         3027    i.negedge_callback_wakeup  keys.o
    0x1fffdbc4   0x1fffdbc4   0x00000028   Code   RO          811    i.oledDisplayChineseString  display.o
    0x1fffdbec   0x1fffdbec   0x00000014   Code   RO          812    i.oled_pow          display.o
    0x1fffdc00   0x1fffdc00   0x00000080   Code   RO           52    i.osalInitTasks     osal_blesmartperipheral.o
    0x1fffdc80   0x1fffdc80   0x00000026   Code   RO         4161    i.osal_snv_read     osal_snv.o
    0x1fffdca6   0x1fffdca6   0x0000007e   Code   RO         4162    i.osal_snv_write    osal_snv.o
    0x1fffdd24   0x1fffdd24   0x00000028   Code   RO         3947    i.ota_ReadAttrCB    ota_app_service.o
    0x1fffdd4c   0x1fffdd4c   0x000000a4   Code   RO         3948    i.ota_WriteAttrCB   ota_app_service.o
    0x1fffddf0   0x1fffddf0   0x0000005c   Code   RO         3949    i.ota_app_AddService  ota_app_service.o
    0x1fffde4c   0x1fffde4c   0x000000cc   Code   RO          198    i.peripheralStateNotificationCB  blesmartperipheral.o
    0x1fffdf18   0x1fffdf18   0x0000003c   Code   RO         2493    i.phy_printf        my_printf.o
    0x1fffdf54   0x1fffdf54   0x00000002   Code   RO         2494    i.phy_printf_init   my_printf.o
    0x1fffdf56   COMPRESSED   0x00000002   PAD
    0x1fffdf58   0x1fffdf58   0x00000018   Code   RO         3028    i.posedge_callback_wakeup  keys.o
    0x1fffdf70   0x1fffdf70   0x00000028   Code   RO         1643    i.powerPinHiCb      user_charge.o
    0x1fffdf98   0x1fffdf98   0x00000028   Code   RO         1644    i.powerPinLowCb     user_charge.o
    0x1fffdfc0   0x1fffdfc0   0x000000f0   Code   RO         2495    i.print             my_printf.o
    0x1fffe0b0   0x1fffe0b0   0x0000002c   Code   RO         2497    i.printchar         my_printf.o
    0x1fffe0dc   0x1fffe0dc   0x00000092   Code   RO         2498    i.printi            my_printf.o
    0x1fffe16e   0x1fffe16e   0x00000070   Code   RO         2499    i.prints            my_printf.o
    0x1fffe1de   0x1fffe1de   0x0000004c   Code   RO          535    i.processBattLevel  command_center.o
    0x1fffe22a   COMPRESSED   0x00000002   PAD
    0x1fffe22c   0x1fffe22c   0x000000e0   Code   RO         3950    i.process_cmd       ota_app_service.o
    0x1fffe30c   0x1fffe30c   0x000002a4   Code   RO          536    i.protocol_uartCB_Handle  command_center.o
    0x1fffe5b0   0x1fffe5b0   0x00000056   Code   RO         1737    i.protocol_uart_GetBandrate  protocol_uart.o
    0x1fffe606   COMPRESSED   0x00000002   PAD
    0x1fffe608   0x1fffe608   0x00000068   Code   RO         1738    i.protocol_uart_Init  protocol_uart.o
    0x1fffe670   0x1fffe670   0x00000058   Code   RO         1739    i.protocol_uart_ProcessEvent  protocol_uart.o
    0x1fffe6c8   0x1fffe6c8   0x000000a8   Code   RO         1740    i.protocol_uart_evt_hdl  protocol_uart.o
    0x1fffe770   0x1fffe770   0x0000003c   Code   RO         1741    i.protocol_uart_wakeup_handle  protocol_uart.o
    0x1fffe7ac   0x1fffe7ac   0x000000a0   Code   RO         1025    i.pwmInit           light.o
    0x1fffe84c   0x1fffe84c   0x00000060   Code   RO         4296    i.rc32k_calibration  rf.lib(patch.o)
    0x1fffe8ac   0x1fffe8ac   0x00000040   Code   RO         4297    i.rc32k_calibration_check  rf.lib(patch.o)
    0x1fffe8ec   0x1fffe8ec   0x00000070   Code   RO         4298    i.rc32k_tracking_check  rf.lib(patch.o)
    0x1fffe95c   0x1fffe95c   0x00000012   Code   RO          813    i.reInitialLCD      display.o
    0x1fffe96e   COMPRESSED   0x00000002   PAD
    0x1fffe970   0x1fffe970   0x0000003c   Code   RO         1521    i.readDeviceInfo    user_flash.o
    0x1fffe9ac   0x1fffe9ac   0x00000078   Code   RO         1522    i.readExceptionStts  user_flash.o
    0x1fffea24   0x1fffea24   0x00000008   Code   RO         1523    i.readFlashData     user_flash.o
    0x1fffea2c   0x1fffea2c   0x0000003c   Code   RO         4417    i.read_chip_id      rf.lib(flash_ext.o)
    0x1fffea68   0x1fffea68   0x00000040   Code   RO         4418    i.read_chip_mAddr   rf.lib(flash_ext.o)
    0x1fffeaa8   0x1fffeaa8   0x000000ac   Code   RO          333    i.resetDeviceInfoParams  systems_parameters.o
    0x1fffeb54   0x1fffeb54   0x00000018   Code   RO          537    i.resetStoreConfigTime  command_center.o
    0x1fffeb6c   0x1fffeb6c   0x0000006c   Code   RO         3951    i.response          ota_app_service.o
    0x1fffebd8   0x1fffebd8   0x00000010   Code   RO          538    i.restartBattInfoCollection  command_center.o
    0x1fffebe8   0x1fffebe8   0x00000028   Code   RO         4299    i.rf_calibrate1     rf.lib(patch.o)
    0x1fffec10   0x1fffec10   0x000000f0   Code   RO         4339    i.rf_phy_ana_cfg    rf.lib(rf_phy_driver.o)
    0x1fffed00   0x1fffed00   0x00000120   Code   RO         4340    i.rf_phy_bb_cfg     rf.lib(rf_phy_driver.o)
    0x1fffee20   0x1fffee20   0x00000060   Code   RO         4341    i.rf_phy_change_cfg  rf.lib(rf_phy_driver.o)
    0x1fffee80   0x1fffee80   0x00000020   Code   RO         4358    i.rf_phy_ini        rf.lib(rf_phy_driver.o)
    0x1fffeea0   0x1fffeea0   0x00000034   Code   RO         4359    i.rf_phy_set_txPower  rf.lib(rf_phy_driver.o)
    0x1fffeed4   0x1fffeed4   0x00000110   Code   RO         4360    i.rf_rxDcoc_cfg     rf.lib(rf_phy_driver.o)
    0x1fffefe4   0x1fffefe4   0x0000004c   Code   RO         4363    i.rf_tpCal_gen_cap_arrary  rf.lib(rf_phy_driver.o)
    0x1ffff030   0x1ffff030   0x0000009c   Code   RO         4364    i.rf_tp_cal         rf.lib(rf_phy_driver.o)
    0x1ffff0cc   0x1ffff0cc   0x00000014   Code   RO         4117    i.rf_wakeup_handler  main.o
    0x1ffff0e0   0x1ffff0e0   0x0000001c   Code   RO         1700    i.sameByteCheck     user_utils.o
    0x1ffff0fc   0x1ffff0fc   0x00000024   Code   RO         1202    i.set2FlashMode1StyleA  user_lighteffect.o
    0x1ffff120   0x1ffff120   0x00000024   Code   RO         1203    i.set2FlashMode1StyleB  user_lighteffect.o
    0x1ffff144   0x1ffff144   0x00000038   Code   RO         1204    i.set2FlashMode1StyleC  user_lighteffect.o
    0x1ffff17c   0x1ffff17c   0x00000038   Code   RO         1205    i.set2FlashMode2StyleA  user_lighteffect.o
    0x1ffff1b4   0x1ffff1b4   0x00000038   Code   RO         1206    i.set2FlashMode2StyleB  user_lighteffect.o
    0x1ffff1ec   0x1ffff1ec   0x0000002c   Code   RO         1207    i.set2FlashMode2StyleC  user_lighteffect.o
    0x1ffff218   0x1ffff218   0x00000024   Code   RO         1208    i.set2SimulatonModeStyleA  user_lighteffect.o
    0x1ffff23c   0x1ffff23c   0x00000024   Code   RO         1209    i.set2SimulatonModeStyleB  user_lighteffect.o
    0x1ffff260   0x1ffff260   0x00000024   Code   RO         1210    i.set2SimulatonModeStyleC  user_lighteffect.o
    0x1ffff284   0x1ffff284   0x000000ec   Code   RO          539    i.setBattLevel      command_center.o
    0x1ffff370   0x1ffff370   0x00000020   Code   RO         1423    i.setBlueData       user_color.o
    0x1ffff390   0x1ffff390   0x0000000c   Code   RO         1424    i.setBlueDuty       user_color.o
    0x1ffff39c   0x1ffff39c   0x00000020   Code   RO         1425    i.setCoolData       user_color.o
    0x1ffff3bc   0x1ffff3bc   0x0000000c   Code   RO         1426    i.setCoolDuty       user_color.o
    0x1ffff3c8   0x1ffff3c8   0x00000020   Code   RO         1211    i.setFlashEffectPub  user_lighteffect.o
    0x1ffff3e8   0x1ffff3e8   0x00000020   Code   RO         1212    i.setGradualEffectPub  user_lighteffect.o
    0x1ffff408   0x1ffff408   0x00000020   Code   RO         1427    i.setGreenData      user_color.o
    0x1ffff428   0x1ffff428   0x0000000c   Code   RO         1428    i.setGreenDuty      user_color.o
    0x1ffff434   0x1ffff434   0x00000128   Code   RO         1213    i.setLEDFunc        user_lighteffect.o
    0x1ffff55c   0x1ffff55c   0x00000020   Code   RO         1429    i.setRedData        user_color.o
    0x1ffff57c   0x1ffff57c   0x0000000c   Code   RO         1430    i.setRedDuty        user_color.o
    0x1ffff588   0x1ffff588   0x0000000c   Code   RO         1104    i.setTemperature    temp.o
    0x1ffff594   0x1ffff594   0x00000024   Code   RO         1431    i.setWarmData       user_color.o
    0x1ffff5b8   0x1ffff5b8   0x00000088   Code   RO         2573    i.set_sampling_resolution  adc.o
    0x1ffff640   0x1ffff640   0x00000046   Code   RO          199    i.simpleProfileChangeCB  blesmartperipheral.o
    0x1ffff686   COMPRESSED   0x00000002   PAD
    0x1ffff688   0x1ffff688   0x00000030   Code   RO         4023    i.simpleProfile_HandleConnStatusCB  simplegattprofile.o
    0x1ffff6b8   0x1ffff6b8   0x0000010c   Code   RO         4024    i.simpleProfile_ReadAttrCB  simplegattprofile.o
    0x1ffff7c4   0x1ffff7c4   0x0000000c   Code   RO         4025    i.simpleProfile_Set_notify_status  simplegattprofile.o
    0x1ffff7d0   0x1ffff7d0   0x000000ec   Code   RO         4026    i.simpleProfile_WriteAttrCB  simplegattprofile.o
    0x1ffff8bc   0x1ffff8bc   0x00000038   Code   RO         4163    i.snv_calc_addr     osal_snv.o
    0x1ffff8f4   0x1ffff8f4   0x0000003c   Code   RO         4164    i.snvwr             osal_snv.o
    0x1ffff930   0x1ffff930   0x00000040   Code   RO         2851    i.spi_int_disable   spi.o
    0x1ffff970   0x1ffff970   0x00000060   Code   RO         2852    i.spi_int_enable    spi.o
    0x1ffff9d0   0x1ffff9d0   0x000000e8   Code   RO         2853    i.spi_int_handle    spi.o
    0x1ffffab8   0x1ffffab8   0x0000005c   Code   RO         2854    i.spis_int_handle   spi.o
    0x1ffffb14   0x1ffffb14   0x00000018   Code   RO          540    i.startCharging     command_center.o
    0x1ffffb2c   0x1ffffb2c   0x000000c4   Code   RO         1214    i.startLightEffect  user_lighteffect.o
    0x1ffffbf0   0x1ffffbf0   0x00000014   Code   RO          541    i.startLightEffectEvent  command_center.o
    0x1ffffc04   0x1ffffc04   0x00000030   Code   RO         1215    i.stepByStep        user_lighteffect.o
    0x1ffffc34   0x1ffffc34   0x00000028   Code   RO          542    i.stopCharging      command_center.o
    0x1ffffc5c   0x1ffffc5c   0x00000014   Code   RO          543    i.stopLightEffectEvent  command_center.o
    0x1ffffc70   0x1ffffc70   0x0000001c   Code   RO         1524    i.storeDeviceInfo   user_flash.o
    0x1ffffc8c   0x1ffffc8c   0x00000040   Code   RO         1525    i.storeExceptionStts  user_flash.o
    0x1ffffccc   0x1ffffccc   0x00000070   Code   RO         1584    i.storeSystemSetting  user_i2c.o
    0x1ffffd3c   0x1ffffd3c   0x00000024   Code   RO         2075    i.subWriteReg       common.o
    0x1ffffd60   0x1ffffd60   0x0000002c   Code   RO          814    i.switchArrow       display.o
    0x1ffffd8c   0x1ffffd8c   0x00000088   Code   RO         1645    i.switchSttsDectEvent  user_charge.o
    0x1ffffe14   0x1ffffe14   0x0000009c   Code   RO          334    i.systems_param_Get_param  systems_parameters.o
    0x1ffffeb0   0x1ffffeb0   0x000000d8   Code   RO          335    i.systems_param_Set_param  systems_parameters.o
    0x1fffff88   0x1fffff88   0x00000300   Code   RO          336    i.systems_parameters_Init  systems_parameters.o
    0x20000288   0x20000288   0x0000001c   Code   RO         1105    i.temp_RegisterCBs_Value  temp.o
    0x200002a4   0x200002a4   0x00000050   Code   RO         1106    i.temp_adc_evt      temp.o
    0x200002f4   0x200002f4   0x000000d4   Code   RO         1107    i.temp_adc_init     temp.o
    0x200003c8   0x200003c8   0x00000084   Code   RO         1108    i.temp_cal          temp.o
    0x2000044c   0x2000044c   0x0000000c   Code   RO         1109    i.temp_get_value    temp.o
    0x20000458   0x20000458   0x00000028   Code   RO         1110    i.temp_init         temp.o
    0x20000480   0x20000480   0x00000008   Code   RO         1111    i.temp_measure      temp.o
    0x20000488   0x20000488   0x00000038   Code   RO         1216    i.turnOffAllLightEffect  user_lighteffect.o
    0x200004c0   0x200004c0   0x00000010   Code   RO         1433    i.turnOffColorTempLamp  user_color.o
    0x200004d0   0x200004d0   0x00000016   Code   RO         1434    i.turnOffRGBLamp    user_color.o
    0x200004e6   COMPRESSED   0x00000002   PAD
    0x200004e8   0x200004e8   0x00000068   Code   RO         2420    i.txmit_buf_polling  uart.o
    0x20000550   0x20000550   0x00000080   Code   RO         2421    i.txmit_buf_use_tx_buf  uart.o
    0x200005d0   0x200005d0   0x000000bc   Code   RO         2422    i.uart_hw_config    uart.o
    0x2000068c   0x2000068c   0x00000074   Code   RO          817    i.updateArrowDisplay  display.o
    0x20000700   0x20000700   0x00000024   Code   RO          818    i.updateBLEDisplay  display.o
    0x20000724   0x20000724   0x00000048   Code   RO          819    i.updateBrightnessDisplay  display.o
    0x2000076c   0x2000076c   0x00000054   Code   RO         1435    i.updateColor       user_color.o
    0x200007c0   0x200007c0   0x000000f0   Code   RO         1026    i.updateColorTemp   light.o
    0x200008b0   0x200008b0   0x00000020   Code   RO          820    i.updateColorTempDisplay  display.o
    0x200008d0   0x200008d0   0x000001e8   Code   RO          337    i.updateDeviceDefaultInfo  systems_parameters.o
    0x20000ab8   0x20000ab8   0x000000f4   Code   RO          338    i.updateDeviceInfo2Flash  systems_parameters.o
    0x20000bac   0x20000bac   0x00000040   Code   RO          821    i.updateHotDisplay  display.o
    0x20000bec   0x20000bec   0x00000050   Code   RO          822    i.updateHuesDisplay  display.o
    0x20000c3c   0x20000c3c   0x00000016   Code   RO          823    i.updateLightEffectDisplay  display.o
    0x20000c52   COMPRESSED   0x00000002   PAD
    0x20000c54   0x20000c54   0x00000028   Code   RO         1436    i.updatePWMDuty     user_color.o
    0x20000c7c   0x20000c7c   0x00000060   Code   RO         1027    i.updateRGBLamp     light.o
    0x20000cdc   0x20000cdc   0x00000042   Code   RO          824    i.updateSaturationDisplay  display.o
    0x20000d1e   COMPRESSED   0x00000002   PAD
    0x20000d20   0x20000d20   0x0000000c   Code   RO          544    i.updateSystemStts  command_center.o
    0x20000d2c   0x20000d2c   0x0000000e   Code   RO         2574    i.usbAbsSubUint16   adc.o
    0x20000d3a   COMPRESSED   0x00000002   PAD
    0x20000d3c   0x20000d3c   0x0000007c   Code   RO         1585    i.userEepromRead    user_i2c.o
    0x20000db8   0x20000db8   0x0000008c   Code   RO         1586    i.userEepromWrite   user_i2c.o
    0x20000e44   0x20000e44   0x00000028   Code   RO         1587    i.userI2cInitial    user_i2c.o
    0x20000e6c   0x20000e6c   0x00000014   Code   RO          545    i.userIOInit        command_center.o
    0x20000e80   0x20000e80   0x0000005c   Code   RO         3029    i.userKeysAdapter   keys.o
    0x20000edc   0x20000edc   0x00000070   Code   RO         3030    i.userSupportLongModeAdapter  keys.o
    0x20000f4c   0x20000f4c   0x00000054   Code   RO         3031    i.userSupportQuickModeAdapter  keys.o
    0x20000fa0   0x20000fa0   0x00000098   Code   RO          546    i.versionDisplay    command_center.o
    0x20001038   0x20001038   0x00000018   Code   RO         1526    i.writeFlashData    user_flash.o
    0x20001050   0x20001050   0x00000034   Code   RO          825    i.write_cmd         display.o
    0x20001084   0x20001084   0x00000034   Code   RO          826    i.write_data        display.o
    0x200010b8   0x200010b8   0x00000030   Data   RO           53    .constdata          osal_blesmartperipheral.o
    0x200010e8   0x200010e8   0x00000001   Data   RO           54    .constdata          osal_blesmartperipheral.o
    0x200010e9   0x200010e9   0x000000c3   Data   RO          341    .constdata          systems_parameters.o
    0x200011ac   0x200011ac   0x00000c98   Data   RO          828    .constdata          display.o
    0x20001e44   0x20001e44   0x000000b0   Data   RO         1029    .constdata          light.o
    0x20001ef4   0x20001ef4   0x00000068   Data   RO         1112    .constdata          temp.o
    0x20001f5c   0x20001f5c   0x0000009e   Data   RO         1220    .constdata          user_lighteffect.o
    0x20001ffa   COMPRESSED   0x00000002   PAD
    0x20001ffc   0x20001ffc   0x00000194   Data   RO         1437    .constdata          user_color.o
    0x20002190   0x20002190   0x00000010   Data   RO         1743    .constdata          protocol_uart.o
    0x200021a0   0x200021a0   0x0000000c   Data   RO         2424    .constdata          uart.o
    0x200021ac   0x200021ac   0x00000002   Data   RO         3223    .constdata          battservice.o
    0x200021ae   0x200021ae   0x00000002   Data   RO         3225    .constdata          battservice.o
    0x200021b0   0x200021b0   0x00000002   Data   RO         3226    .constdata          battservice.o
    0x200021b2   COMPRESSED   0x00000002   PAD
    0x200021b4   0x200021b4   0x00000008   Data   RO         3227    .constdata          battservice.o
    0x200021bc   0x200021bc   0x0000000c   Data   RO         3228    .constdata          battservice.o
    0x200021c8   0x200021c8   0x00000002   Data   RO         3310    .constdata          devinfoservice.o
    0x200021ca   0x200021ca   0x00000002   Data   RO         3311    .constdata          devinfoservice.o
    0x200021cc   0x200021cc   0x00000002   Data   RO         3312    .constdata          devinfoservice.o
    0x200021ce   0x200021ce   0x00000002   Data   RO         3313    .constdata          devinfoservice.o
    0x200021d0   0x200021d0   0x00000002   Data   RO         3314    .constdata          devinfoservice.o
    0x200021d2   0x200021d2   0x00000002   Data   RO         3315    .constdata          devinfoservice.o
    0x200021d4   0x200021d4   0x00000002   Data   RO         3316    .constdata          devinfoservice.o
    0x200021d6   0x200021d6   0x00000002   Data   RO         3317    .constdata          devinfoservice.o
    0x200021d8   0x200021d8   0x00000002   Data   RO         3318    .constdata          devinfoservice.o
    0x200021da   0x200021da   0x00000002   Data   RO         3319    .constdata          devinfoservice.o
    0x200021dc   0x200021dc   0x00000008   Data   RO         3320    .constdata          devinfoservice.o
    0x200021e4   0x200021e4   0x0000000c   Data   RO         3321    .constdata          devinfoservice.o
    0x200021f0   0x200021f0   0x00000008   Data   RO         3368    .constdata          gapgattserver.o
    0x200021f8   0x200021f8   0x0000000c   Data   RO         3369    .constdata          gapgattserver.o
    0x20002204   0x20002204   0x00000008   Data   RO         3751    .constdata          gattservapp.o
    0x2000220c   0x2000220c   0x00000010   Data   RO         3952    .constdata          ota_app_service.o
    0x2000221c   0x2000221c   0x00000010   Data   RO         3953    .constdata          ota_app_service.o
    0x2000222c   0x2000222c   0x00000010   Data   RO         3954    .constdata          ota_app_service.o
    0x2000223c   0x2000223c   0x00000008   Data   RO         3955    .constdata          ota_app_service.o
    0x20002244   0x20002244   0x0000000c   Data   RO         3956    .constdata          ota_app_service.o
    0x20002250   0x20002250   0x00000002   Data   RO         4028    .constdata          simplegattprofile.o
    0x20002252   0x20002252   0x00000002   Data   RO         4029    .constdata          simplegattprofile.o
    0x20002254   0x20002254   0x00000002   Data   RO         4030    .constdata          simplegattprofile.o
    0x20002256   0x20002256   0x00000002   Data   RO         4031    .constdata          simplegattprofile.o
    0x20002258   0x20002258   0x00000002   Data   RO         4032    .constdata          simplegattprofile.o
    0x2000225a   0x2000225a   0x00000002   Data   RO         4033    .constdata          simplegattprofile.o
    0x2000225c   0x2000225c   0x00000002   Data   RO         4034    .constdata          simplegattprofile.o
    0x2000225e   COMPRESSED   0x00000002   PAD
    0x20002260   0x20002260   0x00000008   Data   RO         4035    .constdata          simplegattprofile.o
    0x20002268   0x20002268   0x0000000c   Data   RO         4036    .constdata          simplegattprofile.o
    0x20002274   0x20002274   0x00000050   Data   RO         4864    Region$$Table       anon$$obj.o
    0x200022c4   COMPRESSED   0x00000004   Data   RW           55    .data               osal_blesmartperipheral.o
    0x200022c8   COMPRESSED   0x00000010   Data   RW          200    .data               blesmartperipheral.o
    0x200022d8   COMPRESSED   0x0000000c   Data   RW          342    .data               systems_parameters.o
    0x200022e4   COMPRESSED   0x00000018   Data   RW          432    .data               battery.o
    0x200022fc   COMPRESSED   0x00000024   Data   RW          549    .data               command_center.o
    0x20002320   COMPRESSED   0x00000001   Data   RW          550    .data               command_center.o
    0x20002321   COMPRESSED   0x00000003   Data   RW          829    .data               display.o
    0x20002324   COMPRESSED   0x00000001   Data   RW         1031    .data               light.o
    0x20002325   COMPRESSED   0x00000003   PAD
    0x20002328   COMPRESSED   0x0000000e   Data   RW         1113    .data               temp.o
    0x20002336   COMPRESSED   0x00000002   PAD
    0x20002338   COMPRESSED   0x00000010   Data   RW         1222    .data               user_lighteffect.o
    0x20002348   COMPRESSED   0x00000004   Data   RW         1438    .data               user_color.o
    0x2000234c   COMPRESSED   0x00000004   Data   RW         1588    .data               user_i2c.o
    0x20002350   COMPRESSED   0x00000010   Data   RW         1646    .data               user_charge.o
    0x20002360   COMPRESSED   0x00000020   Data   RW         1701    .data               user_utils.o
    0x20002380   COMPRESSED   0x00000001   Data   RW         1744    .data               protocol_uart.o
    0x20002381   COMPRESSED   0x00000003   PAD
    0x20002384   COMPRESSED   0x00000008   Data   RW         1962    .data               pwrmgr.o
    0x2000238c   COMPRESSED   0x00000002   Data   RW         2502    .data               my_printf.o
    0x2000238e   COMPRESSED   0x0000000f   Data   RW         2576    .data               adc.o
    0x2000239d   COMPRESSED   0x00000001   Data   RW         2676    .data               pwm.o
    0x2000239e   COMPRESSED   0x00000012   Data   RW         3032    .data               keys.o
    0x200023b0   COMPRESSED   0x00000001   Data   RW         3229    .data               battservice.o
    0x200023b1   COMPRESSED   0x00000003   PAD
    0x200023b4   COMPRESSED   0x00000090   Data   RW         3230    .data               battservice.o
    0x20002444   COMPRESSED   0x00000001   Data   RW         3231    .data               battservice.o
    0x20002445   COMPRESSED   0x00000001   Data   RW         3232    .data               battservice.o
    0x20002446   COMPRESSED   0x00000008   Data   RW         3233    .data               battservice.o
    0x2000244e   COMPRESSED   0x00000001   Data   RW         3322    .data               devinfoservice.o
    0x2000244f   COMPRESSED   0x00000001   Data   RW         3323    .data               devinfoservice.o
    0x20002450   COMPRESSED   0x00000001   Data   RW         3324    .data               devinfoservice.o
    0x20002451   COMPRESSED   0x00000001   Data   RW         3325    .data               devinfoservice.o
    0x20002452   COMPRESSED   0x00000001   Data   RW         3326    .data               devinfoservice.o
    0x20002453   COMPRESSED   0x00000001   Data   RW         3327    .data               devinfoservice.o
    0x20002454   COMPRESSED   0x00000001   Data   RW         3328    .data               devinfoservice.o
    0x20002455   COMPRESSED   0x00000001   Data   RW         3329    .data               devinfoservice.o
    0x20002456   COMPRESSED   0x00000001   Data   RW         3330    .data               devinfoservice.o
    0x20002457   COMPRESSED   0x00000001   PAD
    0x20002458   COMPRESSED   0x00000130   Data   RW         3331    .data               devinfoservice.o
    0x20002588   COMPRESSED   0x00000080   Data   RW         3370    .data               gapgattserver.o
    0x20002608   COMPRESSED   0x00000001   Data   RW         3371    .data               gapgattserver.o
    0x20002609   COMPRESSED   0x00000001   Data   RW         3372    .data               gapgattserver.o
    0x2000260a   COMPRESSED   0x00000001   Data   RW         3373    .data               gapgattserver.o
    0x2000260b   COMPRESSED   0x00000001   PAD
    0x2000260c   COMPRESSED   0x00000061   Data   RW         3449    .data               peripheral.o
    0x2000266d   COMPRESSED   0x00000003   PAD
    0x20002670   COMPRESSED   0x00000024   Data   RW         3568    .data               gapbondmgr.o
    0x20002694   COMPRESSED   0x0000005c   Data   RW         3753    .data               gattservapp.o
    0x200026f0   COMPRESSED   0x00000001   Data   RW         3754    .data               gattservapp.o
    0x200026f1   COMPRESSED   0x00000001   Data   RW         3957    .data               ota_app_service.o
    0x200026f2   COMPRESSED   0x00000001   Data   RW         3958    .data               ota_app_service.o
    0x200026f3   COMPRESSED   0x00000001   Data   RW         3959    .data               ota_app_service.o
    0x200026f4   COMPRESSED   0x00000001   Data   RW         3960    .data               ota_app_service.o
    0x200026f5   COMPRESSED   0x00000003   PAD
    0x200026f8   COMPRESSED   0x00000070   Data   RW         3961    .data               ota_app_service.o
    0x20002768   COMPRESSED   0x00000174   Data   RW         4037    .data               simplegattprofile.o
    0x200028dc   COMPRESSED   0x00000001   Data   RW         4038    .data               simplegattprofile.o
    0x200028dd   COMPRESSED   0x0000000f   Data   RW         4039    .data               simplegattprofile.o
    0x200028ec   COMPRESSED   0x00000001   Data   RW         4040    .data               simplegattprofile.o
    0x200028ed   COMPRESSED   0x0000000f   Data   RW         4041    .data               simplegattprofile.o
    0x200028fc   COMPRESSED   0x00000001   Data   RW         4042    .data               simplegattprofile.o
    0x200028fd   COMPRESSED   0x00000011   Data   RW         4043    .data               simplegattprofile.o
    0x2000290e   COMPRESSED   0x00000001   Data   RW         4044    .data               simplegattprofile.o
    0x2000290f   COMPRESSED   0x0000000c   Data   RW         4045    .data               simplegattprofile.o
    0x2000291b   COMPRESSED   0x00000001   Data   RW         4046    .data               simplegattprofile.o
    0x2000291c   COMPRESSED   0x0000000c   Data   RW         4047    .data               simplegattprofile.o
    0x20002928   COMPRESSED   0x00000001   Data   RW         4048    .data               simplegattprofile.o
    0x20002929   COMPRESSED   0x00000012   Data   RW         4049    .data               simplegattprofile.o
    0x2000293b   COMPRESSED   0x00000001   PAD
    0x2000293c   COMPRESSED   0x00000004   Data   RW         4251    .data               system_armcm0.o
    0x20002940   COMPRESSED   0x00000018   Data   RW         4308    .data               rf.lib(patch.o)
    0x20002958   COMPRESSED   0x00000001   Data   RW         4309    .data               rf.lib(patch.o)
    0x20002959   COMPRESSED   0x00000007   Data   RW         4420    .data               rf.lib(flash_ext.o)
    0x20002960   COMPRESSED   0x00000004   Data   RW         4838    .data               mc_p.l(stdout.o)
    0x20002964   COMPRESSED   0x00000004   Data   RW         4847    .data               mc_p.l(mvars.o)
    0x20002968   COMPRESSED   0x00000004   Data   RW         4848    .data               mc_p.l(mvars.o)
    0x2000296c        -       0x000000a2   Zero   RW          339    .bss                systems_parameters.o
    0x20002a0e        -       0x0000000c   Zero   RW          340    .bss                systems_parameters.o
    0x20002a1a   COMPRESSED   0x00000002   PAD
    0x20002a1c        -       0x00000034   Zero   RW          547    .bss                command_center.o
    0x20002a50        -       0x0000001c   Zero   RW          827    .bss                display.o
    0x20002a6c        -       0x00000024   Zero   RW         1028    .bss                light.o
    0x20002a90        -       0x0000006c   Zero   RW         1218    .bss                user_lighteffect.o
    0x20002afc        -       0x00000014   Zero   RW         1219    .bss                user_lighteffect.o
    0x20002b10        -       0x0000008e   Zero   RW         1527    .bss                user_flash.o
    0x20002b9e        -       0x0000040a   Zero   RW         1742    .bss                protocol_uart.o
    0x20002fa8        -       0x00000078   Zero   RW         1961    .bss                pwrmgr.o
    0x20003020        -       0x000001c8   Zero   RW         2221    .bss                gpio.o
    0x200031e8        -       0x00000020   Zero   RW         2423    .bss                uart.o
    0x20003208        -       0x00000078   Zero   RW         2501    .bss                my_printf.o
    0x20003280        -       0x00000028   Zero   RW         2575    .bss                adc.o
    0x200032a8        -       0x00000044   Zero   RW         2675    .bss                pwm.o
    0x200032ec        -       0x00000058   Zero   RW         2855    .bss                spi.o
    0x20003344        -       0x00000010   Zero   RW         3309    .bss                devinfoservice.o
    0x20003354        -       0x00000016   Zero   RW         3367    .bss                gapgattserver.o
    0x2000336a        -       0x0000003f   Zero   RW         3448    .bss                peripheral.o
    0x200033a9   COMPRESSED   0x00000001   PAD
    0x200033aa        -       0x000000a6   Zero   RW         3567    .bss                gapbondmgr.o
    0x20003450        -       0x000002e8   Zero   RW         3750    .bss                gattservapp.o
    0x20003738        -       0x00000c00   Zero   RW         4027    .bss                simplegattprofile.o
    0x20004338        -       0x00001800   Zero   RW         4118    .bss                main.o
    0x20005b38        -       0x00000010   Zero   RW         4303    .bss                rf.lib(patch.o)
    0x20005b48        -       0x00000041   Zero   RW         4419    .bss                rf.lib(flash_ext.o)
    0x20005b89   COMPRESSED   0x00000007   PAD
    0x20005b90        -       0x00000100   Zero   RW         4241    HEAP                startup_armcm0.o
    0x20005c90        -       0x00000800   Zero   RW         4240    STACK               startup_armcm0.o



  Load Region LR_IROM2 (Base: 0x1fff0800, Size: 0x00000800, Max: 0x00000800, ABSOLUTE, COMPRESSED[0x0000040c])

    Execution Region JUMP_TABLE (Exec base: 0x1fff0800, Load base: 0x1fff0800, Size: 0x00000400, Max: 0x00000400, ABSOLUTE)

    Exec Addr    Load Addr    Size         Type   Attr      Idx    E Section Name        Object

    0x1fff0800   0x1fff0800   0x00000400   Data   RO         4209    jump_table_mem_area  jump_table.o


    Execution Region GOLBAL_CONFIG (Exec base: 0x1fff0c00, Load base: 0x1fff0c00, Size: 0x00000400, Max: 0x00000400, ABSOLUTE, COMPRESSED[0x0000000c])

    Exec Addr    Load Addr    Size         Type   Attr      Idx    E Section Name        Object

    0x1fff0c00   COMPRESSED   0x00000400   Data   RW         4208    global_config_area  jump_table.o


==============================================================================

Image component sizes


      Code (inc. data)   RO Data    RW Data    ZI Data      Debug   Object Name

      1710        186          0         15         40      21658   adc.o
       760        200          0         24          0       7717   battery.o
       348         60         26        155          0      11053   battservice.o
       896         88          0         16          0      12164   blesmartperipheral.o
        20          0          0          0          0      12443   blesmartperipheral_main.o
       266         34          0          0          0       3391   clock.o
      8106        840          0         37         52      38173   command_center.o
       370         54          0          0          0       4503   common.o
       160         20         40        313         16       3255   devinfoservice.o
      2416        102       3224          3         28      21517   display.o
       436         52          0          0          0       4099   flash.o
        62         12          0          0          0       1121   gap.o
       630         16          0         36        166       8554   gapbondmgr.o
       678         44         20        131         22       5588   gapgattserver.o
      3466        182          8         93        744      28291   gattservapp.o
      1388        136          0          0        456      23500   gpio.o
       686        112          0          0          0       8859   i2c.o
        64         34       1024       1024          0       1600   jump_table.o
       672         42          0         18          0       6687   keys.o
      1552        136        176          1         36       7709   light.o
       292         44          0          0       6144       2940   main.o
       604         26          0          2        120       6356   my_printf.o
       128          6         49          4          0      74149   osal_blesmartperipheral.o
       280         14          0          0          0       3325   osal_snv.o
       888        258         68        116          0       7414   ota_app_service.o
      2016        178          0         97         63      11660   peripheral.o
       506         56         16          1       1034      14577   protocol_uart.o
       636         54          0          1         68       6104   pwm.o
       532         66          0          8        120       7524   pwrmgr.o
       908        138         34        467       3072       8647   simplegattprofile.o
      1394        116          0          0         88      19088   spi.o
        28          8        192          0       2304        604   startup_armcm0.o
        16          8          0          4          0        639   system_armcm0.o
      2208        128        195         12        174      17753   systems_parameters.o
       524        136        104         14          0       4835   temp.o
       852         82         12          0         32      14970   uart.o
       484         42          0         16          0       4369   user_charge.o
      1002        116        404          4          0       7891   user_color.o
       304         22          0          0        142       4772   user_flash.o
       660         76          0          4          0       6449   user_i2c.o
      3412        522        158         16        128      22268   user_lighteffect.o
       164         14          0         32          0       2532   user_utils.o

    ----------------------------------------------------------------------
     43652       4820       5836       2684      15052     480748   Object Totals
      1080        360         80          0          0          0   (incl. Generated)
        48          0          6         20          3          0   (incl. Padding)

    ----------------------------------------------------------------------

      Code (inc. data)   RO Data    RW Data    ZI Data      Debug   Library Member Name

        86          0          0          0          0          0   __dczerorl2.o
         0          0          0          0          0          0   entry.o
         0          0          0          0          0          0   entry10a.o
         0          0          0          0          0          0   entry11a.o
         8          4          0          0          0          0   entry2.o
         4          0          0          0          0          0   entry5.o
         0          0          0          0          0          0   entry7b.o
         0          0          0          0          0          0   entry8b.o
         8          4          0          0          0          0   entry9a.o
        18          0          0          0          0         72   fputc.o
        30          0          0          0          0          0   handlers.o
        36          8          0          0          0         68   init.o
         0          0          0          0          0          0   iusefp.o
         0          0          0          0          0          0   iusesemip.o
        32          0          0          0          0         68   llshl.o
        38          0          0          0          0         68   llsshr.o
        34          0          0          0          0         68   llushr.o
       192         20          0          0          0        144   malloc.o
        26          0          0          0          0         72   memcmp.o
        36          0          0          0          0         60   memcpya.o
        36          0          0          0          0        100   memseta.o
         0          0          0          8          0          0   mvars.o
      1222         56          0          0          0        468   printf8.o
         0          0          0          0          0          0   semi.o
         0          0          0          4          0          0   stdout.o
        96          0          0          0          0         84   uldiv.o
        20          0          0          0          0         60   uread4.o
        20          0          0          0          0         68   cfcmple.o
        20          0          0          0          0         68   cfrcmple.o
        56          0          0          0          0         68   d2f.o
       356          4          0          0          0        140   dadd.o
       240          6          0          0          0         84   ddiv.o
       236          0          0          0          0        216   depilogue.o
        60         10          0          0          0         68   dfixui.o
        40          6          0          0          0         68   dflti.o
        28          4          0          0          0         68   dfltui.o
       208          6          0          0          0         88   dmul.o
        44          0          0          0          0         72   dscalb.o
        40          0          0          0          0         60   f2d.o
       178          0          0          0          0        108   fadd.o
       124          0          0          0          0         72   fdiv.o
       130          0          0          0          0        144   fepilogue.o
        40          0          0          0          0         60   ffixui.o
        22          0          0          0          0         68   fflti.o
        14          0          0          0          0         68   ffltui.o
       122          0          0          0          0         72   fmul.o
        24          0          0          0          0         60   fscalb.o
       648         52          0          7         65        688   flash_ext.o
      1742        282          0         25         16        744   patch.o
      1212        318          0          0          0        572   rf_phy_driver.o

    ----------------------------------------------------------------------
      7540        780          0         44         88       5056   Library Totals
        14          0          0          0          7          0   (incl. Padding)

    ----------------------------------------------------------------------

      Code (inc. data)   RO Data    RW Data    ZI Data      Debug   Library Name

      1922         92          0         12          0       1332   mc_p.l
      2002         36          0          0          0       1720   mf_p.l
      3602        652          0         32         81       2004   rf.lib

    ----------------------------------------------------------------------
      7540        780          0         44         88       5056   Library Totals

    ----------------------------------------------------------------------

==============================================================================


      Code (inc. data)   RO Data    RW Data    ZI Data      Debug   

     51192       5600       5836       2728      15140     466036   Grand Totals
     51192       5600       5836        588      15140     466036   ELF Image Totals (compressed)
     51192       5600       5836        588          0          0   ROM Totals

==============================================================================

    Total RO  Size (Code + RO Data)                57028 (  55.69kB)
    Total RW  Size (RW Data + ZI Data)             17868 (  17.45kB)
    Total ROM Size (Code + RO Data + RW Data)      57616 (  56.27kB)

==============================================================================

